api_lib.c:118:1:netconn_apimsg	8	static
api_lib.c:677:1:netconn_tcp_recvd_msg	8	static
api_lib.c:1089:1:netconn_close_shutdown	40	static
api_lib.c:149:1:netconn_new_with_proto_and_callback	48	static
api_lib.c:192:1:netconn_prepare_delete	40	static
api_lib.c:233:1:netconn_delete	16	static
api_lib.c:269:1:netconn_getaddr	40	static
api_lib.c:307:1:netconn_bind	40	static
api_lib.c:351:1:netconn_bind_if	40	static
api_lib.c:377:1:netconn_connect	40	static
api_lib.c:409:1:netconn_disconnect	40	static
api_lib.c:434:1:netconn_listen_with_backlog	40	static
api_lib.c:689:1:netconn_tcp_recvd	40	static
api_lib.c:941:1:netconn_send	40	static
api_lib.c:922:1:netconn_sendto	8	static
api_lib.c:997:1:netconn_write_vectors_partly	56	static
api_lib.c:974:1:netconn_write_partly	24	static
api_lib.c:1125:1:netconn_close	8	static
api_lib.c:1139:1:netconn_err	16	static
api_lib.c:471:1:netconn_accept	32	static
api_lib.c:579:1:netconn_recv_data	32	static
api_lib.c:822:1:netconn_recv_udp_raw_netbuf	8	static
api_lib.c:842:1:netconn_recv_udp_raw_netbuf_flags	8	static
api_lib.c:703:1:netconn_recv_data_tcp	56	static
api_lib.c:782:1:netconn_recv_tcp_pbuf	8	static
api_lib.c:803:1:netconn_recv_tcp_pbuf_flags	8	static
api_lib.c:860:1:netconn_recv	24	static
api_lib.c:1163:1:netconn_shutdown	8	static
