netifapi.c:137:1:netifapi_do_netif_common	8	static
netifapi.c:61:1:netifapi_do_netif_add	32	static
netifapi.c:87:1:netifapi_do_netif_set_addr	8	static
netifapi.c:105:1:netifapi_do_name_to_index	8	static
netifapi.c:119:1:netifapi_do_index_to_name	8	static
netifapi.c:163:1:netifapi_arp_add	16	static
netifapi.c:193:1:netifapi_arp_remove	16	static
netifapi.c:222:1:netifapi_netif_add	40	static
netifapi.c:267:1:netifapi_netif_set_addr	40	static
netifapi.c:303:1:netifapi_netif_common	40	static
netifapi.c:327:1:netifapi_netif_name_to_index	40	static
netifapi.c:359:1:netifapi_netif_index_to_name	40	static
