wf200_host.c:45:13:wf200_host_init	8	static
wf200_host.c:54:13:wf200_host_get_firmware_data	4	static
wf200_host.c:61:13:wf200_host_get_firmware_size	0	static
wf200_host.c:71:13:wf200_host_deinit	0	static
wf200_host.c:77:13:wf200_host_reset_chip	8	static
wf200_host.c:88:13:wf200_host_hold_in_reset	8	static
wf200_host.c:94:13:wf200_host_set_wake_up_pin	8	static
wf200_host.c:107:13:wf200_host_wait_for_wake_up	8	static
wf200_host.c:113:13:wf200_host_wait_for_confirmation	24	static
wf200_host.c:137:13:wf200_host_wait	8	static
wf200_host.c:239:13:wf200_host_allocate_buffer	8	static
wf200_host.c:247:13:wf200_host_free_buffer	8	static
wf200_host.c:255:13:wf200_host_transmit_frame	8	static
wf200_host.c:260:13:wf200_host_setup_waited_event	0	static
wf200_host.c:269:6:wf200_scan_result_callback	56	static
wf200_host.c:287:6:wf200_scan_complete_callback	0	static
wf200_host.c:294:6:wf200_connect_callback	8	static
wf200_host.c:307:6:wf200_disconnect_callback	8	static
wf200_host.c:315:6:wf200_start_ap_callback	8	static
wf200_host.c:328:6:wf200_stop_ap_callback	8	static
wf200_host.c:336:6:wf200_client_connected_callback	8	static
wf200_host.c:343:6:wf200_ap_client_disconnected_callback	8	static
wf200_host.c:350:6:wf200_generic_status_callback	8	static
wf200_host.c:143:13:wf200_host_post_event	24	static
