wf200_host_sdio.c:116:17:SDMMC_GetCmdResp	0	static
wf200_host_sdio.c:190:13:SDIO_transmit_cplt	0	static
wf200_host_sdio.c:195:13:SDIO_receive_cplt	0	static
wf200_host_sdio.c:339:17:sdio_optimal_block_size	0	static
wf200_host_sdio.c:367:13:MX_SDIO_Init	56	static
wf200_host_sdio.c:385:13:MX_SDIO_DeInit	8	static
wf200_host_sdio.c:57:13:wf200_host_sdio_enable_high_speed_mode	56	static
wf200_host_sdio.c:72:13:wf200_host_init_bus	8	static
wf200_host_sdio.c:110:13:wf200_host_deinit_bus	8	static
wf200_host_sdio.c:149:13:wf200_host_sdio_transfer_cmd52	48	static
wf200_host_sdio.c:203:13:wf200_host_sdio_read_cmd53	72	static
wf200_host_sdio.c:253:13:wf200_host_sdio_write_cmd53	72	static
wf200_host_sdio.c:304:13:wf200_host_sdio_transfer_cmd53	24	static
wf200_host_sdio.c:327:13:wf200_host_enable_platform_interrupt	0	static
wf200_host_sdio.c:333:13:wf200_host_disable_platform_interrupt	0	static
