dhcp.c:1417:1:dhcp_set_state	0	static
dhcp.c:1452:1:dhcp_option_short	16	static
dhcp.c:1432:1:dhcp_option	24	static
dhcp.c:1444:1:dhcp_option_byte	16	static
dhcp.c:1461:1:dhcp_option_long	16	static
dhcp.c:1874:1:dhcp_create_msg	32	static
dhcp.c:599:1:dhcp_handle_ack	8	static
dhcp.c:1960:1:dhcp_option_trailer	16	static
dhcp.c:1206:1:dhcp_rebind	40	static
dhcp.c:573:1:dhcp_t2_timeout	8	static
dhcp.c:1260:1:dhcp_reboot	40	static
dhcp.c:366:1:dhcp_select	40	static
dhcp.c:332:1:dhcp_handle_offer	16	static
dhcp.c:981:1:dhcp_discover	40	static
dhcp.c:935:1:dhcp_decline	40	static
dhcp.c:303:1:dhcp_check	16	static
dhcp.c:1040:1:dhcp_bind	24	static
dhcp.c:277:1:dhcp_handle_nak	8	static
dhcp.c:253:1:dhcp_dec_pcb_refcount	8	static
dhcp.c:226:1:dhcp_inc_pcb_refcount	16	static
dhcp.c:1507:1:dhcp_parse_reply	64	static
dhcp.c:1754:1:dhcp_recv	16	static
dhcp.c:690:1:dhcp_set_struct	16	static
dhcp.c:712:6:dhcp_cleanup	8	static
dhcp.c:814:1:dhcp_inform	80	static
dhcp.c:858:1:dhcp_network_changed	16	static
dhcp.c:903:1:dhcp_arp_reply	8	static
dhcp.c:1150:1:dhcp_renew	40	static
dhcp.c:546:1:dhcp_t1_timeout	8	static
dhcp.c:1980:1:dhcp_supplied_address	0	static
dhcp.c:1318:1:dhcp_release_and_stop	40	static
dhcp.c:737:1:dhcp_start	16	static
dhcp.c:430:1:dhcp_coarse_tmr	8	static
dhcp.c:499:1:dhcp_timeout	8	static
dhcp.c:468:1:dhcp_fine_tmr	8	static
dhcp.c:1394:1:dhcp_release	8	static
dhcp.c:1406:1:dhcp_stop	8	static
