etharp.c:168:1:etharp_free_entry	8	static
etharp.c:256:1:etharp_find_entry	48	static
etharp.c:422:1:etharp_update_arp_entry	32	static
etharp.c:1101:1:etharp_raw	40	static
etharp.c:1181:1:etharp_request_dst	32	static
etharp.c:503:1:etharp_add_static_entry	16	static
etharp.c:529:1:etharp_remove_static_entry	8	static
etharp.c:559:1:etharp_cleanup_netif	16	static
etharp.c:583:1:etharp_find_addr	24	static
etharp.c:612:1:etharp_get_entry	24	static
etharp.c:641:1:etharp_input	48	static
etharp.c:1198:1:etharp_request	8	static
etharp.c:197:1:etharp_tmr	8	static
etharp.c:748:1:etharp_output_to_arp_index	24	static
etharp.c:933:1:etharp_query	40	static
etharp.c:791:1:etharp_output	40	static
