wf200.c:932:20:wf200_init_chip	16	static
wf200.c:1206:20:poll_for_value	32	static
wf200.c:998:20:wf200_download_run_bootloader	16	static
wf200.c:1240:20:wf200_compare_keysets	16	static
wf200.c:1036:20:wf200_download_run_firmware	40	static
wf200.c:753:20:wf200_send_request	8	static
wf200.c:235:13:wf200_send_join_command	40	static
wf200.c:390:13:wf200_send_ethernet_frame	16	static
wf200.c:430:13:wf200_send_scan_command	56	static
wf200.c:516:13:wf200_get_signal_strength	24	static
wf200.c:631:13:wf200_send_configuration	32	static
wf200.c:709:13:wf200_send_command	40	static
wf200.c:213:13:wf200_set_mac_address	16	static
wf200.c:290:13:wf200_send_disconnect_command	8	static
wf200.c:310:13:wf200_start_ap_command	136	static
wf200.c:356:13:wf200_update_ap_command	24	static
wf200.c:375:13:wf200_stop_ap_command	8	static
wf200.c:505:13:wf200_send_stop_scan_command	8	static
wf200.c:552:13:wf200_disconnect_ap_client_command	16	static
wf200.c:572:13:wf200_set_power_mode	16	static
wf200.c:592:13:wf200_add_multicast_address	16	static
wf200.c:608:13:wf200_set_max_ap_client	16	static
wf200.c:770:13:wf200_receive_frame	24	static
wf200.c:825:13:wf200_enable_irq	16	static
wf200.c:852:13:wf200_disable_irq	16	static
wf200.c:877:13:wf200_set_access_mode_message	16	static
wf200.c:96:13:wf200_init	24	static
wf200.c:900:13:wf200_set_wake_up_bit	16	static
wf200.c:675:13:wf200_shutdown	16	static
wf200.c:183:13:wf200_deinit	8	static
wf200.c:1269:13:wf200_set_antenna_config	48	static
wf200.c:1301:13:wf200_get_hardware_revision_and_type	24	static
wf200.c:1318:13:wf200_get_opn	0	static
