netif.c:523:1:netif_do_set_netmask	0	static
netif.c:587:1:netif_do_set_gw	0	static
netif.c:1619:1:netif_null_output_ip4	0	static
netif.c:442:1:netif_do_ip_addr_changed	16	static
netif.c:875:1:netif_issue_reports	16	static
netif.c:457:1:netif_do_set_ipaddr	24	static
netif.c:177:1:netif_init	0	static
netif.c:217:1:netif_input	16	static
netif.c:500:1:netif_set_ipaddr	16	static
netif.c:560:1:netif_set_netmask	8	static
netif.c:621:1:netif_set_gw	8	static
netif.c:658:1:netif_set_addr	32	static
netif.c:276:1:netif_add	16	static
netif.c:239:1:netif_add_noaddr	24	static
netif.c:822:1:netif_set_default	0	static
netif.c:844:1:netif_set_up	8	static
netif.c:919:1:netif_set_down	8	static
netif.c:737:1:netif_remove	8	static
netif.c:988:1:netif_set_link_up	8	static
netif.c:1026:1:netif_set_link_down	8	static
netif.c:1051:1:netif_set_link_callback	0	static
netif.c:1676:1:netif_get_by_index	0	static
netif.c:1656:1:netif_index_to_name	16	static
netif.c:1701:1:netif_find	8	static
netif.c:1637:1:netif_name_to_index	8	static
