pbuf.c:179:1:pbuf_init_alloced_pbuf	4	static
pbuf.c:1152:1:pbuf_skip_const	0	static
pbuf.c:473:1:pbuf_add_header_impl	16	static
pbuf.c:327:1:pbuf_alloc_reference	32	static
pbuf.c:363:1:pbuf_alloced_custom	24	static
pbuf.c:551:1:pbuf_add_header	8	static
pbuf.c:561:1:pbuf_add_header_force	8	static
pbuf.c:582:1:pbuf_remove_header	16	static
pbuf.c:616:1:pbuf_header_impl	8	static
pbuf.c:646:1:pbuf_header	8	static
pbuf.c:656:1:pbuf_header_force	8	static
pbuf.c:725:1:pbuf_free	24	static
pbuf.c:224:1:pbuf_alloc	40	static
pbuf.c:402:1:pbuf_realloc	16	static
pbuf.c:671:1:pbuf_free_header	16	static
pbuf.c:809:1:pbuf_clen	0	static
pbuf.c:829:1:pbuf_ref	8	static
pbuf.c:853:1:pbuf_cat	16	static
pbuf.c:895:1:pbuf_chain	8	static
pbuf.c:912:1:pbuf_dechain	16	static
pbuf.c:961:1:pbuf_copy	24	static
pbuf.c:1027:1:pbuf_copy_partial	24	static
pbuf.c:1074:1:pbuf_get_contiguous	24	static
pbuf.c:1178:1:pbuf_skip	8	static
pbuf.c:1196:1:pbuf_take	32	static
pbuf.c:1240:1:pbuf_take_at	32	static
pbuf.c:1306:1:pbuf_clone	16	static
pbuf.c:1278:1:pbuf_coalesce	16	static
pbuf.c:1389:1:pbuf_try_get_at	16	static
pbuf.c:1371:1:pbuf_get_at	8	static
pbuf.c:1411:1:pbuf_put_at	16	static
pbuf.c:1434:1:pbuf_memcmp	24	static
pbuf.c:1476:1:pbuf_memfind	24	static
pbuf.c:1503:1:pbuf_strstr	16	static
