stm32f4xx_hal_spi.c:3148:13:SPI_AbortRx_ISR	8	static
stm32f4xx_hal_spi.c:3183:13:SPI_AbortTx_ISR	0	static
stm32f4xx_hal_spi.c:2906:26:SPI_WaitFlagStateUntilTimeout	24	static
stm32f4xx_hal_spi.c:2953:26:SPI_CheckFlag_BSY	16	static
stm32f4xx_hal_spi.c:377:13:HAL_SPI_MspInit	0	static
stm32f4xx_hal_spi.c:261:19:HAL_SPI_Init	8	static
stm32f4xx_hal_spi.c:392:13:HAL_SPI_MspDeInit	0	static
stm32f4xx_hal_spi.c:343:19:HAL_SPI_DeInit	8	static
stm32f4xx_hal_spi.c:447:19:HAL_SPI_Transmit	40	static
stm32f4xx_hal_spi.c:814:19:HAL_SPI_TransmitReceive	48	static
stm32f4xx_hal_spi.c:617:19:HAL_SPI_Receive	32	static
stm32f4xx_hal_spi.c:1037:19:HAL_SPI_Transmit_IT	0	static
stm32f4xx_hal_spi.c:1219:19:HAL_SPI_TransmitReceive_IT	8	static
stm32f4xx_hal_spi.c:1127:19:HAL_SPI_Receive_IT	16	static
stm32f4xx_hal_spi.c:1305:19:HAL_SPI_Transmit_DMA	8	static
stm32f4xx_hal_spi.c:1495:19:HAL_SPI_TransmitReceive_DMA	16	static
stm32f4xx_hal_spi.c:1398:19:HAL_SPI_Receive_DMA	16	static
stm32f4xx_hal_spi.c:1617:19:HAL_SPI_Abort	24	static
stm32f4xx_hal_spi.c:1860:19:HAL_SPI_DMAPause	0	static
stm32f4xx_hal_spi.c:1880:19:HAL_SPI_DMAResume	0	static
stm32f4xx_hal_spi.c:1900:19:HAL_SPI_DMAStop	8	static
stm32f4xx_hal_spi.c:2027:13:HAL_SPI_TxCpltCallback	0	static
stm32f4xx_hal_spi.c:2042:13:HAL_SPI_RxCpltCallback	0	static
stm32f4xx_hal_spi.c:2057:13:HAL_SPI_TxRxCpltCallback	0	static
stm32f4xx_hal_spi.c:2072:13:HAL_SPI_TxHalfCpltCallback	0	static
stm32f4xx_hal_spi.c:2381:13:SPI_DMAHalfTransmitCplt	8	static
stm32f4xx_hal_spi.c:2087:13:HAL_SPI_RxHalfCpltCallback	0	static
stm32f4xx_hal_spi.c:2394:13:SPI_DMAHalfReceiveCplt	8	static
stm32f4xx_hal_spi.c:2102:13:HAL_SPI_TxRxHalfCpltCallback	0	static
stm32f4xx_hal_spi.c:2407:13:SPI_DMAHalfTransmitReceiveCplt	8	static
stm32f4xx_hal_spi.c:2117:14:HAL_SPI_ErrorCallback	0	static
stm32f4xx_hal_spi.c:3093:13:SPI_CloseTx_ISR	16	static
stm32f4xx_hal_spi.c:2852:13:SPI_TxISR_8BIT	8	static
stm32f4xx_hal_spi.c:2876:13:SPI_TxISR_16BIT	8	static
stm32f4xx_hal_spi.c:3044:13:SPI_CloseRx_ISR	16	static
stm32f4xx_hal_spi.c:2763:13:SPI_RxISR_8BIT	8	static
stm32f4xx_hal_spi.c:2819:13:SPI_RxISR_16BIT	8	static
stm32f4xx_hal_spi.c:2970:13:SPI_CloseRxTx_ISR	16	static
stm32f4xx_hal_spi.c:2616:13:SPI_2linesTxISR_8BIT	8	static
stm32f4xx_hal_spi.c:2555:13:SPI_2linesRxISR_8BIT	8	static
stm32f4xx_hal_spi.c:2707:13:SPI_2linesTxISR_16BIT	8	static
stm32f4xx_hal_spi.c:2649:13:SPI_2linesRxISR_16BIT	8	static
stm32f4xx_hal_spi.c:2420:13:SPI_DMAError	8	static
stm32f4xx_hal_spi.c:2206:13:SPI_DMATransmitCplt	24	static
stm32f4xx_hal_spi.c:2250:13:SPI_DMAReceiveCplt	8	static
stm32f4xx_hal_spi.c:2317:13:SPI_DMATransmitReceiveCplt	16	static
stm32f4xx_hal_spi.c:1931:6:HAL_SPI_IRQHandler	24	static
stm32f4xx_hal_spi.c:2438:13:SPI_DMAAbortOnError	8	static
stm32f4xx_hal_spi.c:2134:13:HAL_SPI_AbortCpltCallback	0	static
stm32f4xx_hal_spi.c:1714:19:HAL_SPI_Abort_IT	24	static
stm32f4xx_hal_spi.c:2510:13:SPI_DMARxAbortCallback	16	static
stm32f4xx_hal_spi.c:2455:13:SPI_DMATxAbortCallback	16	static
stm32f4xx_hal_spi.c:2169:22:HAL_SPI_GetState	0	static
stm32f4xx_hal_spi.c:2181:10:HAL_SPI_GetError	0	static
