stm32f4xx_hal_mmc.c:2193:13:MMC_DMATransmitCplt	0	static
stm32f4xx_hal_mmc.c:2481:26:MMC_PowerOFF	8	static
stm32f4xx_hal_mmc.c:2524:26:MMC_Read_IT	16	static
stm32f4xx_hal_mmc.c:2548:26:MMC_Write_IT	16	static
stm32f4xx_hal_mmc.c:2496:17:MMC_SendStatus	16	static
stm32f4xx_hal_mmc.c:352:19:HAL_MMC_InitCard	56	static
stm32f4xx_hal_mmc.c:420:13:HAL_MMC_MspInit	0	static
stm32f4xx_hal_mmc.c:303:19:HAL_MMC_Init	8	static
stm32f4xx_hal_mmc.c:435:13:HAL_MMC_MspDeInit	0	static
stm32f4xx_hal_mmc.c:389:19:HAL_MMC_DeInit	8	static
stm32f4xx_hal_mmc.c:476:19:HAL_MMC_ReadBlocks	56	static
stm32f4xx_hal_mmc.c:664:19:HAL_MMC_WriteBlocks	56	static
stm32f4xx_hal_mmc.c:838:19:HAL_MMC_ReadBlocks_IT	40	static
stm32f4xx_hal_mmc.c:940:19:HAL_MMC_WriteBlocks_IT	48	static
stm32f4xx_hal_mmc.c:1043:19:HAL_MMC_ReadBlocks_DMA	48	static
stm32f4xx_hal_mmc.c:1161:19:HAL_MMC_WriteBlocks_DMA	48	static
stm32f4xx_hal_mmc.c:1276:19:HAL_MMC_Erase	16	static
stm32f4xx_hal_mmc.c:1594:22:HAL_MMC_GetState	0	static
stm32f4xx_hal_mmc.c:1605:10:HAL_MMC_GetError	0	static
stm32f4xx_hal_mmc.c:1615:14:HAL_MMC_TxCpltCallback	0	static
stm32f4xx_hal_mmc.c:1630:13:HAL_MMC_RxCpltCallback	0	static
stm32f4xx_hal_mmc.c:1645:13:HAL_MMC_ErrorCallback	0	static
stm32f4xx_hal_mmc.c:2206:13:MMC_DMAReceiveCplt	8	static
stm32f4xx_hal_mmc.c:1660:13:HAL_MMC_AbortCallback	0	static
stm32f4xx_hal_mmc.c:1698:19:HAL_MMC_GetCardCID	4	static
stm32f4xx_hal_mmc.c:1779:19:HAL_MMC_GetCardCSD	16	static
stm32f4xx_hal_mmc.c:1893:19:HAL_MMC_GetCardInfo	0	static
stm32f4xx_hal_mmc.c:1917:19:HAL_MMC_ConfigWideBusOperation	64	static
stm32f4xx_hal_mmc.c:2047:26:HAL_MMC_GetCardState	16	static
stm32f4xx_hal_mmc.c:2239:13:MMC_DMAError	8	static
stm32f4xx_hal_mmc.c:2271:13:MMC_DMATxAbort	8	static
stm32f4xx_hal_mmc.c:2308:13:MMC_DMARxAbort	8	static
stm32f4xx_hal_mmc.c:1372:6:HAL_MMC_IRQHandler	8	static
stm32f4xx_hal_mmc.c:2070:19:HAL_MMC_Abort	8	static
stm32f4xx_hal_mmc.c:2117:19:HAL_MMC_Abort_IT	8	static
