sys_arch.c:50:7:sys_mbox_new	16	static
sys_arch.c:74:6:sys_mbox_free	8	static
sys_arch.c:96:6:sys_mbox_post	16	static
sys_arch.c:104:7:sys_mbox_trypost	8	static
sys_arch.c:141:7:sys_arch_mbox_fetch	56	static
sys_arch.c:173:7:sys_arch_mbox_tryfetch	24	static
sys_arch.c:190:5:sys_mbox_valid	0	static
sys_arch.c:198:6:sys_mbox_set_invalid	0	static
sys_arch.c:206:7:sys_sem_new	24	static
sys_arch.c:251:7:sys_arch_sem_wait	16	static
sys_arch.c:275:6:sys_sem_signal	8	static
sys_arch.c:282:6:sys_sem_free	8	static
sys_arch.c:291:5:sys_sem_valid	0	static
sys_arch.c:300:6:sys_sem_set_invalid	0	static
sys_arch.c:309:6:sys_init	8	static
sys_arch.c:319:7:sys_mutex_new	16	static
sys_arch.c:345:6:sys_mutex_free	8	static
sys_arch.c:355:6:sys_mutex_lock	8	static
sys_arch.c:362:6:sys_mutex_unlock	8	static
sys_arch.c:376:14:sys_thread_new	32	static
sys_arch.c:398:12:sys_arch_protect	8	static
sys_arch.c:414:6:sys_arch_unprotect	8	static
