Archive member included to satisfy reference by file (symbol)

c:/program files (x86)/atollic/truestudio for stm32 9.0.1/armtools/bin/../lib/gcc/arm-atollic-eabi/6.3.1/../../../../arm-atollic-eabi/lib/armv7e-m/fpu\libc_nano.a(lib_a-atoi.o)
                              Middlewares\LwIP\core\netif.o (atoi)
c:/program files (x86)/atollic/truestudio for stm32 9.0.1/armtools/bin/../lib/gcc/arm-atollic-eabi/6.3.1/../../../../arm-atollic-eabi/lib/armv7e-m/fpu\libc_nano.a(lib_a-init.o)
                              Application\TrueSTUDIO\startup_stm32f429xx.o (__libc_init_array)
c:/program files (x86)/atollic/truestudio for stm32 9.0.1/armtools/bin/../lib/gcc/arm-atollic-eabi/6.3.1/../../../../arm-atollic-eabi/lib/armv7e-m/fpu\libc_nano.a(lib_a-locale.o)
                              Middlewares\LwIP\core\ipv4\ip4_addr.o (__locale_ctype_ptr)
c:/program files (x86)/atollic/truestudio for stm32 9.0.1/armtools/bin/../lib/gcc/arm-atollic-eabi/6.3.1/../../../../arm-atollic-eabi/lib/armv7e-m/fpu\libc_nano.a(lib_a-mbtowc_r.o)
                              c:/program files (x86)/atollic/truestudio for stm32 9.0.1/armtools/bin/../lib/gcc/arm-atollic-eabi/6.3.1/../../../../arm-atollic-eabi/lib/armv7e-m/fpu\libc_nano.a(lib_a-locale.o) (__ascii_mbtowc)
c:/program files (x86)/atollic/truestudio for stm32 9.0.1/armtools/bin/../lib/gcc/arm-atollic-eabi/6.3.1/../../../../arm-atollic-eabi/lib/armv7e-m/fpu\libc_nano.a(lib_a-memcmp.o)
                              Middlewares\LwIP\netif\ethernet.o (memcmp)
c:/program files (x86)/atollic/truestudio for stm32 9.0.1/armtools/bin/../lib/gcc/arm-atollic-eabi/6.3.1/../../../../arm-atollic-eabi/lib/armv7e-m/fpu\libc_nano.a(lib_a-memcpy-stub.o)
                              Application\User\ethernetif.o (memcpy)
c:/program files (x86)/atollic/truestudio for stm32 9.0.1/armtools/bin/../lib/gcc/arm-atollic-eabi/6.3.1/../../../../arm-atollic-eabi/lib/armv7e-m/fpu\libc_nano.a(lib_a-memmove.o)
                              Middlewares\LwIP\core\def.o (memmove)
c:/program files (x86)/atollic/truestudio for stm32 9.0.1/armtools/bin/../lib/gcc/arm-atollic-eabi/6.3.1/../../../../arm-atollic-eabi/lib/armv7e-m/fpu\libc_nano.a(lib_a-memset.o)
                              Application\User\UART_input.o (memset)
c:/program files (x86)/atollic/truestudio for stm32 9.0.1/armtools/bin/../lib/gcc/arm-atollic-eabi/6.3.1/../../../../arm-atollic-eabi/lib/armv7e-m/fpu\libc_nano.a(lib_a-printf.o)
                              Application\User\app_ethernet.o (printf)
c:/program files (x86)/atollic/truestudio for stm32 9.0.1/armtools/bin/../lib/gcc/arm-atollic-eabi/6.3.1/../../../../arm-atollic-eabi/lib/armv7e-m/fpu\libc_nano.a(lib_a-puts.o)
                              Application\User\ethernetif.o (puts)
c:/program files (x86)/atollic/truestudio for stm32 9.0.1/armtools/bin/../lib/gcc/arm-atollic-eabi/6.3.1/../../../../arm-atollic-eabi/lib/armv7e-m/fpu\libc_nano.a(lib_a-rand.o)
                              Middlewares\LwIP\core\ipv4\dhcp.o (rand)
c:/program files (x86)/atollic/truestudio for stm32 9.0.1/armtools/bin/../lib/gcc/arm-atollic-eabi/6.3.1/../../../../arm-atollic-eabi/lib/armv7e-m/fpu\libc_nano.a(lib_a-reent.o)
                              syscalls.o (errno)
c:/program files (x86)/atollic/truestudio for stm32 9.0.1/armtools/bin/../lib/gcc/arm-atollic-eabi/6.3.1/../../../../arm-atollic-eabi/lib/armv7e-m/fpu\libc_nano.a(lib_a-sprintf.o)
                              Drivers\WF200_Driver\wf200.o (sprintf)
c:/program files (x86)/atollic/truestudio for stm32 9.0.1/armtools/bin/../lib/gcc/arm-atollic-eabi/6.3.1/../../../../arm-atollic-eabi/lib/armv7e-m/fpu\libc_nano.a(lib_a-strcat.o)
                              Application\User\UART_input.o (strcat)
c:/program files (x86)/atollic/truestudio for stm32 9.0.1/armtools/bin/../lib/gcc/arm-atollic-eabi/6.3.1/../../../../arm-atollic-eabi/lib/armv7e-m/fpu\libc_nano.a(lib_a-strchr.o)
                              Middlewares\LwIP\apps\httpd\httpd.o (strchr)
c:/program files (x86)/atollic/truestudio for stm32 9.0.1/armtools/bin/../lib/gcc/arm-atollic-eabi/6.3.1/../../../../arm-atollic-eabi/lib/armv7e-m/fpu\libc_nano.a(lib_a-strcmp.o)
                              Application\User\lwip_freertos.o (strcmp)
c:/program files (x86)/atollic/truestudio for stm32 9.0.1/armtools/bin/../lib/gcc/arm-atollic-eabi/6.3.1/../../../../arm-atollic-eabi/lib/armv7e-m/fpu\libc_nano.a(lib_a-strcpy.o)
                              Application\User\UART_input.o (strcpy)
c:/program files (x86)/atollic/truestudio for stm32 9.0.1/armtools/bin/../lib/gcc/arm-atollic-eabi/6.3.1/../../../../arm-atollic-eabi/lib/armv7e-m/fpu\libc_nano.a(lib_a-strlen.o)
                              Application\User\UART_input.o (strlen)
c:/program files (x86)/atollic/truestudio for stm32 9.0.1/armtools/bin/../lib/gcc/arm-atollic-eabi/6.3.1/../../../../arm-atollic-eabi/lib/armv7e-m/fpu\libc_nano.a(lib_a-strncmp.o)
                              Middlewares\LwIP\apps\httpd\httpd.o (strncmp)
[...]
Memory Configuration

Name             Origin             Length             Attributes
RAM              0x20000000         0x00030000         xrw
CCMRAM           0x10000000         0x00010000         rw
FLASH            0x08000000         0x00200000         xr
*default*        0x00000000         0xffffffff

Linker script and memory map

LOAD c:/program files (x86)/atollic/truestudio for stm32 9.0.1/armtools/bin/../lib/gcc/arm-atollic-eabi/6.3.1/armv7e-m/fpu/crti.o
LOAD c:/program files (x86)/atollic/truestudio for stm32 9.0.1/armtools/bin/../lib/gcc/arm-atollic-eabi/6.3.1/armv7e-m/fpu/crtbegin.o
LOAD Application\TrueSTUDIO\startup_stm32f429xx.o
LOAD Application\User\UART_input.o
LOAD Application\User\app_ethernet.o
LOAD Application\User\dhcpserver.o
LOAD Application\User\ethernetif.o
LOAD Application\User\freertos.o
LOAD Application\User\lwip_freertos.o
LOAD Application\User\main.o
LOAD Application\User\stm32f4xx_hal_msp.o
LOAD Application\User\stm32f4xx_hal_timebase_TIM.o
LOAD Application\User\stm32f4xx_it.o
LOAD Application\WF200_Host\wf200_host.o
LOAD Application\WF200_Host\wf200_host_spi.o
LOAD Application\WF200_Host\wf200_task.o
LOAD Drivers\CMSIS\system_stm32f4xx.o
LOAD Drivers\STM32F4xx_HAL_Driver\stm32f4xx_hal.o
LOAD Drivers\STM32F4xx_HAL_Driver\stm32f4xx_hal_cortex.o
LOAD Drivers\STM32F4xx_HAL_Driver\stm32f4xx_hal_dma.o
LOAD Drivers\STM32F4xx_HAL_Driver\stm32f4xx_hal_dma_ex.o
LOAD Drivers\STM32F4xx_HAL_Driver\stm32f4xx_hal_flash.o
LOAD Drivers\STM32F4xx_HAL_Driver\stm32f4xx_hal_flash_ex.o
LOAD Drivers\STM32F4xx_HAL_Driver\stm32f4xx_hal_flash_ramfunc.o
LOAD Drivers\STM32F4xx_HAL_Driver\stm32f4xx_hal_gpio.o
LOAD Drivers\STM32F4xx_HAL_Driver\stm32f4xx_hal_mmc.o
LOAD Drivers\STM32F4xx_HAL_Driver\stm32f4xx_hal_pcd.o
LOAD Drivers\STM32F4xx_HAL_Driver\stm32f4xx_hal_pcd_ex.o
LOAD Drivers\STM32F4xx_HAL_Driver\stm32f4xx_hal_pwr.o
LOAD Drivers\STM32F4xx_HAL_Driver\stm32f4xx_hal_pwr_ex.o
LOAD Drivers\STM32F4xx_HAL_Driver\stm32f4xx_hal_rcc.o
LOAD Drivers\STM32F4xx_HAL_Driver\stm32f4xx_hal_rcc_ex.o
LOAD Drivers\STM32F4xx_HAL_Driver\stm32f4xx_hal_spi.o
LOAD Drivers\STM32F4xx_HAL_Driver\stm32f4xx_hal_tim.o
LOAD Drivers\STM32F4xx_HAL_Driver\stm32f4xx_hal_tim_ex.o
LOAD Drivers\STM32F4xx_HAL_Driver\stm32f4xx_hal_uart.o
LOAD Drivers\STM32F4xx_HAL_Driver\stm32f4xx_ll_sdmmc.o
LOAD Drivers\STM32F4xx_HAL_Driver\stm32f4xx_ll_usb.o
LOAD Drivers\WF200_Driver\wf200.o
LOAD Drivers\WF200_Driver\wf200_bus.o
LOAD Drivers\WF200_Driver\wf200_bus_spi.o
LOAD Middlewares\FreeRTOS\cmsis_os.o
LOAD Middlewares\FreeRTOS\croutine.o
LOAD Middlewares\FreeRTOS\event_groups.o
LOAD Middlewares\FreeRTOS\heap_4.o
LOAD Middlewares\FreeRTOS\list.o
LOAD Middlewares\FreeRTOS\port.o
LOAD Middlewares\FreeRTOS\queue.o
LOAD Middlewares\FreeRTOS\tasks.o
LOAD Middlewares\FreeRTOS\timers.o
LOAD Middlewares\LwIP\api\api_lib.o
LOAD Middlewares\LwIP\api\api_msg.o
LOAD Middlewares\LwIP\api\err.o
LOAD Middlewares\LwIP\api\netbuf.o
LOAD Middlewares\LwIP\api\netdb.o
LOAD Middlewares\LwIP\api\netifapi.o
LOAD Middlewares\LwIP\api\sockets.o
LOAD Middlewares\LwIP\api\tcpip.o
LOAD Middlewares\LwIP\apps\httpd\fs.o
LOAD Middlewares\LwIP\apps\httpd\httpd.o
LOAD Middlewares\LwIP\apps\lwiperf.o
LOAD Middlewares\LwIP\core\altcp.o
LOAD Middlewares\LwIP\core\altcp_alloc.o
LOAD Middlewares\LwIP\core\altcp_tcp.o
LOAD Middlewares\LwIP\core\def.o
LOAD Middlewares\LwIP\core\dns.o
LOAD Middlewares\LwIP\core\inet_chksum.o
LOAD Middlewares\LwIP\core\init.o
LOAD Middlewares\LwIP\core\ip.o
LOAD Middlewares\LwIP\core\ipv4\autoip.o
LOAD Middlewares\LwIP\core\ipv4\dhcp.o
LOAD Middlewares\LwIP\core\ipv4\etharp.o
LOAD Middlewares\LwIP\core\ipv4\icmp.o
LOAD Middlewares\LwIP\core\ipv4\igmp.o
LOAD Middlewares\LwIP\core\ipv4\ip4.o
LOAD Middlewares\LwIP\core\ipv4\ip4_addr.o
LOAD Middlewares\LwIP\core\ipv4\ip4_frag.o
LOAD Middlewares\LwIP\core\mem.o
LOAD Middlewares\LwIP\core\memp.o
LOAD Middlewares\LwIP\core\netif.o
LOAD Middlewares\LwIP\core\pbuf.o
LOAD Middlewares\LwIP\core\raw.o
LOAD Middlewares\LwIP\core\stats.o
LOAD Middlewares\LwIP\core\sys.o
LOAD Middlewares\LwIP\core\tcp.o
LOAD Middlewares\LwIP\core\tcp_in.o
LOAD Middlewares\LwIP\core\tcp_out.o
LOAD Middlewares\LwIP\core\timeouts.o
LOAD Middlewares\LwIP\core\udp.o
LOAD Middlewares\LwIP\netif\ethernet.o
LOAD Middlewares\LwIP\netif\sys_arch.o
LOAD syscalls.o
                0x00000080                malloc_getpagesize_P = 0x80
START GROUP
LOAD c:/program files (x86)/atollic/truestudio for stm32 9.0.1/armtools/bin/../lib/gcc/arm-atollic-eabi/6.3.1/../../../../arm-atollic-eabi/lib/armv7e-m/fpu\libc_nano.a
LOAD c:/program files (x86)/atollic/truestudio for stm32 9.0.1/armtools/bin/../lib/gcc/arm-atollic-eabi/6.3.1/../../../../arm-atollic-eabi/lib/armv7e-m/fpu\libm.a
END GROUP
START GROUP
LOAD c:/program files (x86)/atollic/truestudio for stm32 9.0.1/armtools/bin/../lib/gcc/arm-atollic-eabi/6.3.1/armv7e-m/fpu\libgcc.a
LOAD c:/program files (x86)/atollic/truestudio for stm32 9.0.1/armtools/bin/../lib/gcc/arm-atollic-eabi/6.3.1/../../../../arm-atollic-eabi/lib/armv7e-m/fpu\libc_nano.a
END GROUP
START GROUP
LOAD c:/program files (x86)/atollic/truestudio for stm32 9.0.1/armtools/bin/../lib/gcc/arm-atollic-eabi/6.3.1/armv7e-m/fpu\libgcc.a
LOAD c:/program files (x86)/atollic/truestudio for stm32 9.0.1/armtools/bin/../lib/gcc/arm-atollic-eabi/6.3.1/../../../../arm-atollic-eabi/lib/armv7e-m/fpu\libc_nano.a
LOAD c:/program files (x86)/atollic/truestudio for stm32 9.0.1/armtools/bin/../lib/gcc/arm-atollic-eabi/6.3.1/../../../../arm-atollic-eabi/lib/armv7e-m/fpu\libnosys.a
END GROUP
START GROUP
LOAD c:/program files (x86)/atollic/truestudio for stm32 9.0.1/armtools/bin/../lib/gcc/arm-atollic-eabi/6.3.1/armv7e-m/fpu\libgcc.a
LOAD c:/program files (x86)/atollic/truestudio for stm32 9.0.1/armtools/bin/../lib/gcc/arm-atollic-eabi/6.3.1/../../../../arm-atollic-eabi/lib/armv7e-m/fpu\libc_nano.a
LOAD c:/program files (x86)/atollic/truestudio for stm32 9.0.1/armtools/bin/../lib/gcc/arm-atollic-eabi/6.3.1/../../../../arm-atollic-eabi/lib/armv7e-m/fpu\libnosys.a
END GROUP
LOAD c:/program files (x86)/atollic/truestudio for stm32 9.0.1/armtools/bin/../lib/gcc/arm-atollic-eabi/6.3.1/armv7e-m/fpu/crtend.o
LOAD c:/program files (x86)/atollic/truestudio for stm32 9.0.1/armtools/bin/../lib/gcc/arm-atollic-eabi/6.3.1/armv7e-m/fpu/crtn.o
                0x20030000                _estack = 0x20030000
                0x00004000                _Min_Heap_Size = 0x4000
                0x00004000                _Min_Stack_Size = 0x4000

.isr_vector     0x08000000      0x1ac
                0x08000000                . = ALIGN (0x4)
 *(.isr_vector)
 .isr_vector    0x08000000      0x1ac Application\TrueSTUDIO\startup_stm32f429xx.o
                0x08000000                g_pfnVectors
                0x080001ac                . = ALIGN (0x4)

.text           0x080001b0    0x12e48
                0x080001b0                . = ALIGN (0x4)
 *(.text)
 .text          0x080001b0       0x40 c:/program files (x86)/atollic/truestudio for stm32 9.0.1/armtools/bin/../lib/gcc/arm-atollic-eabi/6.3.1/armv7e-m/fpu/crtbegin.o
 .text          0x080001f0       0x14 c:/program files (x86)/atollic/truestudio for stm32 9.0.1/armtools/bin/../lib/gcc/arm-atollic-eabi/6.3.1/../../../../arm-atollic-eabi/lib/armv7e-m/fpu\libc_nano.a(lib_a-strcmp.o)
                0x080001f0                strcmp
 .text          0x08000204       0x10 c:/program files (x86)/atollic/truestudio for stm32 9.0.1/armtools/bin/../lib/gcc/arm-atollic-eabi/6.3.1/../../../../arm-atollic-eabi/lib/armv7e-m/fpu\libc_nano.a(lib_a-strlen.o)
                0x08000204                strlen
 *fill*         0x08000214        0xc 
 .text          0x08000220       0xa0 c:/program files (x86)/atollic/truestudio for stm32 9.0.1/armtools/bin/../lib/gcc/arm-atollic-eabi/6.3.1/../../../../arm-atollic-eabi/lib/armv7e-m/fpu\libc_nano.a(lib_a-memchr.o)
                0x08000220                memchr
 .text          0x080002c0       0x30 c:/program files (x86)/atollic/truestudio for stm32 9.0.1/armtools/bin/../lib/gcc/arm-atollic-eabi/6.3.1/armv7e-m/fpu\libgcc.a(_aeabi_uldivmod.o)
                0x080002c0                __aeabi_uldivmod
 .text          0x080002f0      0x2dc c:/program files (x86)/atollic/truestudio for stm32 9.0.1/armtools/bin/../lib/gcc/arm-atollic-eabi/6.3.1/armv7e-m/fpu\libgcc.a(_udivmoddi4.o)
                0x080002f0                __udivmoddi4
 .text          0x080005cc        0x4 c:/program files (x86)/atollic/truestudio for stm32 9.0.1/armtools/bin/../lib/gcc/arm-atollic-eabi/6.3.1/armv7e-m/fpu\libgcc.a(_dvmd_tls.o)
                0x080005cc                __aeabi_idiv0
                0x080005cc                __aeabi_ldiv0
 *(.text*)
 .text.Reset_Handler
                0x080005d0       0x50 Application\TrueSTUDIO\startup_stm32f429xx.o
                0x080005d0                Reset_Handler
 .text.Default_Handler
                0x08000620        0x2 Application\TrueSTUDIO\startup_stm32f429xx.o
                0x08000620                RTC_Alarm_IRQHandler
                0x08000620                HASH_RNG_IRQHandler
                0x08000620                EXTI2_IRQHandler
                0x08000620                TIM8_CC_IRQHandler
                0x08000620                DebugMon_Handler
                0x08000620                UART8_IRQHandler
                0x08000620                SPI4_IRQHandler
                0x08000620                TIM1_CC_IRQHandler
                0x08000620                DMA2_Stream5_IRQHandler
                0x08000620                HardFault_Handler
                0x08000620                DMA1_Stream5_IRQHandler
                0x08000620                PVD_IRQHandler
                0x08000620                SDIO_IRQHandler
                0x08000620                TAMP_STAMP_IRQHandler
                0x08000620                NMI_Handler
                0x08000620                CAN2_RX1_IRQHandler
                0x08000620                EXTI3_IRQHandler
                0x08000620                TIM8_TRG_COM_TIM14_IRQHandler
                0x08000620                TIM8_UP_TIM13_IRQHandler
                0x08000620                I2C3_ER_IRQHandler
                0x08000620                EXTI0_IRQHandler
                0x08000620                I2C2_EV_IRQHandler
                0x08000620                DMA1_Stream2_IRQHandler
                0x08000620                CAN1_RX0_IRQHandler
                0x08000620                FPU_IRQHandler
                0x08000620                OTG_HS_WKUP_IRQHandler
                0x08000620                UsageFault_Handler
                0x08000620                LTDC_ER_IRQHandler
                0x08000620                CAN2_SCE_IRQHandler
                0x08000620                DMA2_Stream2_IRQHandler
                0x08000620                TIM6_DAC_IRQHandler
                0x08000620                TIM1_BRK_TIM9_IRQHandler
                0x08000620                DCMI_IRQHandler
                0x08000620                CAN2_RX0_IRQHandler
                0x08000620                USART6_IRQHandler
                0x08000620                CAN1_RX1_IRQHandler
                0x08000620                UART5_IRQHandler
                0x08000620                TIM4_IRQHandler
                0x08000620                I2C1_EV_IRQHandler
                0x08000620                DMA1_Stream6_IRQHandler
                0x08000620                DMA1_Stream1_IRQHandler
                0x08000620                UART4_IRQHandler
                0x08000620                TIM3_IRQHandler
                0x08000620                RCC_IRQHandler
                0x08000620                TIM8_BRK_TIM12_IRQHandler
                0x08000620                Default_Handler
                0x08000620                ADC_IRQHandler
                0x08000620                DMA1_Stream7_IRQHandler
                0x08000620                SPI5_IRQHandler
                0x08000620                TIM7_IRQHandler
                0x08000620                CAN2_TX_IRQHandler
                0x08000620                TIM5_IRQHandler
                0x08000620                DMA2_Stream7_IRQHandler
                0x08000620                I2C3_EV_IRQHandler
                0x08000620                EXTI9_5_IRQHandler
                0x08000620                RTC_WKUP_IRQHandler
                0x08000620                LTDC_IRQHandler
                0x08000620                ETH_WKUP_IRQHandler
                0x08000620                SPI2_IRQHandler
                0x08000620                OTG_HS_EP1_IN_IRQHandler
                0x08000620                MemManage_Handler
                0x08000620                DMA1_Stream0_IRQHandler
                0x08000620                CAN1_TX_IRQHandler
                0x08000620                EXTI4_IRQHandler
                0x08000620                ETH_IRQHandler
                0x08000620                OTG_HS_EP1_OUT_IRQHandler
                0x08000620                WWDG_IRQHandler
                0x08000620                SPI6_IRQHandler
                0x08000620                TIM2_IRQHandler
                0x08000620                OTG_FS_WKUP_IRQHandler
                0x08000620                TIM1_TRG_COM_TIM11_IRQHandler
                0x08000620                OTG_HS_IRQHandler
                0x08000620                DMA2D_IRQHandler
                0x08000620                EXTI1_IRQHandler
                0x08000620                UART7_IRQHandler
                0x08000620                USART2_IRQHandler
                0x08000620                I2C2_ER_IRQHandler
                0x08000620                DMA2_Stream1_IRQHandler
                0x08000620                CAN1_SCE_IRQHandler
                0x08000620                FLASH_IRQHandler
                0x08000620                DMA2_Stream4_IRQHandler
                0x08000620                BusFault_Handler
                0x08000620                USART1_IRQHandler
                0x08000620                OTG_FS_IRQHandler
                0x08000620                SPI3_IRQHandler
                0x08000620                DMA1_Stream4_IRQHandler
                0x08000620                I2C1_ER_IRQHandler
                0x08000620                FMC_IRQHandler
                0x08000620                DMA2_Stream6_IRQHandler
                0x08000620                SAI1_IRQHandler
                0x08000620                DMA1_Stream3_IRQHandler
 *fill*         0x08000622        0x2 
 .text.prvUARTInputTask
                0x08000624      0x178 Application\User\UART_input.o
 .text.vUARTInputStop
                0x0800079c        0xc Application\User\UART_input.o
                0x0800079c                vUARTInputStop
 .text.vUARTInputStart
                0x080007a8       0x4c Application\User\UART_input.o
                0x080007a8                vUARTInputStart
 .text.User_notification
                0x080007f4       0x18 Application\User\app_ethernet.o
                0x080007f4                User_notification
 .text.DHCP_thread
                0x0800080c      0x170 Application\User\app_ethernet.o
                0x0800080c                DHCP_thread
 .text.dhcpserver_remove_mac
                0x0800097c       0xa0 Application\User\dhcpserver.o
 .text.dhcpserver_save_mac
                0x08000a1c       0x8c Application\User\dhcpserver.o
 .text.dhcpserver_get_ip
                0x08000aa8       0xa4 Application\User\dhcpserver.o
 .text.dhcpserver_start_prv
                0x08000b4c       0x60 Application\User\dhcpserver.o
 .text.dhcpserver_find_requested_ip
                0x08000bac       0x5e Application\User\dhcpserver.o
 *fill*         0x08000c0a        0x2 
 .text.dhcpserver_fn
                0x08000c0c      0x6b0 Application\User\dhcpserver.o
 .text.dhcpserver_stop_prv
                0x080012bc       0x20 Application\User\dhcpserver.o
 .text.dhcpserver_start
                0x080012dc       0x10 Application\User\dhcpserver.o
                0x080012dc                dhcpserver_start
 .text.dhcpserver_stop
                0x080012ec       0x10 Application\User\dhcpserver.o
                0x080012ec                dhcpserver_stop
 .text.low_level_input
                0x080012fc       0x4c Application\User\ethernetif.o
 .text.low_level_output
                0x08001348       0xd0 Application\User\ethernetif.o
 .text.low_level_init
                0x08001418      0x128 Application\User\ethernetif.o
 .text.wf200_host_received_frame_callback
                0x08001540       0x28 Application\User\ethernetif.o
                0x08001540                wf200_host_received_frame_callback
 .text.ethernetif_init
                0x08001568       0x78 Application\User\ethernetif.o
                0x08001568                ethernetif_init
 .text.sys_now  0x080015e0        0x8 Application\User\ethernetif.o
                0x080015e0                sys_now
 .text.lwip_iperf_results
                0x080015e8       0x34 Application\User\lwip_freertos.o
 .text.waitForString
                0x0800161c       0x38 Application\User\lwip_freertos.o
 .text.getUserInput
                0x08001654      0x1d8 Application\User\lwip_freertos.o
 .text.Netif_Config
                0x0800182c      0x130 Application\User\lwip_freertos.o
 .text.myCGIinit
                0x0800195c       0x20 Application\User\lwip_freertos.o
 .text.StartThread
                0x0800197c       0x68 Application\User\lwip_freertos.o
 .text.LedCGIhandler
                0x080019e4       0xcc Application\User\lwip_freertos.o
 .text.lwip_set_link_up
                0x08001ab0       0x48 Application\User\lwip_freertos.o
                0x08001ab0                lwip_set_link_up
 .text.lwip_set_link_down
                0x08001af8       0x48 Application\User\lwip_freertos.o
                0x08001af8                lwip_set_link_down
 .text.lwip_start
                0x08001b40       0x20 Application\User\lwip_freertos.o
                0x08001b40                lwip_start
 .text.MX_GPIO_Init
                0x08001b60      0x188 Application\User\main.o
 .text.HAL_TIM_PeriodElapsedCallback
                0x08001ce8       0x18 Application\User\main.o
                0x08001ce8                HAL_TIM_PeriodElapsedCallback
 .text._Error_Handler
                0x08001d00        0x2 Application\User\main.o
                0x08001d00                _Error_Handler
 *fill*         0x08001d02        0x2 
 .text.MX_USART3_UART_Init
                0x08001d04       0x58 Application\User\main.o
 .text.SystemClock_Config
                0x08001d5c       0xc8 Application\User\main.o
                0x08001d5c                SystemClock_Config
 .text.main     0x08001e24       0x24 Application\User\main.o
                0x08001e24                main
 .text.HAL_MspInit
                0x08001e48       0x94 Application\User\stm32f4xx_hal_msp.o
                0x08001e48                HAL_MspInit
 .text.HAL_SPI_MspInit
                0x08001edc      0x11c Application\User\stm32f4xx_hal_msp.o
                0x08001edc                HAL_SPI_MspInit
 .text.HAL_SPI_MspDeInit
                0x08001ff8       0x34 Application\User\stm32f4xx_hal_msp.o
                0x08001ff8                HAL_SPI_MspDeInit
 .text.HAL_UART_MspInit
                0x0800202c       0x64 Application\User\stm32f4xx_hal_msp.o
                0x0800202c                HAL_UART_MspInit
 .text.__io_putchar
                0x08002090       0x48 Application\User\stm32f4xx_hal_msp.o
                0x08002090                __io_putchar
 .text.HAL_InitTick
                0x080020d8       0x7c Application\User\stm32f4xx_hal_timebase_TIM.o
                0x080020d8                HAL_InitTick
 .text.SysTick_Handler
                0x08002154        0x8 Application\User\stm32f4xx_it.o
                0x08002154                SysTick_Handler
 .text.TIM1_UP_TIM10_IRQHandler
                0x0800215c       0x10 Application\User\stm32f4xx_it.o
                0x0800215c                TIM1_UP_TIM10_IRQHandler
 .text.EXTI15_10_IRQHandler
                0x0800216c       0x54 Application\User\stm32f4xx_it.o
                0x0800216c                EXTI15_10_IRQHandler
 .text.SPI1_IRQHandler
                0x080021c0       0x10 Application\User\stm32f4xx_it.o
                0x080021c0                SPI1_IRQHandler
 .text.DMA2_Stream0_IRQHandler
                0x080021d0       0x10 Application\User\stm32f4xx_it.o
                0x080021d0                DMA2_Stream0_IRQHandler
 .text.DMA2_Stream3_IRQHandler
                0x080021e0       0x10 Application\User\stm32f4xx_it.o
                0x080021e0                DMA2_Stream3_IRQHandler
 .text.HAL_SPI_TxCpltCallback
                0x080021f0       0x38 Application\User\stm32f4xx_it.o
                0x080021f0                HAL_SPI_TxCpltCallback
 .text.HAL_SPI_RxCpltCallback
                0x08002228       0x38 Application\User\stm32f4xx_it.o
                0x08002228                HAL_SPI_RxCpltCallback
 .text.USART3_IRQHandler
                0x08002260       0x28 Application\User\stm32f4xx_it.o
                0x08002260                USART3_IRQHandler
 .text.HAL_UART_TxCpltCallback
                0x08002288       0x14 Application\User\stm32f4xx_it.o
                0x08002288                HAL_UART_TxCpltCallback
 .text.HAL_UART_RxCpltCallback
                0x0800229c       0x14 Application\User\stm32f4xx_it.o
                0x0800229c                HAL_UART_RxCpltCallback
 .text.wf200_host_init
                0x080022b0       0x3c Application\WF200_Host\wf200_host.o
                0x080022b0                wf200_host_init
 .text.wf200_host_get_firmware_data
                0x080022ec       0x24 Application\WF200_Host\wf200_host.o
                0x080022ec                wf200_host_get_firmware_data
 .text.wf200_host_get_firmware_size
                0x08002310       0x2c Application\WF200_Host\wf200_host.o
                0x08002310                wf200_host_get_firmware_size
 .text.wf200_host_deinit
                0x0800233c        0x4 Application\WF200_Host\wf200_host.o
                0x0800233c                wf200_host_deinit
 .text.wf200_host_reset_chip
                0x08002340       0x30 Application\WF200_Host\wf200_host.o
                0x08002340                wf200_host_reset_chip
 .text.wf200_host_set_wake_up_pin
                0x08002370       0x28 Application\WF200_Host\wf200_host.o
                0x08002370                wf200_host_set_wake_up_pin
 .text.wf200_host_wait_for_confirmation
                0x08002398       0x5c Application\WF200_Host\wf200_host.o
                0x08002398                wf200_host_wait_for_confirmation
 .text.wf200_host_wait
                0x080023f4        0xa Application\WF200_Host\wf200_host.o
                0x080023f4                wf200_host_wait
 .text.wf200_host_allocate_buffer
                0x080023fe       0x10 Application\WF200_Host\wf200_host.o
                0x080023fe                wf200_host_allocate_buffer
 .text.wf200_host_free_buffer
                0x0800240e        0xa Application\WF200_Host\wf200_host.o
                0x0800240e                wf200_host_free_buffer
 .text.wf200_host_transmit_frame
                0x08002418        0xa Application\WF200_Host\wf200_host.o
                0x08002418                wf200_host_transmit_frame
 *fill*         0x08002422        0x2 
 .text.wf200_host_setup_waited_event
                0x08002424       0x10 Application\WF200_Host\wf200_host.o
                0x08002424                wf200_host_setup_waited_event
 .text.wf200_scan_result_callback
                0x08002434       0x64 Application\WF200_Host\wf200_host.o
                0x08002434                wf200_scan_result_callback
 .text.wf200_scan_complete_callback
                0x08002498        0xc Application\WF200_Host\wf200_host.o
                0x08002498                wf200_scan_complete_callback
 .text.wf200_connect_callback
                0x080024a4       0x20 Application\WF200_Host\wf200_host.o
                0x080024a4                wf200_connect_callback
 .text.wf200_disconnect_callback
                0x080024c4       0x14 Application\WF200_Host\wf200_host.o
                0x080024c4                wf200_disconnect_callback
 .text.wf200_start_ap_callback
                0x080024d8       0x20 Application\WF200_Host\wf200_host.o
                0x080024d8                wf200_start_ap_callback
 .text.wf200_stop_ap_callback
                0x080024f8       0x14 Application\WF200_Host\wf200_host.o
                0x080024f8                wf200_stop_ap_callback
 .text.wf200_client_connected_callback
                0x0800250c       0x10 Application\WF200_Host\wf200_host.o
                0x0800250c                wf200_client_connected_callback
 .text.wf200_ap_client_disconnected_callback
                0x0800251c       0x10 Application\WF200_Host\wf200_host.o
                0x0800251c                wf200_ap_client_disconnected_callback
 .text.wf200_generic_status_callback
                0x0800252c       0x10 Application\WF200_Host\wf200_host.o
                0x0800252c                wf200_generic_status_callback
 .text.wf200_host_post_event
                0x0800253c       0xf0 Application\WF200_Host\wf200_host.o
                0x0800253c                wf200_host_post_event
 .text.MX_SPI1_Init
                0x0800262c       0x48 Application\WF200_Host\wf200_host_spi.o
 .text.wf200_host_init_bus
                0x08002674       0x28 Application\WF200_Host\wf200_host_spi.o
                0x08002674                wf200_host_init_bus
 .text.wf200_host_deinit_bus
                0x0800269c       0x10 Application\WF200_Host\wf200_host_spi.o
                0x0800269c                wf200_host_deinit_bus
 .text.wf200_host_spi_cs_assert
                0x080026ac       0x18 Application\WF200_Host\wf200_host_spi.o
                0x080026ac                wf200_host_spi_cs_assert
 .text.wf200_host_spi_cs_deassert
                0x080026c4       0x18 Application\WF200_Host\wf200_host_spi.o
                0x080026c4                wf200_host_spi_cs_deassert
 .text.wf200_host_spi_transfer_no_cs_assert
                0x080026dc       0x7c Application\WF200_Host\wf200_host_spi.o
                0x080026dc                wf200_host_spi_transfer_no_cs_assert
 .text.wf200_host_enable_platform_interrupt
                0x08002758       0x16 Application\WF200_Host\wf200_host_spi.o
                0x08002758                wf200_host_enable_platform_interrupt
 .text.wf200_host_disable_platform_interrupt
                0x0800276e        0xc Application\WF200_Host\wf200_host_spi.o
                0x0800276e                wf200_host_disable_platform_interrupt
 .text.receive_frames
                0x0800277a       0x2a Application\WF200_Host\wf200_task.o
 .text.prvBusCommTask
                0x080027a4       0x44 Application\WF200_Host\wf200_task.o
 .text.vBusCommStart
                0x080027e8       0x28 Application\WF200_Host\wf200_task.o
                0x080027e8                vBusCommStart
 .text.SystemInit
                0x08002810       0x4c Drivers\CMSIS\system_stm32f4xx.o
                0x08002810                SystemInit
 .text.HAL_Init
                0x0800285c       0x34 Drivers\STM32F4xx_HAL_Driver\stm32f4xx_hal.o
                0x0800285c                HAL_Init
 .text.HAL_IncTick
                0x08002890       0x18 Drivers\STM32F4xx_HAL_Driver\stm32f4xx_hal.o
                0x08002890                HAL_IncTick
 .text.HAL_GetTick
                0x080028a8        0xc Drivers\STM32F4xx_HAL_Driver\stm32f4xx_hal.o
                0x080028a8                HAL_GetTick
 .text.HAL_Delay
                0x080028b4       0x28 Drivers\STM32F4xx_HAL_Driver\stm32f4xx_hal.o
                0x080028b4                HAL_Delay
 .text.HAL_NVIC_SetPriorityGrouping
                0x080028dc       0x24 Drivers\STM32F4xx_HAL_Driver\stm32f4xx_hal_cortex.o
                0x080028dc                HAL_NVIC_SetPriorityGrouping
 .text.HAL_NVIC_SetPriority
                0x08002900       0x64 Drivers\STM32F4xx_HAL_Driver\stm32f4xx_hal_cortex.o
                0x08002900                HAL_NVIC_SetPriority
 .text.HAL_NVIC_EnableIRQ
                0x08002964       0x18 Drivers\STM32F4xx_HAL_Driver\stm32f4xx_hal_cortex.o
                0x08002964                HAL_NVIC_EnableIRQ
 .text.HAL_NVIC_DisableIRQ
                0x0800297c       0x1c Drivers\STM32F4xx_HAL_Driver\stm32f4xx_hal_cortex.o
                0x0800297c                HAL_NVIC_DisableIRQ
 .text.HAL_SYSTICK_Config
                0x08002998       0x2c Drivers\STM32F4xx_HAL_Driver\stm32f4xx_hal_cortex.o
                0x08002998                HAL_SYSTICK_Config
 .text.HAL_SYSTICK_CLKSourceConfig
                0x080029c4       0x20 Drivers\STM32F4xx_HAL_Driver\stm32f4xx_hal_cortex.o
                0x080029c4                HAL_SYSTICK_CLKSourceConfig
 .text.DMA_SetConfig
                0x080029e4       0x2c Drivers\STM32F4xx_HAL_Driver\stm32f4xx_hal_dma.o
 .text.DMA_CalcBaseAndBitshift
                0x08002a10       0x3c Drivers\STM32F4xx_HAL_Driver\stm32f4xx_hal_dma.o
 .text.DMA_CheckFifoParam
                0x08002a4c       0x8e Drivers\STM32F4xx_HAL_Driver\stm32f4xx_hal_dma.o
 *fill*         0x08002ada        0x2 
 .text.HAL_DMA_Init
                0x08002adc       0xd0 Drivers\STM32F4xx_HAL_Driver\stm32f4xx_hal_dma.o
                0x08002adc                HAL_DMA_Init
 .text.HAL_DMA_Start_IT
                0x08002bac       0x74 Drivers\STM32F4xx_HAL_Driver\stm32f4xx_hal_dma.o
                0x08002bac                HAL_DMA_Start_IT
 .text.HAL_DMA_Abort_IT
                0x08002c20       0x26 Drivers\STM32F4xx_HAL_Driver\stm32f4xx_hal_dma.o
                0x08002c20                HAL_DMA_Abort_IT
 *fill*         0x08002c46        0x2 
 .text.HAL_DMA_IRQHandler
                0x08002c48      0x1dc Drivers\STM32F4xx_HAL_Driver\stm32f4xx_hal_dma.o
                0x08002c48                HAL_DMA_IRQHandler
 .text.HAL_GPIO_Init
                0x08002e24      0x1e4 Drivers\STM32F4xx_HAL_Driver\stm32f4xx_hal_gpio.o
                0x08002e24                HAL_GPIO_Init
 .text.HAL_GPIO_DeInit
                0x08003008      0x13c Drivers\STM32F4xx_HAL_Driver\stm32f4xx_hal_gpio.o
                0x08003008                HAL_GPIO_DeInit
 .text.HAL_GPIO_WritePin
                0x08003144        0xc Drivers\STM32F4xx_HAL_Driver\stm32f4xx_hal_gpio.o
                0x08003144                HAL_GPIO_WritePin
 .text.HAL_GPIO_EXTI_Callback
                0x08003150        0x2 Drivers\STM32F4xx_HAL_Driver\stm32f4xx_hal_gpio.o
                0x08003150                HAL_GPIO_EXTI_Callback
 *fill*         0x08003152        0x2 
 .text.HAL_GPIO_EXTI_IRQHandler
                0x08003154       0x1c Drivers\STM32F4xx_HAL_Driver\stm32f4xx_hal_gpio.o
                0x08003154                HAL_GPIO_EXTI_IRQHandler
 .text.HAL_RCC_OscConfig
                0x08003170      0x398 Drivers\STM32F4xx_HAL_Driver\stm32f4xx_hal_rcc.o
                0x08003170                HAL_RCC_OscConfig
 .text.HAL_RCC_GetSysClockFreq
                0x08003508       0xd4 Drivers\STM32F4xx_HAL_Driver\stm32f4xx_hal_rcc.o
                0x08003508                HAL_RCC_GetSysClockFreq
 .text.HAL_RCC_ClockConfig
                0x080035dc      0x158 Drivers\STM32F4xx_HAL_Driver\stm32f4xx_hal_rcc.o
                0x080035dc                HAL_RCC_ClockConfig
 .text.HAL_RCC_GetHCLKFreq
                0x08003734        0xc Drivers\STM32F4xx_HAL_Driver\stm32f4xx_hal_rcc.o
                0x08003734                HAL_RCC_GetHCLKFreq
 .text.HAL_RCC_GetPCLK1Freq
                0x08003740       0x20 Drivers\STM32F4xx_HAL_Driver\stm32f4xx_hal_rcc.o
                0x08003740                HAL_RCC_GetPCLK1Freq
 .text.HAL_RCC_GetPCLK2Freq
                0x08003760       0x20 Drivers\STM32F4xx_HAL_Driver\stm32f4xx_hal_rcc.o
                0x08003760                HAL_RCC_GetPCLK2Freq
 .text.HAL_RCC_GetClockConfig
                0x08003780       0x3c Drivers\STM32F4xx_HAL_Driver\stm32f4xx_hal_rcc.o
                0x08003780                HAL_RCC_GetClockConfig
 .text.SPI_WaitFlagStateUntilTimeout
                0x080037bc       0x96 Drivers\STM32F4xx_HAL_Driver\stm32f4xx_hal_spi.o
 .text.SPI_CheckFlag_BSY
                0x08003852       0x26 Drivers\STM32F4xx_HAL_Driver\stm32f4xx_hal_spi.o
 .text.HAL_SPI_Init
                0x08003878       0x80 Drivers\STM32F4xx_HAL_Driver\stm32f4xx_hal_spi.o
                0x08003878                HAL_SPI_Init
 .text.HAL_SPI_Transmit_DMA
                0x080038f8       0xc8 Drivers\STM32F4xx_HAL_Driver\stm32f4xx_hal_spi.o
                0x080038f8                HAL_SPI_Transmit_DMA
 .text.HAL_SPI_TransmitReceive_DMA
                0x080039c0      0x12c Drivers\STM32F4xx_HAL_Driver\stm32f4xx_hal_spi.o
                0x080039c0                HAL_SPI_TransmitReceive_DMA
 .text.HAL_SPI_Receive_DMA
                0x08003aec       0xe0 Drivers\STM32F4xx_HAL_Driver\stm32f4xx_hal_spi.o
                0x08003aec                HAL_SPI_Receive_DMA
 .text.HAL_SPI_TxRxCpltCallback
                0x08003bcc        0x2 Drivers\STM32F4xx_HAL_Driver\stm32f4xx_hal_spi.o
                0x08003bcc                HAL_SPI_TxRxCpltCallback
 .text.HAL_SPI_TxHalfCpltCallback
                0x08003bce        0x2 Drivers\STM32F4xx_HAL_Driver\stm32f4xx_hal_spi.o
                0x08003bce                HAL_SPI_TxHalfCpltCallback
 .text.SPI_DMAHalfTransmitCplt
                0x08003bd0        0xa Drivers\STM32F4xx_HAL_Driver\stm32f4xx_hal_spi.o
 .text.HAL_SPI_RxHalfCpltCallback
                0x08003bda        0x2 Drivers\STM32F4xx_HAL_Driver\stm32f4xx_hal_spi.o
                0x08003bda                HAL_SPI_RxHalfCpltCallback
 .text.SPI_DMAHalfReceiveCplt
                0x08003bdc        0xa Drivers\STM32F4xx_HAL_Driver\stm32f4xx_hal_spi.o
 .text.HAL_SPI_TxRxHalfCpltCallback
                0x08003be6        0x2 Drivers\STM32F4xx_HAL_Driver\stm32f4xx_hal_spi.o
                0x08003be6                HAL_SPI_TxRxHalfCpltCallback
 .text.SPI_DMAHalfTransmitReceiveCplt
                0x08003be8        0xa Drivers\STM32F4xx_HAL_Driver\stm32f4xx_hal_spi.o
 .text.HAL_SPI_ErrorCallback
                0x08003bf2        0x2 Drivers\STM32F4xx_HAL_Driver\stm32f4xx_hal_spi.o
                0x08003bf2                HAL_SPI_ErrorCallback
 .text.SPI_DMAError
                0x08003bf4       0x22 Drivers\STM32F4xx_HAL_Driver\stm32f4xx_hal_spi.o
 .text.SPI_DMATransmitCplt
                0x08003c16       0x66 Drivers\STM32F4xx_HAL_Driver\stm32f4xx_hal_spi.o
 .text.SPI_DMAReceiveCplt
                0x08003c7c       0x58 Drivers\STM32F4xx_HAL_Driver\stm32f4xx_hal_spi.o
 .text.SPI_DMATransmitReceiveCplt
                0x08003cd4       0x52 Drivers\STM32F4xx_HAL_Driver\stm32f4xx_hal_spi.o
 *fill*         0x08003d26        0x2 
 .text.HAL_SPI_IRQHandler
                0x08003d28      0x104 Drivers\STM32F4xx_HAL_Driver\stm32f4xx_hal_spi.o
                0x08003d28                HAL_SPI_IRQHandler
 .text.SPI_DMAAbortOnError
                0x08003e2c       0x10 Drivers\STM32F4xx_HAL_Driver\stm32f4xx_hal_spi.o
 .text.HAL_TIM_Base_MspInit
                0x08003e3c        0x2 Drivers\STM32F4xx_HAL_Driver\stm32f4xx_hal_tim.o
                0x08003e3c                HAL_TIM_Base_MspInit
 .text.HAL_TIM_Base_Start_IT
                0x08003e3e       0x18 Drivers\STM32F4xx_HAL_Driver\stm32f4xx_hal_tim.o
                0x08003e3e                HAL_TIM_Base_Start_IT
 .text.HAL_TIM_OC_DelayElapsedCallback
                0x08003e56        0x2 Drivers\STM32F4xx_HAL_Driver\stm32f4xx_hal_tim.o
                0x08003e56                HAL_TIM_OC_DelayElapsedCallback
 .text.HAL_TIM_IC_CaptureCallback
                0x08003e58        0x2 Drivers\STM32F4xx_HAL_Driver\stm32f4xx_hal_tim.o
                0x08003e58                HAL_TIM_IC_CaptureCallback
 .text.HAL_TIM_PWM_PulseFinishedCallback
                0x08003e5a        0x2 Drivers\STM32F4xx_HAL_Driver\stm32f4xx_hal_tim.o
                0x08003e5a                HAL_TIM_PWM_PulseFinishedCallback
 .text.HAL_TIM_TriggerCallback
                0x08003e5c        0x2 Drivers\STM32F4xx_HAL_Driver\stm32f4xx_hal_tim.o
                0x08003e5c                HAL_TIM_TriggerCallback
 .text.HAL_TIM_IRQHandler
                0x08003e5e      0x17a Drivers\STM32F4xx_HAL_Driver\stm32f4xx_hal_tim.o
                0x08003e5e                HAL_TIM_IRQHandler
 .text.TIM_Base_SetConfig
                0x08003fd8      0x11c Drivers\STM32F4xx_HAL_Driver\stm32f4xx_hal_tim.o
                0x08003fd8                TIM_Base_SetConfig
 .text.HAL_TIM_Base_Init
                0x080040f4       0x32 Drivers\STM32F4xx_HAL_Driver\stm32f4xx_hal_tim.o
                0x080040f4                HAL_TIM_Base_Init
 .text.HAL_TIMEx_CommutationCallback
                0x08004126        0x2 Drivers\STM32F4xx_HAL_Driver\stm32f4xx_hal_tim_ex.o
                0x08004126                HAL_TIMEx_CommutationCallback
 .text.HAL_TIMEx_BreakCallback
                0x08004128        0x2 Drivers\STM32F4xx_HAL_Driver\stm32f4xx_hal_tim_ex.o
                0x08004128                HAL_TIMEx_BreakCallback
 .text.UART_EndRxTransfer
                0x0800412a       0x1c Drivers\STM32F4xx_HAL_Driver\stm32f4xx_hal_uart.o
 .text.UART_Transmit_IT
                0x08004146       0x6a Drivers\STM32F4xx_HAL_Driver\stm32f4xx_hal_uart.o
 .text.UART_SetConfig
                0x080041b0      0x344 Drivers\STM32F4xx_HAL_Driver\stm32f4xx_hal_uart.o
 .text.UART_WaitOnFlagUntilTimeout
                0x080044f4       0x64 Drivers\STM32F4xx_HAL_Driver\stm32f4xx_hal_uart.o
 .text.HAL_UART_Init
                0x08004558       0x5e Drivers\STM32F4xx_HAL_Driver\stm32f4xx_hal_uart.o
                0x08004558                HAL_UART_Init
 .text.HAL_UART_Transmit
                0x080045b6       0xe2 Drivers\STM32F4xx_HAL_Driver\stm32f4xx_hal_uart.o
                0x080045b6                HAL_UART_Transmit
 .text.HAL_UART_Transmit_IT
                0x08004698       0x48 Drivers\STM32F4xx_HAL_Driver\stm32f4xx_hal_uart.o
                0x08004698                HAL_UART_Transmit_IT
 .text.HAL_UART_Receive_IT
                0x080046e0       0x52 Drivers\STM32F4xx_HAL_Driver\stm32f4xx_hal_uart.o
                0x080046e0                HAL_UART_Receive_IT
 .text.UART_EndTransmit_IT
                0x08004732       0x1a Drivers\STM32F4xx_HAL_Driver\stm32f4xx_hal_uart.o
 .text.UART_Receive_IT
                0x0800474c       0x94 Drivers\STM32F4xx_HAL_Driver\stm32f4xx_hal_uart.o
 .text.HAL_UART_ErrorCallback
                0x080047e0        0x2 Drivers\STM32F4xx_HAL_Driver\stm32f4xx_hal_uart.o
                0x080047e0                HAL_UART_ErrorCallback
 *fill*         0x080047e2        0x2 
 .text.HAL_UART_IRQHandler
                0x080047e4      0x120 Drivers\STM32F4xx_HAL_Driver\stm32f4xx_hal_uart.o
                0x080047e4                HAL_UART_IRQHandler
 .text.UART_DMAAbortOnError
                0x08004904       0x10 Drivers\STM32F4xx_HAL_Driver\stm32f4xx_hal_uart.o
 .text.wf200_init_chip
                0x08004914       0xec Drivers\WF200_Driver\wf200.o
 .text.poll_for_value
                0x08004a00       0x38 Drivers\WF200_Driver\wf200.o
 .text.wf200_download_run_bootloader
                0x08004a38       0x6c Drivers\WF200_Driver\wf200.o
 .text.wf200_compare_keysets
                0x08004aa4       0x32 Drivers\WF200_Driver\wf200.o
 *fill*         0x08004ad6        0x2 
 .text.wf200_download_run_firmware
                0x08004ad8      0x294 Drivers\WF200_Driver\wf200.o
 .text.wf200_send_request
                0x08004d6c       0x1c Drivers\WF200_Driver\wf200.o
 .text.wf200_send_join_command
                0x08004d88       0xd8 Drivers\WF200_Driver\wf200.o
                0x08004d88                wf200_send_join_command
 .text.wf200_send_ethernet_frame
                0x08004e60       0x5c Drivers\WF200_Driver\wf200.o
                0x08004e60                wf200_send_ethernet_frame
 .text.wf200_send_configuration
                0x08004ebc       0x7c Drivers\WF200_Driver\wf200.o
                0x08004ebc                wf200_send_configuration
 .text.wf200_send_command
                0x08004f38       0x82 Drivers\WF200_Driver\wf200.o
                0x08004f38                wf200_send_command
 .text.wf200_start_ap_command
                0x08004fba       0x7e Drivers\WF200_Driver\wf200.o
                0x08004fba                wf200_start_ap_command
 .text.wf200_receive_frame
                0x08005038       0x9a Drivers\WF200_Driver\wf200.o
                0x08005038                wf200_receive_frame
 .text.wf200_enable_irq
                0x080050d2       0x30 Drivers\WF200_Driver\wf200.o
                0x080050d2                wf200_enable_irq
 .text.wf200_disable_irq
                0x08005102       0x32 Drivers\WF200_Driver\wf200.o
                0x08005102                wf200_disable_irq
 .text.wf200_set_access_mode_message
                0x08005134       0x26 Drivers\WF200_Driver\wf200.o
                0x08005134                wf200_set_access_mode_message
 *fill*         0x0800515a        0x2 
 .text.wf200_init
                0x0800515c      0x11c Drivers\WF200_Driver\wf200.o
                0x0800515c                wf200_init
 .text.wf200_reg_read_16
                0x08005278       0x22 Drivers\WF200_Driver\wf200_bus.o
                0x08005278                wf200_reg_read_16
 .text.wf200_reg_write_16
                0x0800529a       0x28 Drivers\WF200_Driver\wf200_bus.o
                0x0800529a                wf200_reg_write_16
 .text.wf200_reg_read_32
                0x080052c2       0x32 Drivers\WF200_Driver\wf200_bus.o
                0x080052c2                wf200_reg_read_32
 .text.wf200_reg_write_32
                0x080052f4       0x2a Drivers\WF200_Driver\wf200_bus.o
                0x080052f4                wf200_reg_write_32
 .text.wf200_data_read
                0x0800531e        0xe Drivers\WF200_Driver\wf200_bus.o
                0x0800531e                wf200_data_read
 .text.wf200_data_write
                0x0800532c        0xe Drivers\WF200_Driver\wf200_bus.o
                0x0800532c                wf200_data_write
 .text.wf200_apb_write
                0x0800533a       0x2e Drivers\WF200_Driver\wf200_bus.o
                0x0800533a                wf200_apb_write
 .text.wf200_apb_write_32
                0x08005368       0x20 Drivers\WF200_Driver\wf200_bus.o
                0x08005368                wf200_apb_write_32
 .text.wf200_apb_read_32
                0x08005388       0x4e Drivers\WF200_Driver\wf200_bus.o
                0x08005388                wf200_apb_read_32
 .text.wf200_reg_read
                0x080053d6       0x5a Drivers\WF200_Driver\wf200_bus_spi.o
                0x080053d6                wf200_reg_read
 .text.wf200_reg_write
                0x08005430       0x52 Drivers\WF200_Driver\wf200_bus_spi.o
                0x08005430                wf200_reg_write
 *fill*         0x08005482        0x2 
 .text.wf200_init_bus
                0x08005484       0x4c Drivers\WF200_Driver\wf200_bus_spi.o
                0x08005484                wf200_init_bus
 .text.wf200_deinit_bus
                0x080054d0        0x8 Drivers\WF200_Driver\wf200_bus_spi.o
                0x080054d0                wf200_deinit_bus
 .text.makeFreeRtosPriority
                0x080054d8        0xc Middlewares\FreeRTOS\cmsis_os.o
 .text.inHandlerMode
                0x080054e4        0xc Middlewares\FreeRTOS\cmsis_os.o
 .text.osKernelStart
                0x080054f0        0xa Middlewares\FreeRTOS\cmsis_os.o
                0x080054f0                osKernelStart
 .text.osKernelSysTick
                0x080054fa       0x14 Middlewares\FreeRTOS\cmsis_os.o
                0x080054fa                osKernelSysTick
 .text.osThreadCreate
                0x0800550e       0x34 Middlewares\FreeRTOS\cmsis_os.o
                0x0800550e                osThreadCreate
 .text.osThreadTerminate
                0x08005542        0xa Middlewares\FreeRTOS\cmsis_os.o
                0x08005542                osThreadTerminate
 .text.osDelay  0x0800554c       0x12 Middlewares\FreeRTOS\cmsis_os.o
                0x0800554c                osDelay
 .text.osMutexCreate
                0x0800555e        0xa Middlewares\FreeRTOS\cmsis_os.o
                0x0800555e                osMutexCreate
 .text.osMutexWait
                0x08005568       0x74 Middlewares\FreeRTOS\cmsis_os.o
                0x08005568                osMutexWait
 .text.osMutexRelease
                0x080055dc       0x5c Middlewares\FreeRTOS\cmsis_os.o
                0x080055dc                osMutexRelease
 .text.osMessageCreate
                0x08005638        0xe Middlewares\FreeRTOS\cmsis_os.o
                0x08005638                osMessageCreate
 *fill*         0x08005646        0x2 
 .text.osMessagePut
                0x08005648       0x68 Middlewares\FreeRTOS\cmsis_os.o
                0x08005648                osMessagePut
 .text.osMessageGet
                0x080056b0       0xa0 Middlewares\FreeRTOS\cmsis_os.o
                0x080056b0                osMessageGet
 .text.osSystickHandler
                0x08005750       0x10 Middlewares\FreeRTOS\cmsis_os.o
                0x08005750                osSystickHandler
 .text.prvHeapInit
                0x08005760       0x64 Middlewares\FreeRTOS\heap_4.o
 .text.prvInsertBlockIntoFreeList
                0x080057c4       0x58 Middlewares\FreeRTOS\heap_4.o
 .text.pvPortMalloc
                0x0800581c      0x108 Middlewares\FreeRTOS\heap_4.o
                0x0800581c                pvPortMalloc
 .text.vPortFree
                0x08005924       0x70 Middlewares\FreeRTOS\heap_4.o
                0x08005924                vPortFree
 .text.vListInitialise
                0x08005994       0x16 Middlewares\FreeRTOS\list.o
                0x08005994                vListInitialise
 .text.vListInitialiseItem
                0x080059aa        0x6 Middlewares\FreeRTOS\list.o
                0x080059aa                vListInitialiseItem
 .text.vListInsertEnd
                0x080059b0       0x18 Middlewares\FreeRTOS\list.o
                0x080059b0                vListInsertEnd
 .text.vListInsert
                0x080059c8       0x34 Middlewares\FreeRTOS\list.o
                0x080059c8                vListInsert
 .text.uxListRemove
                0x080059fc       0x26 Middlewares\FreeRTOS\list.o
                0x080059fc                uxListRemove
 *fill*         0x08005a22        0x2 
 .text.prvTaskExitError
                0x08005a24       0x34 Middlewares\FreeRTOS\port.o
 .text.prvPortStartFirstTask
                0x08005a58       0x20 Middlewares\FreeRTOS\port.o
 .text.vPortEnableVFP
                0x08005a78       0x14 Middlewares\FreeRTOS\port.o
 .text.pxPortInitialiseStack
                0x08005a8c       0x2c Middlewares\FreeRTOS\port.o
                0x08005a8c                pxPortInitialiseStack
 *fill*         0x08005ab8        0x8 
 .text.SVC_Handler
                0x08005ac0       0x24 Middlewares\FreeRTOS\port.o
                0x08005ac0                SVC_Handler
 .text.vPortEnterCritical
                0x08005ae4       0x44 Middlewares\FreeRTOS\port.o
                0x08005ae4                vPortEnterCritical
 .text.vPortExitCritical
                0x08005b28       0x2c Middlewares\FreeRTOS\port.o
                0x08005b28                vPortExitCritical
 *fill*         0x08005b54        0xc 
 .text.PendSV_Handler
                0x08005b60       0x64 Middlewares\FreeRTOS\port.o
                0x08005b60                PendSV_Handler
 .text.xPortSysTickHandler
                0x08005bc4       0x2c Middlewares\FreeRTOS\port.o
                0x08005bc4                xPortSysTickHandler
 .text.vPortSetupTimerInterrupt
                0x08005bf0       0x2c Middlewares\FreeRTOS\port.o
                0x08005bf0                vPortSetupTimerInterrupt
 .text.xPortStartScheduler
                0x08005c1c       0xec Middlewares\FreeRTOS\port.o
                0x08005c1c                xPortStartScheduler
 .text.vPortValidateInterruptPriority
                0x08005d08       0x5c Middlewares\FreeRTOS\port.o
                0x08005d08                vPortValidateInterruptPriority
 .text.prvIsQueueFull
                0x08005d64       0x1e Middlewares\FreeRTOS\queue.o
 .text.prvIsQueueEmpty
                0x08005d82       0x1a Middlewares\FreeRTOS\queue.o
 .text.prvCopyDataToQueue
                0x08005d9c       0x76 Middlewares\FreeRTOS\queue.o
 .text.prvCopyDataFromQueue
                0x08005e12       0x24 Middlewares\FreeRTOS\queue.o
 .text.prvUnlockQueue
                0x08005e36       0x6e Middlewares\FreeRTOS\queue.o
 .text.xQueueGenericReset
                0x08005ea4       0x80 Middlewares\FreeRTOS\queue.o
                0x08005ea4                xQueueGenericReset
 .text.prvInitialiseNewQueue
                0x08005f24       0x1c Middlewares\FreeRTOS\queue.o
 .text.xQueueGenericCreate
                0x08005f40       0x48 Middlewares\FreeRTOS\queue.o
                0x08005f40                xQueueGenericCreate
 .text.xQueueGenericSend
                0x08005f88      0x188 Middlewares\FreeRTOS\queue.o
                0x08005f88                xQueueGenericSend
 .text.prvInitialiseMutex
                0x08006110       0x18 Middlewares\FreeRTOS\queue.o
 .text.xQueueCreateMutex
                0x08006128       0x16 Middlewares\FreeRTOS\queue.o
                0x08006128                xQueueCreateMutex
 .text.xQueueGenericSendFromISR
                0x0800613e       0xde Middlewares\FreeRTOS\queue.o
                0x0800613e                xQueueGenericSendFromISR
 .text.xQueueGiveFromISR
                0x0800621c       0xbc Middlewares\FreeRTOS\queue.o
                0x0800621c                xQueueGiveFromISR
 .text.xQueueGenericReceive
                0x080062d8      0x1b0 Middlewares\FreeRTOS\queue.o
                0x080062d8                xQueueGenericReceive
 .text.xQueueReceiveFromISR
                0x08006488       0xb6 Middlewares\FreeRTOS\queue.o
                0x08006488                xQueueReceiveFromISR
 *fill*         0x0800653e        0x2 
 .text.prvResetNextTaskUnblockTime
                0x08006540       0x34 Middlewares\FreeRTOS\tasks.o
 .text.prvDeleteTCB
                0x08006574       0x12 Middlewares\FreeRTOS\tasks.o
 .text.prvInitialiseNewTask
                0x08006586       0x80 Middlewares\FreeRTOS\tasks.o
 *fill*         0x08006606        0x2 
 .text.prvInitialiseTaskLists
                0x08006608       0x5c Middlewares\FreeRTOS\tasks.o
 .text.prvAddNewTaskToReadyList
                0x08006664       0xa8 Middlewares\FreeRTOS\tasks.o
 .text.prvAddCurrentTaskToDelayedList
                0x0800670c       0x7c Middlewares\FreeRTOS\tasks.o
 .text.xTaskCreate
                0x08006788       0x62 Middlewares\FreeRTOS\tasks.o
                0x08006788                xTaskCreate
 *fill*         0x080067ea        0x2 
 .text.vTaskDelete
                0x080067ec       0xe0 Middlewares\FreeRTOS\tasks.o
                0x080067ec                vTaskDelete
 .text.vTaskStartScheduler
                0x080068cc       0x7c Middlewares\FreeRTOS\tasks.o
                0x080068cc                vTaskStartScheduler
 .text.vTaskSuspendAll
                0x08006948       0x10 Middlewares\FreeRTOS\tasks.o
                0x08006948                vTaskSuspendAll
 .text.xTaskGetTickCount
                0x08006958        0xc Middlewares\FreeRTOS\tasks.o
                0x08006958                xTaskGetTickCount
 .text.xTaskGetTickCountFromISR
                0x08006964       0x10 Middlewares\FreeRTOS\tasks.o
                0x08006964                xTaskGetTickCountFromISR
 .text.xTaskIncrementTick
                0x08006974      0x120 Middlewares\FreeRTOS\tasks.o
                0x08006974                xTaskIncrementTick
 .text.xTaskResumeAll
                0x08006a94       0xfc Middlewares\FreeRTOS\tasks.o
                0x08006a94                xTaskResumeAll
 .text.vTaskDelay
                0x08006b90       0x50 Middlewares\FreeRTOS\tasks.o
                0x08006b90                vTaskDelay
 .text.prvCheckTasksWaitingTermination
                0x08006be0       0x5c Middlewares\FreeRTOS\tasks.o
 .text.prvIdleTask
                0x08006c3c       0x28 Middlewares\FreeRTOS\tasks.o
 .text.vTaskSwitchContext
                0x08006c64       0x9c Middlewares\FreeRTOS\tasks.o
                0x08006c64                vTaskSwitchContext
 .text.vTaskPlaceOnEventList
                0x08006d00       0x30 Middlewares\FreeRTOS\tasks.o
                0x08006d00                vTaskPlaceOnEventList
 .text.xTaskRemoveFromEventList
                0x08006d30       0x8c Middlewares\FreeRTOS\tasks.o
                0x08006d30                xTaskRemoveFromEventList
 .text.vTaskSetTimeOutState
                0x08006dbc       0x2c Middlewares\FreeRTOS\tasks.o
                0x08006dbc                vTaskSetTimeOutState
 .text.xTaskCheckForTimeOut
                0x08006de8       0x78 Middlewares\FreeRTOS\tasks.o
                0x08006de8                xTaskCheckForTimeOut
 .text.vTaskMissedYield
                0x08006e60        0xc Middlewares\FreeRTOS\tasks.o
                0x08006e60                vTaskMissedYield
 .text.xTaskGetSchedulerState
                0x08006e6c       0x20 Middlewares\FreeRTOS\tasks.o
                0x08006e6c                xTaskGetSchedulerState
 .text.vTaskPriorityInherit
                0x08006e8c       0xa4 Middlewares\FreeRTOS\tasks.o
                0x08006e8c                vTaskPriorityInherit
 .text.xTaskPriorityDisinherit
                0x08006f30       0xb4 Middlewares\FreeRTOS\tasks.o
                0x08006f30                xTaskPriorityDisinherit
 .text.pvTaskIncrementMutexHeldCount
                0x08006fe4       0x1c Middlewares\FreeRTOS\tasks.o
                0x08006fe4                pvTaskIncrementMutexHeldCount
 .text.ulTaskNotifyTake
                0x08007000       0x78 Middlewares\FreeRTOS\tasks.o
                0x08007000                ulTaskNotifyTake
 .text.vTaskNotifyGiveFromISR
                0x08007078       0xd0 Middlewares\FreeRTOS\tasks.o
                0x08007078                vTaskNotifyGiveFromISR
 .text.netifapi_do_netif_common
                0x08007148       0x16 Middlewares\LwIP\api\netifapi.o
 *fill*         0x0800715e        0x2 
 .text.netifapi_netif_common
                0x08007160       0x1c Middlewares\LwIP\api\netifapi.o
                0x08007160                netifapi_netif_common
 .text.tcpip_timeouts_mbox_fetch
                0x0800717c       0x64 Middlewares\LwIP\api\tcpip.o
 .text.tcpip_thread_handle_msg
                0x080071e0       0x60 Middlewares\LwIP\api\tcpip.o
 .text.tcpip_thread
                0x08007240       0x54 Middlewares\LwIP\api\tcpip.o
 .text.tcpip_inpkt
                0x08007294       0x68 Middlewares\LwIP\api\tcpip.o
                0x08007294                tcpip_inpkt
 .text.tcpip_input
                0x080072fc       0x24 Middlewares\LwIP\api\tcpip.o
                0x080072fc                tcpip_input
 .text.tcpip_callback
                0x08007320       0x50 Middlewares\LwIP\api\tcpip.o
                0x08007320                tcpip_callback
 .text.tcpip_api_call
                0x08007370       0x24 Middlewares\LwIP\api\tcpip.o
                0x08007370                tcpip_api_call
 .text.tcpip_init
                0x08007394       0x84 Middlewares\LwIP\api\tcpip.o
                0x08007394                tcpip_init
 .text.fs_open  0x08007418       0x48 Middlewares\LwIP\apps\httpd\fs.o
                0x08007418                fs_open
 .text.fs_close
                0x08007460        0x2 Middlewares\LwIP\apps\httpd\fs.o
                0x08007460                fs_close
 .text.fs_bytes_left
                0x08007462        0x8 Middlewares\LwIP\apps\httpd\fs.o
                0x08007462                fs_bytes_left
 *fill*         0x0800746a        0x2 
 .text.httpd_init_pcb
                0x0800746c       0x6c Middlewares\LwIP\apps\httpd\httpd.o
 .text.get_http_content_length
                0x080074d8       0x88 Middlewares\LwIP\apps\httpd\httpd.o
 .text.http_write
                0x08007560       0x9c Middlewares\LwIP\apps\httpd\httpd.o
 .text.http_send_data_nonssi
                0x080075fc       0x42 Middlewares\LwIP\apps\httpd\httpd.o
 *fill*         0x0800763e        0x2 
 .text.get_tag_insert
                0x08007640      0x120 Middlewares\LwIP\apps\httpd\httpd.o
 .text.http_send_data_ssi
                0x08007760      0x384 Middlewares\LwIP\apps\httpd\httpd.o
 .text.http_ssi_state_free
                0x08007ae4        0xc Middlewares\LwIP\apps\httpd\httpd.o
 .text.http_state_eof
                0x08007af0       0x2a Middlewares\LwIP\apps\httpd\httpd.o
 .text.http_state_free
                0x08007b1a       0x14 Middlewares\LwIP\apps\httpd\httpd.o
 *fill*         0x08007b2e        0x2 
 .text.http_close_or_abort_conn
                0x08007b30       0x60 Middlewares\LwIP\apps\httpd\httpd.o
 .text.http_close_conn
                0x08007b90        0xa Middlewares\LwIP\apps\httpd\httpd.o
 .text.http_eof
                0x08007b9a        0x8 Middlewares\LwIP\apps\httpd\httpd.o
 *fill*         0x08007ba2        0x2 
 .text.http_check_eof
                0x08007ba4       0x48 Middlewares\LwIP\apps\httpd\httpd.o
 .text.http_send_headers
                0x08007bec      0x11e Middlewares\LwIP\apps\httpd\httpd.o
 .text.http_send
                0x08007d0a       0x78 Middlewares\LwIP\apps\httpd\httpd.o
 .text.http_sent
                0x08007d82       0x1c Middlewares\LwIP\apps\httpd\httpd.o
 .text.http_err
                0x08007d9e        0xc Middlewares\LwIP\apps\httpd\httpd.o
 .text.http_poll
                0x08007daa       0x42 Middlewares\LwIP\apps\httpd\httpd.o
 .text.http_get_404_file
                0x08007dec       0x44 Middlewares\LwIP\apps\httpd\httpd.o
 .text.extract_uri_parameters
                0x08007e30       0x7a Middlewares\LwIP\apps\httpd\httpd.o
 *fill*         0x08007eaa        0x2 
 .text.http_uri_is_ssi
                0x08007eac       0x60 Middlewares\LwIP\apps\httpd\httpd.o
 .text.http_ssi_state_alloc
                0x08007f0c       0x18 Middlewares\LwIP\apps\httpd\httpd.o
 .text.http_state_init
                0x08007f24       0x14 Middlewares\LwIP\apps\httpd\httpd.o
 .text.http_state_alloc
                0x08007f38       0x14 Middlewares\LwIP\apps\httpd\httpd.o
 .text.http_accept
                0x08007f4c       0x6c Middlewares\LwIP\apps\httpd\httpd.o
 .text.get_http_headers
                0x08007fb8      0x118 Middlewares\LwIP\apps\httpd\httpd.o
 .text.http_init_file
                0x080080d0       0xd8 Middlewares\LwIP\apps\httpd\httpd.o
 .text.http_find_file
                0x080081a8      0x194 Middlewares\LwIP\apps\httpd\httpd.o
 .text.http_parse_request
                0x0800833c      0x160 Middlewares\LwIP\apps\httpd\httpd.o
 .text.http_recv
                0x0800849c       0xac Middlewares\LwIP\apps\httpd\httpd.o
 .text.httpd_init
                0x08008548       0x34 Middlewares\LwIP\apps\httpd\httpd.o
                0x08008548                httpd_init
 .text.http_set_cgi_handlers
                0x0800857c       0x50 Middlewares\LwIP\apps\httpd\httpd.o
                0x0800857c                http_set_cgi_handlers
 .text.lwiperf_list_add
                0x080085cc       0x10 Middlewares\LwIP\apps\lwiperf.o
 .text.lwiperf_list_find
                0x080085dc       0x18 Middlewares\LwIP\apps\lwiperf.o
 .text.lwiperf_list_remove
                0x080085f4       0x54 Middlewares\LwIP\apps\lwiperf.o
 .text.lwiperf_start_tcp_server_impl
                0x08008648       0xbc Middlewares\LwIP\apps\lwiperf.o
 .text.lwip_tcp_conn_report
                0x08008704       0x4c Middlewares\LwIP\apps\lwiperf.o
 .text.lwiperf_tcp_close
                0x08008750       0x7c Middlewares\LwIP\apps\lwiperf.o
 .text.lwiperf_tcp_accept
                0x080087cc      0x158 Middlewares\LwIP\apps\lwiperf.o
 .text.lwiperf_tcp_err
                0x08008924        0xa Middlewares\LwIP\apps\lwiperf.o
 *fill*         0x0800892e        0x2 
 .text.lwiperf_tcp_client_send_more
                0x08008930      0x124 Middlewares\LwIP\apps\lwiperf.o
 .text.lwiperf_tcp_client_sent
                0x08008a54       0x34 Middlewares\LwIP\apps\lwiperf.o
 .text.lwiperf_tcp_poll
                0x08008a88       0x50 Middlewares\LwIP\apps\lwiperf.o
 .text.lwiperf_tx_start_impl
                0x08008ad8      0x140 Middlewares\LwIP\apps\lwiperf.o
 .text.lwiperf_tx_start_passive
                0x08008c18       0x60 Middlewares\LwIP\apps\lwiperf.o
 .text.lwiperf_tcp_recv
                0x08008c78      0x190 Middlewares\LwIP\apps\lwiperf.o
 .text.lwiperf_tcp_client_connected
                0x08008e08       0x48 Middlewares\LwIP\apps\lwiperf.o
 .text.lwiperf_start_tcp_server
                0x08008e50       0x20 Middlewares\LwIP\apps\lwiperf.o
                0x08008e50                lwiperf_start_tcp_server
 .text.lwiperf_start_tcp_server_default
                0x08008e70       0x18 Middlewares\LwIP\apps\lwiperf.o
                0x08008e70                lwiperf_start_tcp_server_default
 .text.lwip_htons
                0x08008e88        0xa Middlewares\LwIP\core\def.o
                0x08008e88                lwip_htons
 .text.lwip_htonl
                0x08008e92       0x18 Middlewares\LwIP\core\def.o
                0x08008e92                lwip_htonl
 .text.lwip_strnstr
                0x08008eaa       0x54 Middlewares\LwIP\core\def.o
                0x08008eaa                lwip_strnstr
 .text.lwip_stricmp
                0x08008efe       0x3a Middlewares\LwIP\core\def.o
                0x08008efe                lwip_stricmp
 .text.lwip_itoa
                0x08008f38       0x80 Middlewares\LwIP\core\def.o
                0x08008f38                lwip_itoa
 .text.lwip_standard_chksum
                0x08008fb8       0x68 Middlewares\LwIP\core\inet_chksum.o
                0x08008fb8                lwip_standard_chksum
 .text.inet_cksum_pseudo_base
                0x08009020       0x6c Middlewares\LwIP\core\inet_chksum.o
 .text.inet_chksum_pseudo
                0x0800908c       0x28 Middlewares\LwIP\core\inet_chksum.o
                0x0800908c                inet_chksum_pseudo
 .text.ip_chksum_pseudo
                0x080090b4       0x10 Middlewares\LwIP\core\inet_chksum.o
                0x080090b4                ip_chksum_pseudo
 .text.inet_chksum
                0x080090c4        0xc Middlewares\LwIP\core\inet_chksum.o
                0x080090c4                inet_chksum
 .text.inet_chksum_pbuf
                0x080090d0       0x48 Middlewares\LwIP\core\inet_chksum.o
                0x080090d0                inet_chksum_pbuf
 .text.lwip_init
                0x08009118       0x20 Middlewares\LwIP\core\init.o
                0x08009118                lwip_init
 .text.dhcp_set_state
                0x08009138       0x10 Middlewares\LwIP\core\ipv4\dhcp.o
 .text.dhcp_option_short
                0x08009148       0x3c Middlewares\LwIP\core\ipv4\dhcp.o
 .text.dhcp_option
                0x08009184       0x3c Middlewares\LwIP\core\ipv4\dhcp.o
 .text.dhcp_option_byte
                0x080091c0       0x30 Middlewares\LwIP\core\ipv4\dhcp.o
 .text.dhcp_option_long
                0x080091f0       0x50 Middlewares\LwIP\core\ipv4\dhcp.o
 .text.dhcp_create_msg
                0x08009240      0x13c Middlewares\LwIP\core\ipv4\dhcp.o
 .text.dhcp_handle_ack
                0x0800937c       0x7c Middlewares\LwIP\core\ipv4\dhcp.o
 .text.dhcp_option_trailer
                0x080093f8       0x32 Middlewares\LwIP\core\ipv4\dhcp.o
 *fill*         0x0800942a        0x2 
 .text.dhcp_rebind
                0x0800942c       0xf0 Middlewares\LwIP\core\ipv4\dhcp.o
 .text.dhcp_t2_timeout
                0x0800951c       0x30 Middlewares\LwIP\core\ipv4\dhcp.o
 .text.dhcp_reboot
                0x0800954c      0x114 Middlewares\LwIP\core\ipv4\dhcp.o
 .text.dhcp_select
                0x08009660      0x180 Middlewares\LwIP\core\ipv4\dhcp.o
 .text.dhcp_handle_offer
                0x080097e0       0x30 Middlewares\LwIP\core\ipv4\dhcp.o
 .text.dhcp_discover
                0x08009810       0xf4 Middlewares\LwIP\core\ipv4\dhcp.o
 .text.dhcp_decline
                0x08009904       0x9c Middlewares\LwIP\core\ipv4\dhcp.o
 .text.dhcp_check
                0x080099a0       0x2a Middlewares\LwIP\core\ipv4\dhcp.o
 *fill*         0x080099ca        0x2 
 .text.dhcp_bind
                0x080099cc      0x128 Middlewares\LwIP\core\ipv4\dhcp.o
 .text.dhcp_handle_nak
                0x08009af4       0x24 Middlewares\LwIP\core\ipv4\dhcp.o
 .text.dhcp_dec_pcb_refcount
                0x08009b18       0x48 Middlewares\LwIP\core\ipv4\dhcp.o
 .text.dhcp_inc_pcb_refcount
                0x08009b60       0x7c Middlewares\LwIP\core\ipv4\dhcp.o
 .text.dhcp_parse_reply
                0x08009bdc      0x490 Middlewares\LwIP\core\ipv4\dhcp.o
 .text.dhcp_recv
                0x0800a06c       0xec Middlewares\LwIP\core\ipv4\dhcp.o
 .text.dhcp_network_changed
                0x0800a158       0x54 Middlewares\LwIP\core\ipv4\dhcp.o
                0x0800a158                dhcp_network_changed
 .text.dhcp_arp_reply
                0x0800a1ac       0x40 Middlewares\LwIP\core\ipv4\dhcp.o
                0x0800a1ac                dhcp_arp_reply
 .text.dhcp_renew
                0x0800a1ec       0xf0 Middlewares\LwIP\core\ipv4\dhcp.o
                0x0800a1ec                dhcp_renew
 .text.dhcp_t1_timeout
                0x0800a2dc       0x2c Middlewares\LwIP\core\ipv4\dhcp.o
 .text.dhcp_supplied_address
                0x0800a308       0x2e Middlewares\LwIP\core\ipv4\dhcp.o
                0x0800a308                dhcp_supplied_address
 *fill*         0x0800a336        0x2 
 .text.dhcp_release_and_stop
                0x0800a338       0xc4 Middlewares\LwIP\core\ipv4\dhcp.o
                0x0800a338                dhcp_release_and_stop
 .text.dhcp_start
                0x0800a3fc       0xc4 Middlewares\LwIP\core\ipv4\dhcp.o
                0x0800a3fc                dhcp_start
 .text.dhcp_coarse_tmr
                0x0800a4c0       0x64 Middlewares\LwIP\core\ipv4\dhcp.o
                0x0800a4c0                dhcp_coarse_tmr
 .text.dhcp_timeout
                0x0800a524       0x62 Middlewares\LwIP\core\ipv4\dhcp.o
 *fill*         0x0800a586        0x2 
 .text.dhcp_fine_tmr
                0x0800a588       0x34 Middlewares\LwIP\core\ipv4\dhcp.o
                0x0800a588                dhcp_fine_tmr
 .text.dhcp_stop
                0x0800a5bc        0x8 Middlewares\LwIP\core\ipv4\dhcp.o
                0x0800a5bc                dhcp_stop
 .text.etharp_free_entry
                0x0800a5c4       0x34 Middlewares\LwIP\core\ipv4\etharp.o
 .text.etharp_find_entry
                0x0800a5f8      0x1d4 Middlewares\LwIP\core\ipv4\etharp.o
 .text.etharp_update_arp_entry
                0x0800a7cc       0xfc Middlewares\LwIP\core\ipv4\etharp.o
 .text.etharp_raw
                0x0800a8c8       0xe4 Middlewares\LwIP\core\ipv4\etharp.o
 .text.etharp_request_dst
                0x0800a9ac       0x28 Middlewares\LwIP\core\ipv4\etharp.o
 .text.etharp_add_static_entry
                0x0800a9d4       0x1e Middlewares\LwIP\core\ipv4\etharp.o
                0x0800a9d4                etharp_add_static_entry
 *fill*         0x0800a9f2        0x2 
 .text.etharp_cleanup_netif
                0x0800a9f4       0x38 Middlewares\LwIP\core\ipv4\etharp.o
                0x0800a9f4                etharp_cleanup_netif
 .text.etharp_input
                0x0800aa2c       0xc4 Middlewares\LwIP\core\ipv4\etharp.o
                0x0800aa2c                etharp_input
 .text.etharp_request
                0x0800aaf0       0x10 Middlewares\LwIP\core\ipv4\etharp.o
                0x0800aaf0                etharp_request
 .text.etharp_tmr
                0x0800ab00       0x8c Middlewares\LwIP\core\ipv4\etharp.o
                0x0800ab00                etharp_tmr
 .text.etharp_output_to_arp_index
                0x0800ab8c       0xd4 Middlewares\LwIP\core\ipv4\etharp.o
 .text.etharp_query
                0x0800ac60      0x1bc Middlewares\LwIP\core\ipv4\etharp.o
                0x0800ac60                etharp_query
 .text.etharp_output
                0x0800ae1c      0x178 Middlewares\LwIP\core\ipv4\etharp.o
                0x0800ae1c                etharp_output
 .text.icmp_send_response
                0x0800af94       0xbc Middlewares\LwIP\core\ipv4\icmp.o
 .text.icmp_input
                0x0800b050      0x180 Middlewares\LwIP\core\ipv4\icmp.o
                0x0800b050                icmp_input
 .text.icmp_dest_unreach
                0x0800b1d0        0xc Middlewares\LwIP\core\ipv4\icmp.o
                0x0800b1d0                icmp_dest_unreach
 .text.icmp_time_exceeded
                0x0800b1dc        0xc Middlewares\LwIP\core\ipv4\icmp.o
                0x0800b1dc                icmp_time_exceeded
 .text.ip4_input_accept
                0x0800b1e8       0x38 Middlewares\LwIP\core\ipv4\ip4.o
 .text.ip4_route
                0x0800b220       0xb8 Middlewares\LwIP\core\ipv4\ip4.o
                0x0800b220                ip4_route
 .text.ip4_input
                0x0800b2d8      0x1d8 Middlewares\LwIP\core\ipv4\ip4.o
                0x0800b2d8                ip4_input
 .text.ip4_output_if_src
                0x0800b4b0      0x144 Middlewares\LwIP\core\ipv4\ip4.o
                0x0800b4b0                ip4_output_if_src
 .text.ip4_output_if
                0x0800b5f4       0x2a Middlewares\LwIP\core\ipv4\ip4.o
                0x0800b5f4                ip4_output_if
 .text.ip4_addr_isbroadcast_u32
                0x0800b61e       0x40 Middlewares\LwIP\core\ipv4\ip4_addr.o
                0x0800b61e                ip4_addr_isbroadcast_u32
 *fill*         0x0800b65e        0x2 
 .text.ip_reass_dequeue_datagram
                0x0800b660       0x48 Middlewares\LwIP\core\ipv4\ip4_frag.o
 .text.ip_reass_free_complete_datagram
                0x0800b6a8      0x10c Middlewares\LwIP\core\ipv4\ip4_frag.o
 .text.ip_reass_remove_oldest_datagram
                0x0800b7b4       0x7c Middlewares\LwIP\core\ipv4\ip4_frag.o
 .text.ip_frag_free_pbuf_custom_ref
                0x0800b830       0x2c Middlewares\LwIP\core\ipv4\ip4_frag.o
 .text.ipfrag_free_pbuf_custom
                0x0800b85c       0x34 Middlewares\LwIP\core\ipv4\ip4_frag.o
 .text.ip_reass_chain_frag_into_datagram_and_validate
                0x0800b890      0x1c0 Middlewares\LwIP\core\ipv4\ip4_frag.o
 .text.ip_frag_alloc_pbuf_custom_ref
                0x0800ba50        0xa Middlewares\LwIP\core\ipv4\ip4_frag.o
 *fill*         0x0800ba5a        0x2 
 .text.ip_reass_enqueue_new_datagram
                0x0800ba5c       0x60 Middlewares\LwIP\core\ipv4\ip4_frag.o
 .text.ip_reass_tmr
                0x0800babc       0x2c Middlewares\LwIP\core\ipv4\ip4_frag.o
                0x0800babc                ip_reass_tmr
 .text.ip4_reass
                0x0800bae8      0x228 Middlewares\LwIP\core\ipv4\ip4_frag.o
                0x0800bae8                ip4_reass
 .text.ip4_frag
                0x0800bd10      0x200 Middlewares\LwIP\core\ipv4\ip4_frag.o
                0x0800bd10                ip4_frag
 .text.ptr_to_mem
                0x0800bf10        0xc Middlewares\LwIP\core\mem.o
 .text.mem_to_ptr
                0x0800bf1c       0x10 Middlewares\LwIP\core\mem.o
 .text.mem_link_valid
                0x0800bf2c       0x5c Middlewares\LwIP\core\mem.o
 .text.plug_holes
                0x0800bf88      0x100 Middlewares\LwIP\core\mem.o
 .text.mem_init
                0x0800c088       0x68 Middlewares\LwIP\core\mem.o
                0x0800c088                mem_init
 .text.mem_free
                0x0800c0f0       0xf0 Middlewares\LwIP\core\mem.o
                0x0800c0f0                mem_free
 .text.mem_trim
                0x0800c1e0      0x1a8 Middlewares\LwIP\core\mem.o
                0x0800c1e0                mem_trim
 .text.mem_malloc
                0x0800c388      0x184 Middlewares\LwIP\core\mem.o
                0x0800c388                mem_malloc
 .text.do_memp_malloc_pool
                0x0800c50c       0x48 Middlewares\LwIP\core\memp.o
 .text.do_memp_free_pool
                0x0800c554       0x3c Middlewares\LwIP\core\memp.o
 .text.memp_init_pool
                0x0800c590       0x28 Middlewares\LwIP\core\memp.o
                0x0800c590                memp_init_pool
 .text.memp_init
                0x0800c5b8       0x20 Middlewares\LwIP\core\memp.o
                0x0800c5b8                memp_init
 .text.memp_malloc
                0x0800c5d8       0x34 Middlewares\LwIP\core\memp.o
                0x0800c5d8                memp_malloc
 .text.memp_free
                0x0800c60c       0x34 Middlewares\LwIP\core\memp.o
                0x0800c60c                memp_free
 .text.netif_do_set_netmask
                0x0800c640       0x18 Middlewares\LwIP\core\netif.o
 .text.netif_do_set_gw
                0x0800c658       0x18 Middlewares\LwIP\core\netif.o
 .text.netif_null_output_ip4
                0x0800c670        0x6 Middlewares\LwIP\core\netif.o
 .text.netif_do_ip_addr_changed
                0x0800c676       0x14 Middlewares\LwIP\core\netif.o
 *fill*         0x0800c68a        0x2 
 .text.netif_issue_reports
                0x0800c68c       0x50 Middlewares\LwIP\core\netif.o
 .text.netif_do_set_ipaddr
                0x0800c6dc       0x6c Middlewares\LwIP\core\netif.o
 .text.netif_init
                0x0800c748        0x2 Middlewares\LwIP\core\netif.o
                0x0800c748                netif_init
 *fill*         0x0800c74a        0x2 
 .text.netif_set_addr
                0x0800c74c       0x6c Middlewares\LwIP\core\netif.o
                0x0800c74c                netif_set_addr
 .text.netif_add
                0x0800c7b8      0x124 Middlewares\LwIP\core\netif.o
                0x0800c7b8                netif_add
 .text.netif_set_default
                0x0800c8dc        0xc Middlewares\LwIP\core\netif.o
                0x0800c8dc                netif_set_default
 .text.netif_set_up
                0x0800c8e8       0x3c Middlewares\LwIP\core\netif.o
                0x0800c8e8                netif_set_up
 .text.netif_set_down
                0x0800c924       0x40 Middlewares\LwIP\core\netif.o
                0x0800c924                netif_set_down
 .text.netif_set_link_up
                0x0800c964       0x50 Middlewares\LwIP\core\netif.o
                0x0800c964                netif_set_link_up
 .text.netif_set_link_down
                0x0800c9b4       0x3c Middlewares\LwIP\core\netif.o
                0x0800c9b4                netif_set_link_down
 .text.netif_get_by_index
                0x0800c9f0       0x24 Middlewares\LwIP\core\netif.o
                0x0800c9f0                netif_get_by_index
 .text.pbuf_init_alloced_pbuf
                0x0800ca14       0x24 Middlewares\LwIP\core\pbuf.o
 .text.pbuf_skip_const
                0x0800ca38       0x16 Middlewares\LwIP\core\pbuf.o
 *fill*         0x0800ca4e        0x2 
 .text.pbuf_add_header_impl
                0x0800ca50       0x7c Middlewares\LwIP\core\pbuf.o
 .text.pbuf_alloc_reference
                0x0800cacc       0x4c Middlewares\LwIP\core\pbuf.o
                0x0800cacc                pbuf_alloc_reference
 .text.pbuf_alloced_custom
                0x0800cb18       0x3a Middlewares\LwIP\core\pbuf.o
                0x0800cb18                pbuf_alloced_custom
 .text.pbuf_add_header
                0x0800cb52        0xa Middlewares\LwIP\core\pbuf.o
                0x0800cb52                pbuf_add_header
 .text.pbuf_remove_header
                0x0800cb5c       0x6c Middlewares\LwIP\core\pbuf.o
                0x0800cb5c                pbuf_remove_header
 .text.pbuf_header_impl
                0x0800cbc8       0x14 Middlewares\LwIP\core\pbuf.o
 .text.pbuf_header_force
                0x0800cbdc        0xa Middlewares\LwIP\core\pbuf.o
                0x0800cbdc                pbuf_header_force
 *fill*         0x0800cbe6        0x2 
 .text.pbuf_free
                0x0800cbe8       0xd4 Middlewares\LwIP\core\pbuf.o
                0x0800cbe8                pbuf_free
 .text.pbuf_alloc
                0x0800ccbc      0x158 Middlewares\LwIP\core\pbuf.o
                0x0800ccbc                pbuf_alloc
 .text.pbuf_realloc
                0x0800ce14       0xa8 Middlewares\LwIP\core\pbuf.o
                0x0800ce14                pbuf_realloc
 .text.pbuf_clen
                0x0800cebc       0x12 Middlewares\LwIP\core\pbuf.o
                0x0800cebc                pbuf_clen
 *fill*         0x0800cece        0x2 
 .text.pbuf_ref
                0x0800ced0       0x38 Middlewares\LwIP\core\pbuf.o
                0x0800ced0                pbuf_ref
 .text.pbuf_cat
                0x0800cf08       0x74 Middlewares\LwIP\core\pbuf.o
                0x0800cf08                pbuf_cat
 .text.pbuf_chain
                0x0800cf7c       0x10 Middlewares\LwIP\core\pbuf.o
                0x0800cf7c                pbuf_chain
 .text.pbuf_copy
                0x0800cf8c      0x12c Middlewares\LwIP\core\pbuf.o
                0x0800cf8c                pbuf_copy
 .text.pbuf_copy_partial
                0x0800d0b8       0x8c Middlewares\LwIP\core\pbuf.o
                0x0800d0b8                pbuf_copy_partial
 .text.pbuf_skip
                0x0800d144        0x8 Middlewares\LwIP\core\pbuf.o
                0x0800d144                pbuf_skip
 .text.pbuf_clone
                0x0800d14c       0x38 Middlewares\LwIP\core\pbuf.o
                0x0800d14c                pbuf_clone
 .text.pbuf_try_get_at
                0x0800d184       0x2e Middlewares\LwIP\core\pbuf.o
                0x0800d184                pbuf_try_get_at
 .text.pbuf_get_at
                0x0800d1b2       0x12 Middlewares\LwIP\core\pbuf.o
                0x0800d1b2                pbuf_get_at
 .text.pbuf_put_at
                0x0800d1c4       0x22 Middlewares\LwIP\core\pbuf.o
                0x0800d1c4                pbuf_put_at
 .text.pbuf_memcmp
                0x0800d1e6       0x6c Middlewares\LwIP\core\pbuf.o
                0x0800d1e6                pbuf_memcmp
 *fill*         0x0800d252        0x2 
 .text.tcp_new_port
                0x0800d254       0x68 Middlewares\LwIP\core\tcp.o
 .text.tcp_remove_listener
                0x0800d2bc       0x34 Middlewares\LwIP\core\tcp.o
 .text.tcp_listen_closed
                0x0800d2f0       0x58 Middlewares\LwIP\core\tcp.o
 .text.tcp_free_listen
                0x0800d348       0x30 Middlewares\LwIP\core\tcp.o
 .text.tcp_close_shutdown_fin
                0x0800d378       0x88 Middlewares\LwIP\core\tcp.o
 .text.tcp_handle_closepend
                0x0800d400       0x2c Middlewares\LwIP\core\tcp.o
 .text.tcp_init
                0x0800d42c       0x18 Middlewares\LwIP\core\tcp.o
                0x0800d42c                tcp_init
 .text.tcp_free
                0x0800d444       0x30 Middlewares\LwIP\core\tcp.o
                0x0800d444                tcp_free
 .text.tcp_bind
                0x0800d474       0xcc Middlewares\LwIP\core\tcp.o
                0x0800d474                tcp_bind
 .text.tcp_listen_with_backlog_and_err
                0x0800d540       0xe0 Middlewares\LwIP\core\tcp.o
                0x0800d540                tcp_listen_with_backlog_and_err
 .text.tcp_listen_with_backlog
                0x0800d620        0xa Middlewares\LwIP\core\tcp.o
                0x0800d620                tcp_listen_with_backlog
 *fill*         0x0800d62a        0x2 
 .text.tcp_update_rcv_ann_wnd
                0x0800d62c       0x74 Middlewares\LwIP\core\tcp.o
                0x0800d62c                tcp_update_rcv_ann_wnd
 .text.tcp_recved
                0x0800d6a0       0x7c Middlewares\LwIP\core\tcp.o
                0x0800d6a0                tcp_recved
 .text.tcp_seg_free
                0x0800d71c       0x1a Middlewares\LwIP\core\tcp.o
                0x0800d71c                tcp_seg_free
 .text.tcp_segs_free
                0x0800d736       0x14 Middlewares\LwIP\core\tcp.o
                0x0800d736                tcp_segs_free
 *fill*         0x0800d74a        0x2 
 .text.tcp_setprio
                0x0800d74c       0x24 Middlewares\LwIP\core\tcp.o
                0x0800d74c                tcp_setprio
 .text.tcp_arg  0x0800d770        0x6 Middlewares\LwIP\core\tcp.o
                0x0800d770                tcp_arg
 *fill*         0x0800d776        0x2 
 .text.tcp_recv
                0x0800d778       0x34 Middlewares\LwIP\core\tcp.o
                0x0800d778                tcp_recv
 .text.tcp_sent
                0x0800d7ac       0x30 Middlewares\LwIP\core\tcp.o
                0x0800d7ac                tcp_sent
 .text.tcp_err  0x0800d7dc       0x34 Middlewares\LwIP\core\tcp.o
                0x0800d7dc                tcp_err
 .text.tcp_accept
                0x0800d810        0xe Middlewares\LwIP\core\tcp.o
                0x0800d810                tcp_accept
 *fill*         0x0800d81e        0x2 
 .text.tcp_poll
                0x0800d820       0x48 Middlewares\LwIP\core\tcp.o
                0x0800d820                tcp_poll
 .text.tcp_pcb_purge
                0x0800d868       0x58 Middlewares\LwIP\core\tcp.o
                0x0800d868                tcp_pcb_purge
 .text.tcp_slowtmr
                0x0800d8c0      0x484 Middlewares\LwIP\core\tcp.o
                0x0800d8c0                tcp_slowtmr
 .text.tcp_pcb_remove
                0x0800dd44       0xbc Middlewares\LwIP\core\tcp.o
                0x0800dd44                tcp_pcb_remove
 .text.tcp_close_shutdown
                0x0800de00      0x150 Middlewares\LwIP\core\tcp.o
 .text.tcp_close
                0x0800df50       0x40 Middlewares\LwIP\core\tcp.o
                0x0800df50                tcp_close
 .text.tcp_recv_null
                0x0800df90       0x48 Middlewares\LwIP\core\tcp.o
                0x0800df90                tcp_recv_null
 .text.tcp_process_refused_data
                0x0800dfd8       0x94 Middlewares\LwIP\core\tcp.o
                0x0800dfd8                tcp_process_refused_data
 .text.tcp_fasttmr
                0x0800e06c       0x80 Middlewares\LwIP\core\tcp.o
                0x0800e06c                tcp_fasttmr
 .text.tcp_tmr  0x0800e0ec       0x24 Middlewares\LwIP\core\tcp.o
                0x0800e0ec                tcp_tmr
 .text.tcp_abandon
                0x0800e110      0x104 Middlewares\LwIP\core\tcp.o
                0x0800e110                tcp_abandon
 .text.tcp_abort
                0x0800e214        0xa Middlewares\LwIP\core\tcp.o
                0x0800e214                tcp_abort
 *fill*         0x0800e21e        0x2 
 .text.tcp_accept_null
                0x0800e220       0x30 Middlewares\LwIP\core\tcp.o
 .text.tcp_kill_timewait
                0x0800e250       0x34 Middlewares\LwIP\core\tcp.o
 .text.tcp_kill_prio
                0x0800e284       0x50 Middlewares\LwIP\core\tcp.o
 .text.tcp_netif_ip_addr_changed_pcblist
                0x0800e2d4       0x40 Middlewares\LwIP\core\tcp.o
 .text.tcp_kill_state
                0x0800e314       0x60 Middlewares\LwIP\core\tcp.o
 .text.tcp_alloc
                0x0800e374       0xc4 Middlewares\LwIP\core\tcp.o
                0x0800e374                tcp_alloc
 .text.tcp_new_ip_type
                0x0800e438        0xa Middlewares\LwIP\core\tcp.o
                0x0800e438                tcp_new_ip_type
 *fill*         0x0800e442        0x2 
 .text.tcp_next_iss
                0x0800e444       0x38 Middlewares\LwIP\core\tcp.o
                0x0800e444                tcp_next_iss
 .text.tcp_eff_send_mss_netif
                0x0800e47c       0x48 Middlewares\LwIP\core\tcp.o
                0x0800e47c                tcp_eff_send_mss_netif
 .text.tcp_connect
                0x0800e4c4      0x150 Middlewares\LwIP\core\tcp.o
                0x0800e4c4                tcp_connect
 .text.tcp_netif_ip_addr_changed
                0x0800e614       0x54 Middlewares\LwIP\core\tcp.o
                0x0800e614                tcp_netif_ip_addr_changed
 .text.tcp_get_next_optbyte
                0x0800e668       0x3c Middlewares\LwIP\core\tcp_in.o
 .text.tcp_parseopt
                0x0800e6a4       0xa8 Middlewares\LwIP\core\tcp_in.o
 .text.tcp_input_delayed_close
                0x0800e74c       0x60 Middlewares\LwIP\core\tcp_in.o
 .text.tcp_timewait_input
                0x0800e7ac       0xb4 Middlewares\LwIP\core\tcp_in.o
 .text.tcp_listen_input
                0x0800e860      0x148 Middlewares\LwIP\core\tcp_in.o
 .text.tcp_free_acked_segments
                0x0800e9a8       0xc0 Middlewares\LwIP\core\tcp_in.o
 .text.tcp_receive
                0x0800ea68      0x58c Middlewares\LwIP\core\tcp_in.o
 .text.tcp_process
                0x0800eff4      0x59c Middlewares\LwIP\core\tcp_in.o
 .text.tcp_input
                0x0800f590      0x5ac Middlewares\LwIP\core\tcp_in.o
                0x0800f590                tcp_input
 .text.tcp_trigger_input_pcb_close
                0x0800fb3c       0x10 Middlewares\LwIP\core\tcp_in.o
                0x0800fb3c                tcp_trigger_input_pcb_close
 .text.tcp_write_checks
                0x0800fb4c       0xbc Middlewares\LwIP\core\tcp_out.o
 .text.tcp_output_segment_busy
                0x0800fc08       0x34 Middlewares\LwIP\core\tcp_out.o
 .text.tcp_output_fill_options
                0x0800fc3c       0x54 Middlewares\LwIP\core\tcp_out.o
 .text.tcp_pbuf_prealloc
                0x0800fc90       0xb8 Middlewares\LwIP\core\tcp_out.o
 .text.tcp_create_segment
                0x0800fd48       0xf0 Middlewares\LwIP\core\tcp_out.o
 .text.tcp_output_alloc_header_common
                0x0800fe38       0x98 Middlewares\LwIP\core\tcp_out.o
 .text.tcp_output_alloc_header
                0x0800fed0       0x58 Middlewares\LwIP\core\tcp_out.o
 .text.tcp_route
                0x0800ff28       0x16 Middlewares\LwIP\core\tcp_out.o
 *fill*         0x0800ff3e        0x2 
 .text.tcp_output_segment
                0x0800ff40      0x15c Middlewares\LwIP\core\tcp_out.o
 .text.tcp_output_control_segment
                0x0801009c       0x88 Middlewares\LwIP\core\tcp_out.o
 .text.tcp_write
                0x08010124      0x550 Middlewares\LwIP\core\tcp_out.o
                0x08010124                tcp_write
 .text.tcp_split_unsent_seg
                0x08010674      0x1d8 Middlewares\LwIP\core\tcp_out.o
                0x08010674                tcp_split_unsent_seg
 .text.tcp_enqueue_flags
                0x0801084c      0x168 Middlewares\LwIP\core\tcp_out.o
                0x0801084c                tcp_enqueue_flags
 .text.tcp_send_fin
                0x080109b4       0x64 Middlewares\LwIP\core\tcp_out.o
                0x080109b4                tcp_send_fin
 .text.tcp_rexmit_rto_prepare
                0x08010a18       0x94 Middlewares\LwIP\core\tcp_out.o
                0x08010a18                tcp_rexmit_rto_prepare
 .text.tcp_rexmit
                0x08010aac       0x8c Middlewares\LwIP\core\tcp_out.o
                0x08010aac                tcp_rexmit
 .text.tcp_rexmit_fast
                0x08010b38       0x7c Middlewares\LwIP\core\tcp_out.o
                0x08010b38                tcp_rexmit_fast
 .text.tcp_rst  0x08010bb4       0x90 Middlewares\LwIP\core\tcp_out.o
                0x08010bb4                tcp_rst
 .text.tcp_send_empty_ack
                0x08010c44       0x78 Middlewares\LwIP\core\tcp_out.o
                0x08010c44                tcp_send_empty_ack
 .text.tcp_output
                0x08010cbc      0x2d0 Middlewares\LwIP\core\tcp_out.o
                0x08010cbc                tcp_output
 .text.tcp_rexmit_rto_commit
                0x08010f8c       0x38 Middlewares\LwIP\core\tcp_out.o
                0x08010f8c                tcp_rexmit_rto_commit
 .text.tcp_rexmit_rto
                0x08010fc4       0x34 Middlewares\LwIP\core\tcp_out.o
                0x08010fc4                tcp_rexmit_rto
 .text.tcp_keepalive
                0x08010ff8       0x5c Middlewares\LwIP\core\tcp_out.o
                0x08010ff8                tcp_keepalive
 .text.tcp_zero_window_probe
                0x08011054       0xe0 Middlewares\LwIP\core\tcp_out.o
                0x08011054                tcp_zero_window_probe
 .text.sys_timeout_abs
                0x08011134       0x70 Middlewares\LwIP\core\timeouts.o
 .text.lwip_cyclic_timer
                0x080111a4       0x3c Middlewares\LwIP\core\timeouts.o
 .text.sys_timeout
                0x080111e0       0x3c Middlewares\LwIP\core\timeouts.o
                0x080111e0                sys_timeout
 .text.tcp_timer_needed
                0x0801121c       0x3c Middlewares\LwIP\core\timeouts.o
                0x0801121c                tcp_timer_needed
 .text.tcpip_tcp_timer
                0x08011258       0x38 Middlewares\LwIP\core\timeouts.o
 .text.sys_timeouts_init
                0x08011290       0x28 Middlewares\LwIP\core\timeouts.o
                0x08011290                sys_timeouts_init
 .text.sys_check_timeouts
                0x080112b8       0x40 Middlewares\LwIP\core\timeouts.o
                0x080112b8                sys_check_timeouts
 .text.sys_timeouts_sleeptime
                0x080112f8       0x24 Middlewares\LwIP\core\timeouts.o
                0x080112f8                sys_timeouts_sleeptime
 .text.udp_new_port
                0x0801131c       0x4c Middlewares\LwIP\core\udp.o
 .text.udp_input_local_match
                0x08011368       0xa0 Middlewares\LwIP\core\udp.o
 .text.udp_init
                0x08011408       0x18 Middlewares\LwIP\core\udp.o
                0x08011408                udp_init
 .text.udp_input
                0x08011420      0x1b4 Middlewares\LwIP\core\udp.o
                0x08011420                udp_input
 .text.udp_bind
                0x080115d4       0xbc Middlewares\LwIP\core\udp.o
                0x080115d4                udp_bind
 .text.udp_sendto_if_src
                0x08011690      0x19c Middlewares\LwIP\core\udp.o
                0x08011690                udp_sendto_if_src
 .text.udp_sendto_if
                0x0801182c       0xa8 Middlewares\LwIP\core\udp.o
                0x0801182c                udp_sendto_if
 .text.udp_sendto
                0x080118d4       0x8c Middlewares\LwIP\core\udp.o
                0x080118d4                udp_sendto
 .text.udp_connect
                0x08011960       0x88 Middlewares\LwIP\core\udp.o
                0x08011960                udp_connect
 .text.udp_disconnect
                0x080119e8       0x34 Middlewares\LwIP\core\udp.o
                0x080119e8                udp_disconnect
 .text.udp_recv
                0x08011a1c       0x28 Middlewares\LwIP\core\udp.o
                0x08011a1c                udp_recv
 .text.udp_remove
                0x08011a44       0x54 Middlewares\LwIP\core\udp.o
                0x08011a44                udp_remove
 .text.udp_new  0x08011a98       0x1c Middlewares\LwIP\core\udp.o
                0x08011a98                udp_new
 .text.udp_netif_ip_addr_changed
                0x08011ab4       0x34 Middlewares\LwIP\core\udp.o
                0x08011ab4                udp_netif_ip_addr_changed
 .text.ethernet_input
                0x08011ae8       0xa8 Middlewares\LwIP\netif\ethernet.o
                0x08011ae8                ethernet_input
 .text.ethernet_output
                0x08011b90       0x70 Middlewares\LwIP\netif\ethernet.o
                0x08011b90                ethernet_output
 .text.sys_mbox_new
                0x08011c00       0x24 Middlewares\LwIP\netif\sys_arch.o
                0x08011c00                sys_mbox_new
 .text.sys_mbox_post
                0x08011c24       0x18 Middlewares\LwIP\netif\sys_arch.o
                0x08011c24                sys_mbox_post
 .text.sys_mbox_trypost
                0x08011c3c       0x14 Middlewares\LwIP\netif\sys_arch.o
                0x08011c3c                sys_mbox_trypost
 .text.sys_arch_mbox_fetch
                0x08011c50       0x58 Middlewares\LwIP\netif\sys_arch.o
                0x08011c50                sys_arch_mbox_fetch
 .text.sys_mbox_valid
                0x08011ca8        0xc Middlewares\LwIP\netif\sys_arch.o
                0x08011ca8                sys_mbox_valid
 .text.sys_init
                0x08011cb4       0x18 Middlewares\LwIP\netif\sys_arch.o
                0x08011cb4                sys_init
 .text.sys_mutex_new
                0x08011ccc       0x22 Middlewares\LwIP\netif\sys_arch.o
                0x08011ccc                sys_mutex_new
 .text.sys_mutex_lock
                0x08011cee        0xe Middlewares\LwIP\netif\sys_arch.o
                0x08011cee                sys_mutex_lock
 .text.sys_mutex_unlock
                0x08011cfc        0xa Middlewares\LwIP\netif\sys_arch.o
                0x08011cfc                sys_mutex_unlock
 .text.sys_thread_new
                0x08011d06       0x24 Middlewares\LwIP\netif\sys_arch.o
                0x08011d06                sys_thread_new
 *fill*         0x08011d2a        0x2 
 .text.sys_arch_protect
                0x08011d2c       0x18 Middlewares\LwIP\netif\sys_arch.o
                0x08011d2c                sys_arch_protect
 .text.sys_arch_unprotect
                0x08011d44       0x10 Middlewares\LwIP\netif\sys_arch.o
                0x08011d44                sys_arch_unprotect
 .text._write   0x08011d54       0x1c syscalls.o
                0x08011d54                _write
 .text._sbrk    0x08011d70       0x44 syscalls.o
                0x08011d70                _sbrk
 .text._close   0x08011db4        0x6 syscalls.o
                0x08011db4                _close
 .text._fstat   0x08011dba        0xa syscalls.o
                0x08011dba                _fstat
 .text._isatty  0x08011dc4        0x4 syscalls.o
                0x08011dc4                _isatty
 .text._lseek   0x08011dc8        0x4 syscalls.o
                0x08011dc8                _lseek
 .text._read    0x08011dcc        0x4 syscalls.o
                0x08011dcc                _read
 .text.__libc_init_array
                0x08011dd0       0x48 c:/program files (x86)/atollic/truestudio for stm32 9.0.1/armtools/bin/../lib/gcc/arm-atollic-eabi/6.3.1/../../../../arm-atollic-eabi/lib/armv7e-m/fpu\libc_nano.a(lib_a-init.o)
                0x08011dd0                __libc_init_array
 .text.__locale_ctype_ptr_l