syscalls.c:51:6:initialise_monitor_handles	0	static
syscalls.c:55:5:_getpid	0	static
syscalls.c:60:5:_kill	0	static
syscalls.c:66:6:_exit	8	static
syscalls.c:72:5:_write	16	static
syscalls.c:83:9:_sbrk	0	static
syscalls.c:108:5:_close	0	static
syscalls.c:114:5:_fstat	0	static
syscalls.c:120:5:_isatty	0	static
syscalls.c:125:5:_lseek	0	static
syscalls.c:130:5:_read	0	static
syscalls.c:136:5:_open	0	static
syscalls.c:142:5:_wait	0	static
syscalls.c:148:5:_unlink	0	static
syscalls.c:154:5:_times	0	static
syscalls.c:159:5:_stat	0	static
syscalls.c:165:5:_link	0	static
syscalls.c:171:5:_fork	0	static
syscalls.c:177:5:_execve	0	static
