Archive member included to satisfy reference by file (symbol)

c:/program files (x86)/atollic/truestudio for stm32 9.0.1/armtools/bin/../lib/gcc/arm-atollic-eabi/6.3.1/../../../../arm-atollic-eabi/lib/armv7e-m/fpu\libc_nano.a(lib_a-atoi.o)
                              Middlewares\LwIP\core\netif.o (atoi)
c:/program files (x86)/atollic/truestudio for stm32 9.0.1/armtools/bin/../lib/gcc/arm-atollic-eabi/6.3.1/../../../../arm-atollic-eabi/lib/armv7e-m/fpu\libc_nano.a(lib_a-init.o)
                              Application\TrueSTUDIO\startup_stm32f429xx.o (__libc_init_array)
c:/program files (x86)/atollic/truestudio for stm32 9.0.1/armtools/bin/../lib/gcc/arm-atollic-eabi/6.3.1/../../../../arm-atollic-eabi/lib/armv7e-m/fpu\libc_nano.a(lib_a-locale.o)
                              Middlewares\LwIP\core\ipv4\ip4_addr.o (__locale_ctype_ptr)
c:/program files (x86)/atollic/truestudio for stm32 9.0.1/armtools/bin/../lib/gcc/arm-atollic-eabi/6.3.1/../../../../arm-atollic-eabi/lib/armv7e-m/fpu\libc_nano.a(lib_a-mbtowc_r.o)
                              c:/program files (x86)/atollic/truestudio for stm32 9.0.1/armtools/bin/../lib/gcc/arm-atollic-eabi/6.3.1/../../../../arm-atollic-eabi/lib/armv7e-m/fpu\libc_nano.a(lib_a-locale.o) (__ascii_mbtowc)
c:/program files (x86)/atollic/truestudio for stm32 9.0.1/armtools/bin/../lib/gcc/arm-atollic-eabi/6.3.1/../../../../arm-atollic-eabi/lib/armv7e-m/fpu\libc_nano.a(lib_a-memcmp.o)
                              Middlewares\LwIP\netif\ethernet.o (memcmp)
c:/program files (x86)/atollic/truestudio for stm32 9.0.1/armtools/bin/../lib/gcc/arm-atollic-eabi/6.3.1/../../../../arm-atollic-eabi/lib/armv7e-m/fpu\libc_nano.a(lib_a-memcpy-stub.o)
                              Application\User\ethernetif.o (memcpy)
c:/program files (x86)/atollic/truestudio for stm32 9.0.1/armtools/bin/../lib/gcc/arm-atollic-eabi/6.3.1/../../../../arm-atollic-eabi/lib/armv7e-m/fpu\libc_nano.a(lib_a-memmove.o)
                              Middlewares\LwIP\core\def.o (memmove)
c:/program files (x86)/atollic/truestudio for stm32 9.0.1/armtools/bin/../lib/gcc/arm-atollic-eabi/6.3.1/../../../../arm-atollic-eabi/lib/armv7e-m/fpu\libc_nano.a(lib_a-memset.o)
                              Application\User\UART_input.o (memset)
c:/program files (x86)/atollic/truestudio for stm32 9.0.1/armtools/bin/../lib/gcc/arm-atollic-eabi/6.3.1/../../../../arm-atollic-eabi/lib/armv7e-m/fpu\libc_nano.a(lib_a-printf.o)
                              Application\User\app_ethernet.o (printf)
c:/program files (x86)/atollic/truestudio for stm32 9.0.1/armtools/bin/../lib/gcc/arm-atollic-eabi/6.3.1/../../../../arm-atollic-eabi/lib/armv7e-m/fpu\libc_nano.a(lib_a-puts.o)
                              Application\User\ethernetif.o (puts)
c:/program files (x86)/atollic/truestudio for stm32 9.0.1/armtools/bin/../lib/gcc/arm-atollic-eabi/6.3.1/../../../../arm-atollic-eabi/lib/armv7e-m/fpu\libc_nano.a(lib_a-rand.o)
                              Middlewares\LwIP\core\ipv4\dhcp.o (rand)
c:/program files (x86)/atollic/truestudio for stm32 9.0.1/armtools/bin/../lib/gcc/arm-atollic-eabi/6.3.1/../../../../arm-atollic-eabi/lib/armv7e-m/fpu\libc_nano.a(lib_a-reent.o)
                              syscalls.o (errno)
c:/program files (x86)/atollic/truestudio for stm32 9.0.1/armtools/bin/../lib/gcc/arm-atollic-eabi/6.3.1/../../../../arm-atollic-eabi/lib/armv7e-m/fpu\libc_nano.a(lib_a-sprintf.o)
                              Drivers\WF200_Driver\wf200.o (sprintf)
c:/program files (x86)/atollic/truestudio for stm32 9.0.1/armtools/bin/../lib/gcc/arm-atollic-eabi/6.3.1/../../../../arm-atollic-eabi/lib/armv7e-m/fpu\libc_nano.a(lib_a-strcat.o)
                              Application\User\UART_input.o (strcat)
c:/program files (x86)/atollic/truestudio for stm32 9.0.1/armtools/bin/../lib/gcc/arm-atollic-eabi/6.3.1/../../../../arm-atollic-eabi/lib/armv7e-m/fpu\libc_nano.a(lib_a-strchr.o)
                              Middlewares\LwIP\apps\httpd\httpd.o (strchr)
c:/program files (x86)/atollic/truestudio for stm32 9.0.1/armtools/bin/../lib/gcc/arm-atollic-eabi/6.3.1/../../../../arm-atollic-eabi/lib/armv7e-m/fpu\libc_nano.a(lib_a-strcmp.o)
                              Application\User\lwip_freertos.o (strcmp)
c:/program files (x86)/atollic/truestudio for stm32 9.0.1/armtools/bin/../lib/gcc/arm-atollic-eabi/6.3.1/../../../../arm-atollic-eabi/lib/armv7e-m/fpu\libc_nano.a(lib_a-strcpy.o)
                              Application\User\UART_input.o (strcpy)
c:/program files (x86)/atollic/truestudio for stm32 9.0.1/armtools/bin/../lib/gcc/arm-atollic-eabi/6.3.1/../../../../arm-atollic-eabi/lib/armv7e-m/fpu\libc_nano.a(lib_a-strlen.o)
                              Application\User\UART_input.o (strlen)
c:/program files (x86)/atollic/truestudio for stm32 9.0.1/armtools/bin/../lib/gcc/arm-atollic-eabi/6.3.1/../../../../arm-atollic-eabi/lib/armv7e-m/fpu\libc_nano.a(lib_a-strncmp.o)
                              Middlewares\LwIP\apps\httpd\httpd.o (strncmp)
[...]
Memory Configuration

Name             Origin             Length             Attributes
RAM              0x20000000         0x00030000         xrw
CCMRAM           0x10000000         0x00010000         rw
FLASH            0x08000000         0x00200000         xr
*default*        0x00000000         0xffffffff

Linker script and memory map

LOAD c:/program files (x86)/atollic/truestudio for stm32 9.0.1/armtools/bin/../lib/gcc/arm-atollic-eabi/6.3.1/armv7e-m/fpu/crti.o
LOAD c:/program files (x86)/atollic/truestudio for stm32 9.0.1/armtools/bin/../lib/gcc/arm-atollic-eabi/6.3.1/armv7e-m/fpu/crtbegin.o
LOAD Application\TrueSTUDIO\startup_stm32f429xx.o
LOAD Application\User\UART_input.o
LOAD Application\User\app_ethernet.o
LOAD Application\User\dhcpserver.o
LOAD Application\User\ethernetif.o
LOAD Application\User\freertos.o
LOAD Application\User\lwip_freertos.o
LOAD Application\User\main.o
LOAD Application\User\stm32f4xx_hal_msp.o
LOAD Application\User\stm32f4xx_hal_timebase_TIM.o
LOAD Application\User\stm32f4xx_it.o
LOAD Application\WF200_Host\wf200_host.o
LOAD Application\WF200_Host\wf200_host_sdio.o
LOAD Application\WF200_Host\wf200_task.o
LOAD Drivers\CMSIS\system_stm32f4xx.o
LOAD Drivers\STM32F4xx_HAL_Driver\stm32f4xx_hal.o
LOAD Drivers\STM32F4xx_HAL_Driver\stm32f4xx_hal_cortex.o
LOAD Drivers\STM32F4xx_HAL_Driver\stm32f4xx_hal_dma.o
LOAD Drivers\STM32F4xx_HAL_Driver\stm32f4xx_hal_dma_ex.o
LOAD Drivers\STM32F4xx_HAL_Driver\stm32f4xx_hal_flash.o
LOAD Drivers\STM32F4xx_HAL_Driver\stm32f4xx_hal_flash_ex.o
LOAD Drivers\STM32F4xx_HAL_Driver\stm32f4xx_hal_flash_ramfunc.o
LOAD Drivers\STM32F4xx_HAL_Driver\stm32f4xx_hal_gpio.o
LOAD Drivers\STM32F4xx_HAL_Driver\stm32f4xx_hal_mmc.o
LOAD Drivers\STM32F4xx_HAL_Driver\stm32f4xx_hal_pcd.o
LOAD Drivers\STM32F4xx_HAL_Driver\stm32f4xx_hal_pcd_ex.o
LOAD Drivers\STM32F4xx_HAL_Driver\stm32f4xx_hal_pwr.o
LOAD Drivers\STM32F4xx_HAL_Driver\stm32f4xx_hal_pwr_ex.o
LOAD Drivers\STM32F4xx_HAL_Driver\stm32f4xx_hal_rcc.o
LOAD Drivers\STM32F4xx_HAL_Driver\stm32f4xx_hal_rcc_ex.o
LOAD Drivers\STM32F4xx_HAL_Driver\stm32f4xx_hal_spi.o
LOAD Drivers\STM32F4xx_HAL_Driver\stm32f4xx_hal_tim.o
LOAD Drivers\STM32F4xx_HAL_Driver\stm32f4xx_hal_tim_ex.o
LOAD Drivers\STM32F4xx_HAL_Driver\stm32f4xx_hal_uart.o
LOAD Drivers\STM32F4xx_HAL_Driver\stm32f4xx_ll_sdmmc.o
LOAD Drivers\STM32F4xx_HAL_Driver\stm32f4xx_ll_usb.o
LOAD Drivers\WF200_Driver\wf200.o
LOAD Drivers\WF200_Driver\wf200_bus.o
LOAD Drivers\WF200_Driver\wf200_bus_sdio.o
LOAD Middlewares\FreeRTOS\cmsis_os.o
LOAD Middlewares\FreeRTOS\croutine.o
LOAD Middlewares\FreeRTOS\event_groups.o
LOAD Middlewares\FreeRTOS\heap_4.o
LOAD Middlewares\FreeRTOS\list.o
LOAD Middlewares\FreeRTOS\port.o
LOAD Middlewares\FreeRTOS\queue.o
LOAD Middlewares\FreeRTOS\tasks.o
LOAD Middlewares\FreeRTOS\timers.o
LOAD Middlewares\LwIP\api\api_lib.o
LOAD Middlewares\LwIP\api\api_msg.o
LOAD Middlewares\LwIP\api\err.o
LOAD Middlewares\LwIP\api\netbuf.o
LOAD Middlewares\LwIP\api\netdb.o
LOAD Middlewares\LwIP\api\netifapi.o
LOAD Middlewares\LwIP\api\sockets.o
LOAD Middlewares\LwIP\api\tcpip.o
LOAD Middlewares\LwIP\apps\httpd\fs.o
LOAD Middlewares\LwIP\apps\httpd\httpd.o
LOAD Middlewares\LwIP\apps\lwiperf.o
LOAD Middlewares\LwIP\core\altcp.o
LOAD Middlewares\LwIP\core\altcp_alloc.o
LOAD Middlewares\LwIP\core\altcp_tcp.o
LOAD Middlewares\LwIP\core\def.o
LOAD Middlewares\LwIP\core\dns.o
LOAD Middlewares\LwIP\core\inet_chksum.o
LOAD Middlewares\LwIP\core\init.o
LOAD Middlewares\LwIP\core\ip.o
LOAD Middlewares\LwIP\core\ipv4\autoip.o
LOAD Middlewares\LwIP\core\ipv4\dhcp.o
LOAD Middlewares\LwIP\core\ipv4\etharp.o
LOAD Middlewares\LwIP\core\ipv4\icmp.o
LOAD Middlewares\LwIP\core\ipv4\igmp.o
LOAD Middlewares\LwIP\core\ipv4\ip4.o
LOAD Middlewares\LwIP\core\ipv4\ip4_addr.o
LOAD Middlewares\LwIP\core\ipv4\ip4_frag.o
LOAD Middlewares\LwIP\core\mem.o
LOAD Middlewares\LwIP\core\memp.o
LOAD Middlewares\LwIP\core\netif.o
LOAD Middlewares\LwIP\core\pbuf.o
LOAD Middlewares\LwIP\core\raw.o
LOAD Middlewares\LwIP\core\stats.o
LOAD Middlewares\LwIP\core\sys.o
LOAD Middlewares\LwIP\core\tcp.o
LOAD Middlewares\LwIP\core\tcp_in.o
LOAD Middlewares\LwIP\core\tcp_out.o
LOAD Middlewares\LwIP\core\timeouts.o
LOAD Middlewares\LwIP\core\udp.o
LOAD Middlewares\LwIP\netif\ethernet.o
LOAD Middlewares\LwIP\netif\sys_arch.o
LOAD syscalls.o
                0x00000080                malloc_getpagesize_P = 0x80
START GROUP
LOAD c:/program files (x86)/atollic/truestudio for stm32 9.0.1/armtools/bin/../lib/gcc/arm-atollic-eabi/6.3.1/../../../../arm-atollic-eabi/lib/armv7e-m/fpu\libc_nano.a
LOAD c:/program files (x86)/atollic/truestudio for stm32 9.0.1/armtools/bin/../lib/gcc/arm-atollic-eabi/6.3.1/../../../../arm-atollic-eabi/lib/armv7e-m/fpu\libm.a
END GROUP
START GROUP
LOAD c:/program files (x86)/atollic/truestudio for stm32 9.0.1/armtools/bin/../lib/gcc/arm-atollic-eabi/6.3.1/armv7e-m/fpu\libgcc.a
LOAD c:/program files (x86)/atollic/truestudio for stm32 9.0.1/armtools/bin/../lib/gcc/arm-atollic-eabi/6.3.1/../../../../arm-atollic-eabi/lib/armv7e-m/fpu\libc_nano.a
END GROUP
START GROUP
LOAD c:/program files (x86)/atollic/truestudio for stm32 9.0.1/armtools/bin/../lib/gcc/arm-atollic-eabi/6.3.1/armv7e-m/fpu\libgcc.a
LOAD c:/program files (x86)/atollic/truestudio for stm32 9.0.1/armtools/bin/../lib/gcc/arm-atollic-eabi/6.3.1/../../../../arm-atollic-eabi/lib/armv7e-m/fpu\libc_nano.a
LOAD c:/program files (x86)/atollic/truestudio for stm32 9.0.1/armtools/bin/../lib/gcc/arm-atollic-eabi/6.3.1/../../../../arm-atollic-eabi/lib/armv7e-m/fpu\libnosys.a
END GROUP
START GROUP
LOAD c:/program files (x86)/atollic/truestudio for stm32 9.0.1/armtools/bin/../lib/gcc/arm-atollic-eabi/6.3.1/armv7e-m/fpu\libgcc.a
LOAD c:/program files (x86)/atollic/truestudio for stm32 9.0.1/armtools/bin/../lib/gcc/arm-atollic-eabi/6.3.1/../../../../arm-atollic-eabi/lib/armv7e-m/fpu\libc_nano.a
LOAD c:/program files (x86)/atollic/truestudio for stm32 9.0.1/armtools/bin/../lib/gcc/arm-atollic-eabi/6.3.1/../../../../arm-atollic-eabi/lib/armv7e-m/fpu\libnosys.a
END GROUP
LOAD c:/program files (x86)/atollic/truestudio for stm32 9.0.1/armtools/bin/../lib/gcc/arm-atollic-eabi/6.3.1/armv7e-m/fpu/crtend.o
LOAD c:/program files (x86)/atollic/truestudio for stm32 9.0.1/armtools/bin/../lib/gcc/arm-atollic-eabi/6.3.1/armv7e-m/fpu/crtn.o
                0x20030000                _estack = 0x20030000
                0x00004000                _Min_Heap_Size = 0x4000
                0x00004000                _Min_Stack_Size = 0x4000

.isr_vector     0x08000000      0x1ac
                0x08000000                . = ALIGN (0x4)
 *(.isr_vector)
 .isr_vector    0x08000000      0x1ac Application\TrueSTUDIO\startup_stm32f429xx.o
                0x08000000                g_pfnVectors
                0x080001ac                . = ALIGN (0x4)

.text           0x080001b0    0x130f8
                0x080001b0                . = ALIGN (0x4)
 *(.text)
 .text          0x080001b0       0x40 c:/program files (x86)/atollic/truestudio for stm32 9.0.1/armtools/bin/../lib/gcc/arm-atollic-eabi/6.3.1/armv7e-m/fpu/crtbegin.o
 .text          0x080001f0       0x14 c:/program files (x86)/atollic/truestudio for stm32 9.0.1/armtools/bin/../lib/gcc/arm-atollic-eabi/6.3.1/../../../../arm-atollic-eabi/lib/armv7e-m/fpu\libc_nano.a(lib_a-strcmp.o)
                0x080001f0                strcmp
 .text          0x08000204       0x10 c:/program files (x86)/atollic/truestudio for stm32 9.0.1/armtools/bin/../lib/gcc/arm-atollic-eabi/6.3.1/../../../../arm-atollic-eabi/lib/armv7e-m/fpu\libc_nano.a(lib_a-strlen.o)
                0x08000204                strlen
 *fill*         0x08000214        0xc 
 .text          0x08000220       0xa0 c:/program files (x86)/atollic/truestudio for stm32 9.0.1/armtools/bin/../lib/gcc/arm-atollic-eabi/6.3.1/../../../../arm-atollic-eabi/lib/armv7e-m/fpu\libc_nano.a(lib_a-memchr.o)
                0x08000220                memchr
 .text          0x080002c0       0x30 c:/program files (x86)/atollic/truestudio for stm32 9.0.1/armtools/bin/../lib/gcc/arm-atollic-eabi/6.3.1/armv7e-m/fpu\libgcc.a(_aeabi_uldivmod.o)
                0x080002c0                __aeabi_uldivmod
 .text          0x080002f0      0x2dc c:/program files (x86)/atollic/truestudio for stm32 9.0.1/armtools/bin/../lib/gcc/arm-atollic-eabi/6.3.1/armv7e-m/fpu\libgcc.a(_udivmoddi4.o)
                0x080002f0                __udivmoddi4
 .text          0x080005cc        0x4 c:/program files (x86)/atollic/truestudio for stm32 9.0.1/armtools/bin/../lib/gcc/arm-atollic-eabi/6.3.1/armv7e-m/fpu\libgcc.a(_dvmd_tls.o)
                0x080005cc                __aeabi_idiv0
                0x080005cc                __aeabi_ldiv0
 *(.text*)
 .text.Reset_Handler
                0x080005d0       0x50 Application\TrueSTUDIO\startup_stm32f429xx.o
                0x080005d0                Reset_Handler
 .text.Default_Handler
                0x08000620        0x2 Application\TrueSTUDIO\startup_stm32f429xx.o
                0x08000620                RTC_Alarm_IRQHandler
                0x08000620                HASH_RNG_IRQHandler
                0x08000620                EXTI2_IRQHandler
                0x08000620                TIM8_CC_IRQHandler
                0x08000620                DebugMon_Handler
                0x08000620                UART8_IRQHandler
                0x08000620                SPI4_IRQHandler
                0x08000620                TIM1_CC_IRQHandler
                0x08000620                DMA2_Stream5_IRQHandler
                0x08000620                HardFault_Handler
                0x08000620                DMA1_Stream5_IRQHandler
                0x08000620                PVD_IRQHandler
                0x08000620                TAMP_STAMP_IRQHandler
                0x08000620                NMI_Handler
                0x08000620                CAN2_RX1_IRQHandler
                0x08000620                EXTI3_IRQHandler
                0x08000620                TIM8_TRG_COM_TIM14_IRQHandler
                0x08000620                TIM8_UP_TIM13_IRQHandler
                0x08000620                I2C3_ER_IRQHandler
                0x08000620                EXTI0_IRQHandler
                0x08000620                I2C2_EV_IRQHandler
                0x08000620                DMA1_Stream2_IRQHandler
                0x08000620                CAN1_RX0_IRQHandler
                0x08000620                FPU_IRQHandler
                0x08000620                OTG_HS_WKUP_IRQHandler
                0x08000620                UsageFault_Handler
                0x08000620                LTDC_ER_IRQHandler
                0x08000620                CAN2_SCE_IRQHandler
                0x08000620                DMA2_Stream2_IRQHandler
                0x08000620                SPI1_IRQHandler
                0x08000620                TIM6_DAC_IRQHandler
                0x08000620                TIM1_BRK_TIM9_IRQHandler
                0x08000620                DCMI_IRQHandler
                0x08000620                CAN2_RX0_IRQHandler
                0x08000620                USART6_IRQHandler
                0x08000620                CAN1_RX1_IRQHandler
                0x08000620                UART5_IRQHandler
                0x08000620                DMA2_Stream0_IRQHandler
                0x08000620                TIM4_IRQHandler
                0x08000620                I2C1_EV_IRQHandler
                0x08000620                DMA1_Stream6_IRQHandler
                0x08000620                DMA1_Stream1_IRQHandler
                0x08000620                UART4_IRQHandler
                0x08000620                TIM3_IRQHandler
                0x08000620                RCC_IRQHandler
                0x08000620                TIM8_BRK_TIM12_IRQHandler
                0x08000620                Default_Handler
                0x08000620                ADC_IRQHandler
                0x08000620                DMA1_Stream7_IRQHandler
                0x08000620                SPI5_IRQHandler
                0x08000620                TIM7_IRQHandler
                0x08000620                CAN2_TX_IRQHandler
                0x08000620                TIM5_IRQHandler
                0x08000620                DMA2_Stream7_IRQHandler
                0x08000620                I2C3_EV_IRQHandler
                0x08000620                EXTI9_5_IRQHandler
                0x08000620                RTC_WKUP_IRQHandler
                0x08000620                LTDC_IRQHandler
                0x08000620                ETH_WKUP_IRQHandler
                0x08000620                SPI2_IRQHandler
                0x08000620                OTG_HS_EP1_IN_IRQHandler
                0x08000620                MemManage_Handler
                0x08000620                DMA1_Stream0_IRQHandler
                0x08000620                CAN1_TX_IRQHandler
                0x08000620                EXTI4_IRQHandler
                0x08000620                ETH_IRQHandler
                0x08000620                OTG_HS_EP1_OUT_IRQHandler
                0x08000620                WWDG_IRQHandler
                0x08000620                SPI6_IRQHandler
                0x08000620                TIM2_IRQHandler
                0x08000620                OTG_FS_WKUP_IRQHandler
                0x08000620                TIM1_TRG_COM_TIM11_IRQHandler
                0x08000620                OTG_HS_IRQHandler
                0x08000620                DMA2D_IRQHandler
                0x08000620                EXTI1_IRQHandler
                0x08000620                UART7_IRQHandler
                0x08000620                USART2_IRQHandler
                0x08000620                I2C2_ER_IRQHandler
                0x08000620                DMA2_Stream1_IRQHandler
                0x08000620                CAN1_SCE_IRQHandler
                0x08000620                FLASH_IRQHandler
                0x08000620                DMA2_Stream4_IRQHandler
                0x08000620                BusFault_Handler
                0x08000620                USART1_IRQHandler
                0x08000620                OTG_FS_IRQHandler
                0x08000620                SPI3_IRQHandler
                0x08000620                DMA1_Stream4_IRQHandler
                0x08000620                I2C1_ER_IRQHandler
                0x08000620                FMC_IRQHandler
                0x08000620                SAI1_IRQHandler
                0x08000620                DMA1_Stream3_IRQHandler
 *fill*         0x08000622        0x2 
 .text.prvUARTInputTask
                0x08000624      0x178 Application\User\UART_input.o
 .text.vUARTInputStop
                0x0800079c        0xc Application\User\UART_input.o
                0x0800079c                vUARTInputStop
 .text.vUARTInputStart
                0x080007a8       0x4c Application\User\UART_input.o
                0x080007a8                vUARTInputStart
 .text.User_notification
                0x080007f4       0x18 Application\User\app_ethernet.o
                0x080007f4                User_notification
 .text.DHCP_thread
                0x0800080c      0x170 Application\User\app_ethernet.o
                0x0800080c                DHCP_thread
 .text.dhcpserver_remove_mac
                0x0800097c       0xa0 Application\User\dhcpserver.o
 .text.dhcpserver_save_mac
                0x08000a1c       0x8c Application\User\dhcpserver.o
 .text.dhcpserver_get_ip
                0x08000aa8       0xa4 Application\User\dhcpserver.o
 .text.dhcpserver_start_prv
                0x08000b4c       0x60 Application\User\dhcpserver.o
 .text.dhcpserver_find_requested_ip
                0x08000bac       0x5e Application\User\dhcpserver.o
 *fill*         0x08000c0a        0x2 
 .text.dhcpserver_fn
                0x08000c0c      0x6b0 Application\User\dhcpserver.o
 .text.dhcpserver_stop_prv
                0x080012bc       0x20 Application\User\dhcpserver.o
 .text.dhcpserver_start
                0x080012dc       0x10 Application\User\dhcpserver.o
                0x080012dc                dhcpserver_start
 .text.dhcpserver_stop
                0x080012ec       0x10 Application\User\dhcpserver.o
                0x080012ec                dhcpserver_stop
 .text.low_level_input
                0x080012fc       0x4c Application\User\ethernetif.o
 .text.low_level_output
                0x08001348       0xd0 Application\User\ethernetif.o
 .text.low_level_init
                0x08001418      0x128 Application\User\ethernetif.o
 .text.wf200_host_received_frame_callback
                0x08001540       0x28 Application\User\ethernetif.o
                0x08001540                wf200_host_received_frame_callback
 .text.ethernetif_init
                0x08001568       0x78 Application\User\ethernetif.o
                0x08001568                ethernetif_init
 .text.sys_now  0x080015e0        0x8 Application\User\ethernetif.o
                0x080015e0                sys_now
 .text.lwip_iperf_results
                0x080015e8       0x34 Application\User\lwip_freertos.o
 .text.waitForString
                0x0800161c       0x38 Application\User\lwip_freertos.o
 .text.getUserInput
                0x08001654      0x1d8 Application\User\lwip_freertos.o
 .text.Netif_Config
                0x0800182c      0x130 Application\User\lwip_freertos.o
 .text.myCGIinit
                0x0800195c       0x20 Application\User\lwip_freertos.o
 .text.StartThread
                0x0800197c       0x68 Application\User\lwip_freertos.o
 .text.LedCGIhandler
                0x080019e4       0xcc Application\User\lwip_freertos.o
 .text.lwip_set_link_up
                0x08001ab0       0x48 Application\User\lwip_freertos.o
                0x08001ab0                lwip_set_link_up
 .text.lwip_set_link_down
                0x08001af8       0x48 Application\User\lwip_freertos.o
                0x08001af8                lwip_set_link_down
 .text.lwip_start
                0x08001b40       0x20 Application\User\lwip_freertos.o
                0x08001b40                lwip_start
 .text.MX_GPIO_Init
                0x08001b60      0x188 Application\User\main.o
 .text.HAL_TIM_PeriodElapsedCallback
                0x08001ce8       0x18 Application\User\main.o
                0x08001ce8                HAL_TIM_PeriodElapsedCallback
 .text._Error_Handler
                0x08001d00        0x2 Application\User\main.o
                0x08001d00                _Error_Handler
 *fill*         0x08001d02        0x2 
 .text.MX_USART3_UART_Init
                0x08001d04       0x58 Application\User\main.o
 .text.SystemClock_Config
                0x08001d5c       0xc8 Application\User\main.o
                0x08001d5c                SystemClock_Config
 .text.main     0x08001e24       0x24 Application\User\main.o
                0x08001e24                main
 .text.HAL_MspInit
                0x08001e48       0x94 Application\User\stm32f4xx_hal_msp.o
                0x08001e48                HAL_MspInit
 .text.HAL_SDIO_MspInit
                0x08001edc      0x19c Application\User\stm32f4xx_hal_msp.o
                0x08001edc                HAL_SDIO_MspInit
 .text.HAL_UART_MspInit
                0x08002078       0x64 Application\User\stm32f4xx_hal_msp.o
                0x08002078                HAL_UART_MspInit
 .text.__io_putchar
                0x080020dc       0x48 Application\User\stm32f4xx_hal_msp.o
                0x080020dc                __io_putchar
 .text.HAL_InitTick
                0x08002124       0x7c Application\User\stm32f4xx_hal_timebase_TIM.o
                0x08002124                HAL_InitTick
 .text.SysTick_Handler
                0x080021a0        0x8 Application\User\stm32f4xx_it.o
                0x080021a0                SysTick_Handler
 .text.TIM1_UP_TIM10_IRQHandler
                0x080021a8       0x10 Application\User\stm32f4xx_it.o
                0x080021a8                TIM1_UP_TIM10_IRQHandler
 .text.EXTI15_10_IRQHandler
                0x080021b8       0x54 Application\User\stm32f4xx_it.o
                0x080021b8                EXTI15_10_IRQHandler
 .text.SDIO_IRQHandler
                0x0800220c       0x70 Application\User\stm32f4xx_it.o
                0x0800220c                SDIO_IRQHandler
 .text.DMA2_Stream3_IRQHandler
                0x0800227c       0x10 Application\User\stm32f4xx_it.o
                0x0800227c                DMA2_Stream3_IRQHandler
 .text.DMA2_Stream6_IRQHandler
                0x0800228c       0x10 Application\User\stm32f4xx_it.o
                0x0800228c                DMA2_Stream6_IRQHandler
 .text.USART3_IRQHandler
                0x0800229c       0x28 Application\User\stm32f4xx_it.o
                0x0800229c                USART3_IRQHandler
 .text.HAL_UART_TxCpltCallback
                0x080022c4       0x14 Application\User\stm32f4xx_it.o
                0x080022c4                HAL_UART_TxCpltCallback
 .text.HAL_UART_RxCpltCallback
                0x080022d8       0x14 Application\User\stm32f4xx_it.o
                0x080022d8                HAL_UART_RxCpltCallback
 .text.wf200_host_init
                0x080022ec       0x3c Application\WF200_Host\wf200_host.o
                0x080022ec                wf200_host_init
 .text.wf200_host_get_firmware_data
                0x08002328       0x24 Application\WF200_Host\wf200_host.o
                0x08002328                wf200_host_get_firmware_data
 .text.wf200_host_get_firmware_size
                0x0800234c        0xc Application\WF200_Host\wf200_host.o
                0x0800234c                wf200_host_get_firmware_size
 .text.wf200_host_deinit
                0x08002358        0x4 Application\WF200_Host\wf200_host.o
                0x08002358                wf200_host_deinit
 .text.wf200_host_reset_chip
                0x0800235c       0x30 Application\WF200_Host\wf200_host.o
                0x0800235c                wf200_host_reset_chip
 .text.wf200_host_set_wake_up_pin
                0x0800238c       0x28 Application\WF200_Host\wf200_host.o
                0x0800238c                wf200_host_set_wake_up_pin
 .text.wf200_host_wait_for_confirmation
                0x080023b4       0x4c Application\WF200_Host\wf200_host.o
                0x080023b4                wf200_host_wait_for_confirmation
 .text.wf200_host_wait
                0x08002400        0xa Application\WF200_Host\wf200_host.o
                0x08002400                wf200_host_wait
 .text.wf200_host_allocate_buffer
                0x0800240a       0x10 Application\WF200_Host\wf200_host.o
                0x0800240a                wf200_host_allocate_buffer
 .text.wf200_host_free_buffer
                0x0800241a        0xa Application\WF200_Host\wf200_host.o
                0x0800241a                wf200_host_free_buffer
 .text.wf200_host_transmit_frame
                0x08002424        0xa Application\WF200_Host\wf200_host.o
                0x08002424                wf200_host_transmit_frame
 *fill*         0x0800242e        0x2 
 .text.wf200_host_setup_waited_event
                0x08002430       0x10 Application\WF200_Host\wf200_host.o
                0x08002430                wf200_host_setup_waited_event
 .text.wf200_scan_result_callback
                0x08002440       0x64 Application\WF200_Host\wf200_host.o
                0x08002440                wf200_scan_result_callback
 .text.wf200_scan_complete_callback
                0x080024a4        0xc Application\WF200_Host\wf200_host.o
                0x080024a4                wf200_scan_complete_callback
 .text.wf200_connect_callback
                0x080024b0       0x20 Application\WF200_Host\wf200_host.o
                0x080024b0                wf200_connect_callback
 .text.wf200_disconnect_callback
                0x080024d0       0x14 Application\WF200_Host\wf200_host.o
                0x080024d0                wf200_disconnect_callback
 .text.wf200_start_ap_callback
                0x080024e4       0x20 Application\WF200_Host\wf200_host.o
                0x080024e4                wf200_start_ap_callback
 .text.wf200_stop_ap_callback
                0x08002504       0x14 Application\WF200_Host\wf200_host.o
                0x08002504                wf200_stop_ap_callback
 .text.wf200_client_connected_callback
                0x08002518       0x10 Application\WF200_Host\wf200_host.o
                0x08002518                wf200_client_connected_callback
 .text.wf200_ap_client_disconnected_callback
                0x08002528       0x10 Application\WF200_Host\wf200_host.o
                0x08002528                wf200_ap_client_disconnected_callback
 .text.wf200_generic_status_callback
                0x08002538       0x10 Application\WF200_Host\wf200_host.o
                0x08002538                wf200_generic_status_callback
 .text.wf200_host_post_event
                0x08002548       0xf0 Application\WF200_Host\wf200_host.o
                0x08002548                wf200_host_post_event
 .text.SDMMC_GetCmdResp
                0x08002638       0x64 Application\WF200_Host\wf200_host_sdio.o
 .text.SDIO_transmit_cplt
                0x0800269c       0x10 Application\WF200_Host\wf200_host_sdio.o
 .text.SDIO_receive_cplt
                0x080026ac       0x10 Application\WF200_Host\wf200_host_sdio.o
 .text.sdio_optimal_block_size
                0x080026bc       0x5c Application\WF200_Host\wf200_host_sdio.o
 .text.MX_SDIO_Init
                0x08002718       0x48 Application\WF200_Host\wf200_host_sdio.o
 .text.MX_SDIO_DeInit
                0x08002760       0x48 Application\WF200_Host\wf200_host_sdio.o
 .text.wf200_host_sdio_enable_high_speed_mode
                0x080027a8       0x3c Application\WF200_Host\wf200_host_sdio.o
                0x080027a8                wf200_host_sdio_enable_high_speed_mode
 .text.wf200_host_init_bus
                0x080027e4       0x68 Application\WF200_Host\wf200_host_sdio.o
                0x080027e4                wf200_host_init_bus
 .text.wf200_host_deinit_bus
                0x0800284c        0xa Application\WF200_Host\wf200_host_sdio.o
                0x0800284c                wf200_host_deinit_bus
 *fill*         0x08002856        0x2 
 .text.wf200_host_sdio_transfer_cmd52
                0x08002858       0xa0 Application\WF200_Host\wf200_host_sdio.o
                0x08002858                wf200_host_sdio_transfer_cmd52
 .text.wf200_host_sdio_read_cmd53
                0x080028f8       0xf8 Application\WF200_Host\wf200_host_sdio.o
                0x080028f8                wf200_host_sdio_read_cmd53
 .text.wf200_host_sdio_write_cmd53
                0x080029f0       0xf0 Application\WF200_Host\wf200_host_sdio.o
                0x080029f0                wf200_host_sdio_write_cmd53
 .text.wf200_host_sdio_transfer_cmd53
                0x08002ae0       0x7c Application\WF200_Host\wf200_host_sdio.o
                0x08002ae0                wf200_host_sdio_transfer_cmd53
 .text.wf200_host_enable_platform_interrupt
                0x08002b5c       0x14 Application\WF200_Host\wf200_host_sdio.o
                0x08002b5c                wf200_host_enable_platform_interrupt
 .text.wf200_host_disable_platform_interrupt
                0x08002b70       0x14 Application\WF200_Host\wf200_host_sdio.o
                0x08002b70                wf200_host_disable_platform_interrupt
 .text.receive_frames
                0x08002b84       0x2a Application\WF200_Host\wf200_task.o
 *fill*         0x08002bae        0x2 
 .text.prvBusCommTask
                0x08002bb0       0x44 Application\WF200_Host\wf200_task.o
 .text.vBusCommStart
                0x08002bf4       0x28 Application\WF200_Host\wf200_task.o
                0x08002bf4                vBusCommStart
 .text.SystemInit
                0x08002c1c       0x4c Drivers\CMSIS\system_stm32f4xx.o
                0x08002c1c                SystemInit
 .text.HAL_Init
                0x08002c68       0x34 Drivers\STM32F4xx_HAL_Driver\stm32f4xx_hal.o
                0x08002c68                HAL_Init
 .text.HAL_IncTick
                0x08002c9c       0x18 Drivers\STM32F4xx_HAL_Driver\stm32f4xx_hal.o
                0x08002c9c                HAL_IncTick
 .text.HAL_GetTick
                0x08002cb4        0xc Drivers\STM32F4xx_HAL_Driver\stm32f4xx_hal.o
                0x08002cb4                HAL_GetTick
 .text.HAL_Delay
                0x08002cc0       0x28 Drivers\STM32F4xx_HAL_Driver\stm32f4xx_hal.o
                0x08002cc0                HAL_Delay
 .text.HAL_NVIC_SetPriorityGrouping
                0x08002ce8       0x24 Drivers\STM32F4xx_HAL_Driver\stm32f4xx_hal_cortex.o
                0x08002ce8                HAL_NVIC_SetPriorityGrouping
 .text.HAL_NVIC_SetPriority
                0x08002d0c       0x64 Drivers\STM32F4xx_HAL_Driver\stm32f4xx_hal_cortex.o
                0x08002d0c                HAL_NVIC_SetPriority
 .text.HAL_NVIC_EnableIRQ
                0x08002d70       0x18 Drivers\STM32F4xx_HAL_Driver\stm32f4xx_hal_cortex.o
                0x08002d70                HAL_NVIC_EnableIRQ
 .text.HAL_NVIC_DisableIRQ
                0x08002d88       0x1c Drivers\STM32F4xx_HAL_Driver\stm32f4xx_hal_cortex.o
                0x08002d88                HAL_NVIC_DisableIRQ
 .text.HAL_SYSTICK_Config
                0x08002da4       0x2c Drivers\STM32F4xx_HAL_Driver\stm32f4xx_hal_cortex.o
                0x08002da4                HAL_SYSTICK_Config
 .text.HAL_SYSTICK_CLKSourceConfig
                0x08002dd0       0x20 Drivers\STM32F4xx_HAL_Driver\stm32f4xx_hal_cortex.o
                0x08002dd0                HAL_SYSTICK_CLKSourceConfig
 .text.DMA_SetConfig
                0x08002df0       0x2c Drivers\STM32F4xx_HAL_Driver\stm32f4xx_hal_dma.o
 .text.DMA_CalcBaseAndBitshift
                0x08002e1c       0x3c Drivers\STM32F4xx_HAL_Driver\stm32f4xx_hal_dma.o
 .text.DMA_CheckFifoParam
                0x08002e58       0x8e Drivers\STM32F4xx_HAL_Driver\stm32f4xx_hal_dma.o
 *fill*         0x08002ee6        0x2 
 .text.HAL_DMA_Init
                0x08002ee8       0xd0 Drivers\STM32F4xx_HAL_Driver\stm32f4xx_hal_dma.o
                0x08002ee8                HAL_DMA_Init
 .text.HAL_DMA_DeInit
                0x08002fb8       0x58 Drivers\STM32F4xx_HAL_Driver\stm32f4xx_hal_dma.o
                0x08002fb8                HAL_DMA_DeInit
 .text.HAL_DMA_Start_IT
                0x08003010       0x74 Drivers\STM32F4xx_HAL_Driver\stm32f4xx_hal_dma.o
                0x08003010                HAL_DMA_Start_IT
 .text.HAL_DMA_Abort_IT
                0x08003084       0x26 Drivers\STM32F4xx_HAL_Driver\stm32f4xx_hal_dma.o
                0x08003084                HAL_DMA_Abort_IT
 *fill*         0x080030aa        0x2 
 .text.HAL_DMA_IRQHandler
                0x080030ac      0x1dc Drivers\STM32F4xx_HAL_Driver\stm32f4xx_hal_dma.o
                0x080030ac                HAL_DMA_IRQHandler
 .text.HAL_GPIO_Init
                0x08003288      0x1e4 Drivers\STM32F4xx_HAL_Driver\stm32f4xx_hal_gpio.o
                0x08003288                HAL_GPIO_Init
 .text.HAL_GPIO_DeInit
                0x0800346c      0x13c Drivers\STM32F4xx_HAL_Driver\stm32f4xx_hal_gpio.o
                0x0800346c                HAL_GPIO_DeInit
 .text.HAL_GPIO_WritePin
                0x080035a8        0xc Drivers\STM32F4xx_HAL_Driver\stm32f4xx_hal_gpio.o
                0x080035a8                HAL_GPIO_WritePin
 .text.HAL_GPIO_EXTI_Callback
                0x080035b4        0x2 Drivers\STM32F4xx_HAL_Driver\stm32f4xx_hal_gpio.o
                0x080035b4                HAL_GPIO_EXTI_Callback
 *fill*         0x080035b6        0x2 
 .text.HAL_GPIO_EXTI_IRQHandler
                0x080035b8       0x1c Drivers\STM32F4xx_HAL_Driver\stm32f4xx_hal_gpio.o
                0x080035b8                HAL_GPIO_EXTI_IRQHandler
 .text.HAL_RCC_OscConfig
                0x080035d4      0x398 Drivers\STM32F4xx_HAL_Driver\stm32f4xx_hal_rcc.o
                0x080035d4                HAL_RCC_OscConfig
 .text.HAL_RCC_GetSysClockFreq
                0x0800396c       0xd4 Drivers\STM32F4xx_HAL_Driver\stm32f4xx_hal_rcc.o
                0x0800396c                HAL_RCC_GetSysClockFreq
 .text.HAL_RCC_ClockConfig
                0x08003a40      0x158 Drivers\STM32F4xx_HAL_Driver\stm32f4xx_hal_rcc.o
                0x08003a40                HAL_RCC_ClockConfig
 .text.HAL_RCC_GetHCLKFreq
                0x08003b98        0xc Drivers\STM32F4xx_HAL_Driver\stm32f4xx_hal_rcc.o
                0x08003b98                HAL_RCC_GetHCLKFreq
 .text.HAL_RCC_GetPCLK1Freq
                0x08003ba4       0x20 Drivers\STM32F4xx_HAL_Driver\stm32f4xx_hal_rcc.o
                0x08003ba4                HAL_RCC_GetPCLK1Freq
 .text.HAL_RCC_GetPCLK2Freq
                0x08003bc4       0x20 Drivers\STM32F4xx_HAL_Driver\stm32f4xx_hal_rcc.o
                0x08003bc4                HAL_RCC_GetPCLK2Freq
 .text.HAL_RCC_GetClockConfig
                0x08003be4       0x3c Drivers\STM32F4xx_HAL_Driver\stm32f4xx_hal_rcc.o
                0x08003be4                HAL_RCC_GetClockConfig
 .text.HAL_TIM_Base_MspInit
                0x08003c20        0x2 Drivers\STM32F4xx_HAL_Driver\stm32f4xx_hal_tim.o
                0x08003c20                HAL_TIM_Base_MspInit
 .text.HAL_TIM_Base_Start_IT
                0x08003c22       0x18 Drivers\STM32F4xx_HAL_Driver\stm32f4xx_hal_tim.o
                0x08003c22                HAL_TIM_Base_Start_IT
 .text.HAL_TIM_OC_DelayElapsedCallback
                0x08003c3a        0x2 Drivers\STM32F4xx_HAL_Driver\stm32f4xx_hal_tim.o
                0x08003c3a                HAL_TIM_OC_DelayElapsedCallback
 .text.HAL_TIM_IC_CaptureCallback
                0x08003c3c        0x2 Drivers\STM32F4xx_HAL_Driver\stm32f4xx_hal_tim.o
                0x08003c3c                HAL_TIM_IC_CaptureCallback
 .text.HAL_TIM_PWM_PulseFinishedCallback
                0x08003c3e        0x2 Drivers\STM32F4xx_HAL_Driver\stm32f4xx_hal_tim.o
                0x08003c3e                HAL_TIM_PWM_PulseFinishedCallback
 .text.HAL_TIM_TriggerCallback
                0x08003c40        0x2 Drivers\STM32F4xx_HAL_Driver\stm32f4xx_hal_tim.o
                0x08003c40                HAL_TIM_TriggerCallback
 .text.HAL_TIM_IRQHandler
                0x08003c42      0x17a Drivers\STM32F4xx_HAL_Driver\stm32f4xx_hal_tim.o
                0x08003c42                HAL_TIM_IRQHandler
 .text.TIM_Base_SetConfig
                0x08003dbc      0x11c Drivers\STM32F4xx_HAL_Driver\stm32f4xx_hal_tim.o
                0x08003dbc                TIM_Base_SetConfig
 .text.HAL_TIM_Base_Init
                0x08003ed8       0x32 Drivers\STM32F4xx_HAL_Driver\stm32f4xx_hal_tim.o
                0x08003ed8                HAL_TIM_Base_Init
 .text.HAL_TIMEx_CommutationCallback
                0x08003f0a        0x2 Drivers\STM32F4xx_HAL_Driver\stm32f4xx_hal_tim_ex.o
                0x08003f0a                HAL_TIMEx_CommutationCallback
 .text.HAL_TIMEx_BreakCallback
                0x08003f0c        0x2 Drivers\STM32F4xx_HAL_Driver\stm32f4xx_hal_tim_ex.o
                0x08003f0c                HAL_TIMEx_BreakCallback
 .text.UART_EndRxTransfer
                0x08003f0e       0x1c Drivers\STM32F4xx_HAL_Driver\stm32f4xx_hal_uart.o
 .text.UART_Transmit_IT
                0x08003f2a       0x6a Drivers\STM32F4xx_HAL_Driver\stm32f4xx_hal_uart.o
 .text.UART_SetConfig
                0x08003f94      0x344 Drivers\STM32F4xx_HAL_Driver\stm32f4xx_hal_uart.o
 .text.UART_WaitOnFlagUntilTimeout
                0x080042d8       0x64 Drivers\STM32F4xx_HAL_Driver\stm32f4xx_hal_uart.o
 .text.HAL_UART_Init
                0x0800433c       0x5e Drivers\STM32F4xx_HAL_Driver\stm32f4xx_hal_uart.o
                0x0800433c                HAL_UART_Init
 .text.HAL_UART_Transmit
                0x0800439a       0xe2 Drivers\STM32F4xx_HAL_Driver\stm32f4xx_hal_uart.o
                0x0800439a                HAL_UART_Transmit
 .text.HAL_UART_Transmit_IT
                0x0800447c       0x48 Drivers\STM32F4xx_HAL_Driver\stm32f4xx_hal_uart.o
                0x0800447c                HAL_UART_Transmit_IT
 .text.HAL_UART_Receive_IT
                0x080044c4       0x52 Drivers\STM32F4xx_HAL_Driver\stm32f4xx_hal_uart.o
                0x080044c4                HAL_UART_Receive_IT
 .text.UART_EndTransmit_IT
                0x08004516       0x1a Drivers\STM32F4xx_HAL_Driver\stm32f4xx_hal_uart.o
 .text.UART_Receive_IT
                0x08004530       0x94 Drivers\STM32F4xx_HAL_Driver\stm32f4xx_hal_uart.o
 .text.HAL_UART_ErrorCallback
                0x080045c4        0x2 Drivers\STM32F4xx_HAL_Driver\stm32f4xx_hal_uart.o
                0x080045c4                HAL_UART_ErrorCallback
 *fill*         0x080045c6        0x2 
 .text.HAL_UART_IRQHandler
                0x080045c8      0x120 Drivers\STM32F4xx_HAL_Driver\stm32f4xx_hal_uart.o
                0x080045c8                HAL_UART_IRQHandler
 .text.UART_DMAAbortOnError
                0x080046e8       0x10 Drivers\STM32F4xx_HAL_Driver\stm32f4xx_hal_uart.o
 .text.SDMMC_GetCmdError
                0x080046f8       0x3c Drivers\STM32F4xx_HAL_Driver\stm32f4xx_ll_sdmmc.o
 .text.SDMMC_GetCmdResp7
                0x08004734       0x54 Drivers\STM32F4xx_HAL_Driver\stm32f4xx_ll_sdmmc.o
 .text.SDIO_Init
                0x08004788       0x38 Drivers\STM32F4xx_HAL_Driver\stm32f4xx_ll_sdmmc.o
                0x08004788                SDIO_Init
 .text.SDIO_PowerState_ON
                0x080047c0        0x8 Drivers\STM32F4xx_HAL_Driver\stm32f4xx_ll_sdmmc.o
                0x080047c0                SDIO_PowerState_ON
 .text.SDIO_SendCommand
                0x080047c8       0x24 Drivers\STM32F4xx_HAL_Driver\stm32f4xx_ll_sdmmc.o
                0x080047c8                SDIO_SendCommand
 .text.SDIO_GetCommandResponse
                0x080047ec        0x6 Drivers\STM32F4xx_HAL_Driver\stm32f4xx_ll_sdmmc.o
                0x080047ec                SDIO_GetCommandResponse
 .text.SDIO_GetResponse
                0x080047f2       0x14 Drivers\STM32F4xx_HAL_Driver\stm32f4xx_ll_sdmmc.o
                0x080047f2                SDIO_GetResponse
 *fill*         0x08004806        0x2 
 .text.SDMMC_GetCmdResp1
                0x08004808      0x158 Drivers\STM32F4xx_HAL_Driver\stm32f4xx_ll_sdmmc.o
 .text.SDMMC_GetCmdResp6
                0x08004960       0xa0 Drivers\STM32F4xx_HAL_Driver\stm32f4xx_ll_sdmmc.o
 .text.SDIO_ConfigData
                0x08004a00       0x24 Drivers\STM32F4xx_HAL_Driver\stm32f4xx_ll_sdmmc.o
                0x08004a00                SDIO_ConfigData
 .text.SDMMC_CmdSelDesel
                0x08004a24       0x30 Drivers\STM32F4xx_HAL_Driver\stm32f4xx_ll_sdmmc.o
                0x08004a24                SDMMC_CmdSelDesel
 .text.SDMMC_CmdGoIdleState
                0x08004a54       0x26 Drivers\STM32F4xx_HAL_Driver\stm32f4xx_ll_sdmmc.o
                0x08004a54                SDMMC_CmdGoIdleState
 .text.SDMMC_CmdOperCond
                0x08004a7a       0x2e Drivers\STM32F4xx_HAL_Driver\stm32f4xx_ll_sdmmc.o
                0x08004a7a                SDMMC_CmdOperCond
 .text.SDMMC_CmdSetRelAdd
                0x08004aa8       0x30 Drivers\STM32F4xx_HAL_Driver\stm32f4xx_ll_sdmmc.o
                0x08004aa8                SDMMC_CmdSetRelAdd
 .text.wf200_init_chip
                0x08004ad8       0xec Drivers\WF200_Driver\wf200.o
 .text.poll_for_value
                0x08004bc4       0x38 Drivers\WF200_Driver\wf200.o
 .text.wf200_download_run_bootloader
                0x08004bfc       0x6c Drivers\WF200_Driver\wf200.o
 .text.wf200_compare_keysets
                0x08004c68       0x32 Drivers\WF200_Driver\wf200.o
 *fill*         0x08004c9a        0x2 
 .text.wf200_download_run_firmware
                0x08004c9c      0x284 Drivers\WF200_Driver\wf200.o
 .text.wf200_send_request
                0x08004f20       0x1c Drivers\WF200_Driver\wf200.o
 .text.wf200_send_join_command
                0x08004f3c       0xd8 Drivers\WF200_Driver\wf200.o
                0x08004f3c                wf200_send_join_command
 .text.wf200_send_ethernet_frame
                0x08005014       0x5c Drivers\WF200_Driver\wf200.o
                0x08005014                wf200_send_ethernet_frame
 .text.wf200_send_configuration
                0x08005070       0x7c Drivers\WF200_Driver\wf200.o
                0x08005070                wf200_send_configuration
 .text.wf200_send_command
                0x080050ec       0x82 Drivers\WF200_Driver\wf200.o
                0x080050ec                wf200_send_command
 .text.wf200_start_ap_command
                0x0800516e       0x7e Drivers\WF200_Driver\wf200.o
                0x0800516e                wf200_start_ap_command
 .text.wf200_receive_frame
                0x080051ec       0x9a Drivers\WF200_Driver\wf200.o
                0x080051ec                wf200_receive_frame
 .text.wf200_enable_irq
                0x08005286       0x30 Drivers\WF200_Driver\wf200.o
                0x08005286                wf200_enable_irq
 .text.wf200_disable_irq
                0x080052b6       0x32 Drivers\WF200_Driver\wf200.o
                0x080052b6                wf200_disable_irq
 .text.wf200_set_access_mode_message
                0x080052e8       0x26 Drivers\WF200_Driver\wf200.o
                0x080052e8                wf200_set_access_mode_message
 *fill*         0x0800530e        0x2 
 .text.wf200_init
                0x08005310       0xdc Drivers\WF200_Driver\wf200.o
                0x08005310                wf200_init
 .text.wf200_reg_read_16
                0x080053ec       0x22 Drivers\WF200_Driver\wf200_bus.o
                0x080053ec                wf200_reg_read_16
 .text.wf200_reg_write_16
                0x0800540e       0x28 Drivers\WF200_Driver\wf200_bus.o
                0x0800540e                wf200_reg_write_16
 .text.wf200_reg_read_32
                0x08005436       0x32 Drivers\WF200_Driver\wf200_bus.o
                0x08005436                wf200_reg_read_32
 .text.wf200_reg_write_32
                0x08005468       0x2a Drivers\WF200_Driver\wf200_bus.o
                0x08005468                wf200_reg_write_32
 .text.wf200_data_read
                0x08005492        0xe Drivers\WF200_Driver\wf200_bus.o
                0x08005492                wf200_data_read
 .text.wf200_data_write
                0x080054a0        0xe Drivers\WF200_Driver\wf200_bus.o
                0x080054a0                wf200_data_write
 .text.wf200_apb_write
                0x080054ae       0x2e Drivers\WF200_Driver\wf200_bus.o
                0x080054ae                wf200_apb_write
 .text.wf200_apb_write_32
                0x080054dc       0x20 Drivers\WF200_Driver\wf200_bus.o
                0x080054dc                wf200_apb_write_32
 .text.wf200_apb_read_32
                0x080054fc       0x4e Drivers\WF200_Driver\wf200_bus.o
                0x080054fc                wf200_apb_read_32
 *fill*         0x0800554a        0x2 
 .text.wf200_reg_read
                0x0800554c       0x94 Drivers\WF200_Driver\wf200_bus_sdio.o
                0x0800554c                wf200_reg_read
 .text.wf200_reg_write
                0x080055e0       0x4c Drivers\WF200_Driver\wf200_bus_sdio.o
                0x080055e0                wf200_reg_write
 .text.wf200_init_bus
                0x0800562c      0x150 Drivers\WF200_Driver\wf200_bus_sdio.o
                0x0800562c                wf200_init_bus
 .text.wf200_deinit_bus
                0x0800577c        0x8 Drivers\WF200_Driver\wf200_bus_sdio.o
                0x0800577c                wf200_deinit_bus
 .text.makeFreeRtosPriority
                0x08005784        0xc Middlewares\FreeRTOS\cmsis_os.o
 .text.inHandlerMode
                0x08005790        0xc Middlewares\FreeRTOS\cmsis_os.o
 .text.osKernelStart
                0x0800579c        0xa Middlewares\FreeRTOS\cmsis_os.o
                0x0800579c                osKernelStart
 .text.osKernelSysTick
                0x080057a6       0x14 Middlewares\FreeRTOS\cmsis_os.o
                0x080057a6                osKernelSysTick
 .text.osThreadCreate
                0x080057ba       0x34 Middlewares\FreeRTOS\cmsis_os.o
                0x080057ba                osThreadCreate
 .text.osThreadTerminate
                0x080057ee        0xa Middlewares\FreeRTOS\cmsis_os.o
                0x080057ee                osThreadTerminate
 .text.osDelay  0x080057f8       0x12 Middlewares\FreeRTOS\cmsis_os.o
                0x080057f8                osDelay
 .text.osMutexCreate
                0x0800580a        0xa Middlewares\FreeRTOS\cmsis_os.o
                0x0800580a                osMutexCreate
 .text.osMutexWait
                0x08005814       0x74 Middlewares\FreeRTOS\cmsis_os.o
                0x08005814                osMutexWait
 .text.osMutexRelease
                0x08005888       0x5c Middlewares\FreeRTOS\cmsis_os.o
                0x08005888                osMutexRelease
 .text.osMessageCreate
                0x080058e4        0xe Middlewares\FreeRTOS\cmsis_os.o
                0x080058e4                osMessageCreate
 *fill*         0x080058f2        0x2 
 .text.osMessagePut
                0x080058f4       0x68 Middlewares\FreeRTOS\cmsis_os.o
                0x080058f4                osMessagePut
 .text.osMessageGet
                0x0800595c       0xa0 Middlewares\FreeRTOS\cmsis_os.o
                0x0800595c                osMessageGet
 .text.osSystickHandler
                0x080059fc       0x10 Middlewares\FreeRTOS\cmsis_os.o
                0x080059fc                osSystickHandler
 .text.prvHeapInit
                0x08005a0c       0x64 Middlewares\FreeRTOS\heap_4.o
 .text.prvInsertBlockIntoFreeList
                0x08005a70       0x58 Middlewares\FreeRTOS\heap_4.o
 .text.pvPortMalloc
                0x08005ac8      0x108 Middlewares\FreeRTOS\heap_4.o
                0x08005ac8                pvPortMalloc
 .text.vPortFree
                0x08005bd0       0x70 Middlewares\FreeRTOS\heap_4.o
                0x08005bd0                vPortFree
 .text.vListInitialise
                0x08005c40       0x16 Middlewares\FreeRTOS\list.o
                0x08005c40                vListInitialise
 .text.vListInitialiseItem
                0x08005c56        0x6 Middlewares\FreeRTOS\list.o
                0x08005c56                vListInitialiseItem
 .text.vListInsertEnd
                0x08005c5c       0x18 Middlewares\FreeRTOS\list.o
                0x08005c5c                vListInsertEnd
 .text.vListInsert
                0x08005c74       0x34 Middlewares\FreeRTOS\list.o
                0x08005c74                vListInsert
 .text.uxListRemove
                0x08005ca8       0x26 Middlewares\FreeRTOS\list.o
                0x08005ca8                uxListRemove
 *fill*         0x08005cce        0x2 
 .text.prvTaskExitError
                0x08005cd0       0x34 Middlewares\FreeRTOS\port.o
 .text.prvPortStartFirstTask
                0x08005d04       0x20 Middlewares\FreeRTOS\port.o
 .text.vPortEnableVFP
                0x08005d24       0x14 Middlewares\FreeRTOS\port.o
 .text.pxPortInitialiseStack
                0x08005d38       0x2c Middlewares\FreeRTOS\port.o
                0x08005d38                pxPortInitialiseStack
 *fill*         0x08005d64        0xc 
 .text.SVC_Handler
                0x08005d70       0x24 Middlewares\FreeRTOS\port.o
                0x08005d70                SVC_Handler
 .text.vPortEnterCritical
                0x08005d94       0x44 Middlewares\FreeRTOS\port.o
                0x08005d94                vPortEnterCritical
 .text.vPortExitCritical
                0x08005dd8       0x2c Middlewares\FreeRTOS\port.o
                0x08005dd8                vPortExitCritical
 *fill*         0x08005e04        0xc 
 .text.PendSV_Handler
                0x08005e10       0x64 Middlewares\FreeRTOS\port.o
                0x08005e10                PendSV_Handler
 .text.xPortSysTickHandler
                0x08005e74       0x2c Middlewares\FreeRTOS\port.o
                0x08005e74                xPortSysTickHandler
 .text.vPortSetupTimerInterrupt
                0x08005ea0       0x2c Middlewares\FreeRTOS\port.o
                0x08005ea0                vPortSetupTimerInterrupt
 .text.xPortStartScheduler
                0x08005ecc       0xec Middlewares\FreeRTOS\port.o
                0x08005ecc                xPortStartScheduler
 .text.vPortValidateInterruptPriority
                0x08005fb8       0x5c Middlewares\FreeRTOS\port.o
                0x08005fb8                vPortValidateInterruptPriority
 .text.prvIsQueueFull
                0x08006014       0x1e Middlewares\FreeRTOS\queue.o
 .text.prvIsQueueEmpty
                0x08006032       0x1a Middlewares\FreeRTOS\queue.o
 .text.prvCopyDataToQueue
                0x0800604c       0x76 Middlewares\FreeRTOS\queue.o
 .text.prvCopyDataFromQueue
                0x080060c2       0x24 Middlewares\FreeRTOS\queue.o
 .text.prvUnlockQueue
                0x080060e6       0x6e Middlewares\FreeRTOS\queue.o
 .text.xQueueGenericReset
                0x08006154       0x80 Middlewares\FreeRTOS\queue.o
                0x08006154                xQueueGenericReset
 .text.prvInitialiseNewQueue
                0x080061d4       0x1c Middlewares\FreeRTOS\queue.o
 .text.xQueueGenericCreate
                0x080061f0       0x48 Middlewares\FreeRTOS\queue.o
                0x080061f0                xQueueGenericCreate
 .text.xQueueGenericSend
                0x08006238      0x188 Middlewares\FreeRTOS\queue.o
                0x08006238                xQueueGenericSend
 .text.prvInitialiseMutex
                0x080063c0       0x18 Middlewares\FreeRTOS\queue.o
 .text.xQueueCreateMutex
                0x080063d8       0x16 Middlewares\FreeRTOS\queue.o
                0x080063d8                xQueueCreateMutex
 .text.xQueueGenericSendFromISR
                0x080063ee       0xde Middlewares\FreeRTOS\queue.o
                0x080063ee                xQueueGenericSendFromISR
 .text.xQueueGiveFromISR
                0x080064cc       0xbc Middlewares\FreeRTOS\queue.o
                0x080064cc                xQueueGiveFromISR
 .text.xQueueGenericReceive
                0x08006588      0x1b0 Middlewares\FreeRTOS\queue.o
                0x08006588                xQueueGenericReceive
 .text.xQueueReceiveFromISR
                0x08006738       0xb6 Middlewares\FreeRTOS\queue.o
                0x08006738                xQueueReceiveFromISR
 *fill*         0x080067ee        0x2 
 .text.prvResetNextTaskUnblockTime
                0x080067f0       0x34 Middlewares\FreeRTOS\tasks.o
 .text.prvDeleteTCB
                0x08006824       0x12 Middlewares\FreeRTOS\tasks.o
 .text.prvInitialiseNewTask
                0x08006836       0x80 Middlewares\FreeRTOS\tasks.o
 *fill*         0x080068b6        0x2 
 .text.prvInitialiseTaskLists
                0x080068b8       0x5c Middlewares\FreeRTOS\tasks.o
 .text.prvAddNewTaskToReadyList
                0x08006914       0xa8 Middlewares\FreeRTOS\tasks.o
 .text.prvAddCurrentTaskToDelayedList
                0x080069bc       0x7c Middlewares\FreeRTOS\tasks.o
 .text.xTaskCreate
                0x08006a38       0x62 Middlewares\FreeRTOS\tasks.o
                0x08006a38                xTaskCreate
 *fill*         0x08006a9a        0x2 
 .text.vTaskDelete
                0x08006a9c       0xe0 Middlewares\FreeRTOS\tasks.o
                0x08006a9c                vTaskDelete
 .text.vTaskStartScheduler
                0x08006b7c       0x7c Middlewares\FreeRTOS\tasks.o
                0x08006b7c                vTaskStartScheduler
 .text.vTaskSuspendAll
                0x08006bf8       0x10 Middlewares\FreeRTOS\tasks.o
                0x08006bf8                vTaskSuspendAll
 .text.xTaskGetTickCount
                0x08006c08        0xc Middlewares\FreeRTOS\tasks.o
                0x08006c08                xTaskGetTickCount
 .text.xTaskGetTickCountFromISR
                0x08006c14       0x10 Middlewares\FreeRTOS\tasks.o
                0x08006c14                xTaskGetTickCountFromISR
 .text.xTaskIncrementTick
                0x08006c24      0x120 Middlewares\FreeRTOS\tasks.o
                0x08006c24                xTaskIncrementTick
 .text.xTaskResumeAll
                0x08006d44       0xfc Middlewares\FreeRTOS\tasks.o
                0x08006d44                xTaskResumeAll
 .text.vTaskDelay
                0x08006e40       0x50 Middlewares\FreeRTOS\tasks.o
                0x08006e40                vTaskDelay
 .text.prvCheckTasksWaitingTermination
                0x08006e90       0x5c Middlewares\FreeRTOS\tasks.o
 .text.prvIdleTask
                0x08006eec       0x28 Middlewares\FreeRTOS\tasks.o
 .text.vTaskSwitchContext
                0x08006f14       0x9c Middlewares\FreeRTOS\tasks.o
                0x08006f14                vTaskSwitchContext
 .text.vTaskPlaceOnEventList
                0x08006fb0       0x30 Middlewares\FreeRTOS\tasks.o
                0x08006fb0                vTaskPlaceOnEventList
 .text.xTaskRemoveFromEventList
                0x08006fe0       0x8c Middlewares\FreeRTOS\tasks.o
                0x08006fe0                xTaskRemoveFromEventList
 .text.vTaskSetTimeOutState
                0x0800706c       0x2c Middlewares\FreeRTOS\tasks.o
                0x0800706c                vTaskSetTimeOutState
 .text.xTaskCheckForTimeOut
                0x08007098       0x78 Middlewares\FreeRTOS\tasks.o
                0x08007098                xTaskCheckForTimeOut
 .text.vTaskMissedYield
                0x08007110        0xc Middlewares\FreeRTOS\tasks.o
                0x08007110                vTaskMissedYield
 .text.xTaskGetSchedulerState
                0x0800711c       0x20 Middlewares\FreeRTOS\tasks.o
                0x0800711c                xTaskGetSchedulerState
 .text.vTaskPriorityInherit
                0x0800713c       0xa4 Middlewares\FreeRTOS\tasks.o
                0x0800713c                vTaskPriorityInherit
 .text.xTaskPriorityDisinherit
                0x080071e0       0xb4 Middlewares\FreeRTOS\tasks.o
                0x080071e0                xTaskPriorityDisinherit
 .text.pvTaskIncrementMutexHeldCount
                0x08007294       0x1c Middlewares\FreeRTOS\tasks.o
                0x08007294                pvTaskIncrementMutexHeldCount
 .text.ulTaskNotifyTake
                0x080072b0       0x78 Middlewares\FreeRTOS\tasks.o
                0x080072b0                ulTaskNotifyTake
 .text.vTaskNotifyGiveFromISR
                0x08007328       0xd0 Middlewares\FreeRTOS\tasks.o
                0x08007328                vTaskNotifyGiveFromISR
 .text.netifapi_do_netif_common
                0x080073f8       0x16 Middlewares\LwIP\api\netifapi.o
 *fill*         0x0800740e        0x2 
 .text.netifapi_netif_common
                0x08007410       0x1c Middlewares\LwIP\api\netifapi.o
                0x08007410                netifapi_netif_common
 .text.tcpip_timeouts_mbox_fetch
                0x0800742c       0x64 Middlewares\LwIP\api\tcpip.o
 .text.tcpip_thread_handle_msg
                0x08007490       0x60 Middlewares\LwIP\api\tcpip.o
 .text.tcpip_thread
                0x080074f0       0x54 Middlewares\LwIP\api\tcpip.o
 .text.tcpip_inpkt
                0x08007544       0x68 Middlewares\LwIP\api\tcpip.o
                0x08007544                tcpip_inpkt
 .text.tcpip_input
                0x080075ac       0x24 Middlewares\LwIP\api\tcpip.o
                0x080075ac                tcpip_input
 .text.tcpip_callback
                0x080075d0       0x50 Middlewares\LwIP\api\tcpip.o
                0x080075d0                tcpip_callback
 .text.tcpip_api_call
                0x08007620       0x24 Middlewares\LwIP\api\tcpip.o
                0x08007620                tcpip_api_call
 .text.tcpip_init
                0x08007644       0x84 Middlewares\LwIP\api\tcpip.o
                0x08007644                tcpip_init
 .text.fs_open  0x080076c8       0x48 Middlewares\LwIP\apps\httpd\fs.o
                0x080076c8                fs_open
 .text.fs_close
                0x08007710        0x2 Middlewares\LwIP\apps\httpd\fs.o
                0x08007710                fs_close
 .text.fs_bytes_left
                0x08007712        0x8 Middlewares\LwIP\apps\httpd\fs.o
                0x08007712                fs_bytes_left
 *fill*         0x0800771a        0x2 
 .text.httpd_init_pcb
                0x0800771c       0x6c Middlewares\LwIP\apps\httpd\httpd.o
 .text.get_http_content_length
                0x08007788       0x88 Middlewares\LwIP\apps\httpd\httpd.o
 .text.http_write
                0x08007810       0x9c Middlewares\LwIP\apps\httpd\httpd.o
 .text.http_send_data_nonssi
                0x080078ac       0x42 Middlewares\LwIP\apps\httpd\httpd.o
 *fill*         0x080078ee        0x2 
 .text.get_tag_insert
                0x080078f0      0x120 Middlewares\LwIP\apps\httpd\httpd.o
 .text.http_send_data_ssi
                0x08007a10      0x384 Middlewares\LwIP\apps\httpd\httpd.o
 .text.http_ssi_state_free
                0x08007d94        0xc Middlewares\LwIP\apps\httpd\httpd.o
 .text.http_state_eof
                0x08007da0       0x2a Middlewares\LwIP\apps\httpd\httpd.o
 .text.http_state_free
                0x08007dca       0x14 Middlewares\LwIP\apps\httpd\httpd.o
 *fill*         0x08007dde        0x2 
 .text.http_close_or_abort_conn
                0x08007de0       0x60 Middlewares\LwIP\apps\httpd\httpd.o
 .text.http_close_conn
                0x08007e40        0xa Middlewares\LwIP\apps\httpd\httpd.o
 .text.http_eof
                0x08007e4a        0x8 Middlewares\LwIP\apps\httpd\httpd.o
 *fill*         0x08007e52        0x2 
 .text.http_check_eof
                0x08007e54       0x48 Middlewares\LwIP\apps\httpd\httpd.o
 .text.http_send_headers
                0x08007e9c      0x11e Middlewares\LwIP\apps\httpd\httpd.o
 .text.http_send
                0x08007fba       0x78 Middlewares\LwIP\apps\httpd\httpd.o
 .text.http_sent
                0x08008032       0x1c Middlewares\LwIP\apps\httpd\httpd.o
 .text.http_err
                0x0800804e        0xc Middlewares\LwIP\apps\httpd\httpd.o
 .text.http_poll
                0x0800805a       0x42 Middlewares\LwIP\apps\httpd\httpd.o
 .text.http_get_404_file
                0x0800809c       0x44 Middlewares\LwIP\apps\httpd\httpd.o
 .text.extract_uri_parameters
                0x080080e0       0x7a Middlewares\LwIP\apps\httpd\httpd.o
 *fill*         0x0800815a        0x2 
 .text.http_uri_is_ssi
                0x0800815c       0x60 Middlewares\LwIP\apps\httpd\httpd.o
 .text.http_ssi_state_alloc
                0x080081bc       0x18 Middlewares\LwIP\apps\httpd\httpd.o
 .text.http_state_init
                0x080081d4       0x14 Middlewares\LwIP\apps\httpd\httpd.o
 .text.http_state_alloc
                0x080081e8       0x14 Middlewares\LwIP\apps\httpd\httpd.o
 .text.http_accept
                0x080081fc       0x6c Middlewares\LwIP\apps\httpd\httpd.o
 .text.get_http_headers
                0x08008268      0x118 Middlewares\LwIP\apps\httpd\httpd.o
 .text.http_init_file
                0x08008380       0xd8 Middlewares\LwIP\apps\httpd\httpd.o
 .text.http_find_file
                0x08008458      0x194 Middlewares\LwIP\apps\httpd\httpd.o
 .text.http_parse_request
                0x080085ec      0x160 Middlewares\LwIP\apps\httpd\httpd.o
 .text.http_recv
                0x0800874c       0xac Middlewares\LwIP\apps\httpd\httpd.o
 .text.httpd_init
                0x080087f8       0x34 Middlewares\LwIP\apps\httpd\httpd.o
                0x080087f8                httpd_init
 .text.http_set_cgi_handlers
                0x0800882c       0x50 Middlewares\LwIP\apps\httpd\httpd.o
                0x0800882c                http_set_cgi_handlers
 .text.lwiperf_list_add
                0x0800887c       0x10 Middlewares\LwIP\apps\lwiperf.o
 .text.lwiperf_list_find
                0x0800888c       0x18 Middlewares\LwIP\apps\lwiperf.o
 .text.lwiperf_list_remove
                0x080088a4       0x54 Middlewares\LwIP\apps\lwiperf.o
 .text.lwiperf_start_tcp_server_impl
                0x080088f8       0xbc Middlewares\LwIP\apps\lwiperf.o
 .text.lwip_tcp_conn_report
                0x080089b4       0x4c Middlewares\LwIP\apps\lwiperf.o
 .text.lwiperf_tcp_close
                0x08008a00       0x7c Middlewares\LwIP\apps\lwiperf.o
 .text.lwiperf_tcp_accept
                0x08008a7c      0x158 Middlewares\LwIP\apps\lwiperf.o
 .text.lwiperf_tcp_err
                0x08008bd4        0xa Middlewares\LwIP\apps\lwiperf.o
 *fill*         0x08008bde        0x2 
 .text.lwiperf_tcp_client_send_more
                0x08008be0      0x124 Middlewares\LwIP\apps\lwiperf.o
 .text.lwiperf_tcp_client_sent
                0x08008d04       0x34 Middlewares\LwIP\apps\lwiperf.o
 .text.lwiperf_tcp_poll
                0x08008d38       0x50 Middlewares\LwIP\apps\lwiperf.o
 .text.lwiperf_tx_start_impl
                0x08008d88      0x140 Middlewares\LwIP\apps\lwiperf.o
 .text.lwiperf_tx_start_passive
                0x08008ec8       0x60 Middlewares\LwIP\apps\lwiperf.o
 .text.lwiperf_tcp_recv
                0x08008f28      0x190 Middlewares\LwIP\apps\lwiperf.o
 .text.lwiperf_tcp_client_connected
                0x080090b8       0x48 Middlewares\LwIP\apps\lwiperf.o
 .text.lwiperf_start_tcp_server
                0x08009100       0x20 Middlewares\LwIP\apps\lwiperf.o
                0x08009100                lwiperf_start_tcp_server
 .text.lwiperf_start_tcp_server_default
                0x08009120       0x18 Middlewares\LwIP\apps\lwiperf.o
                0x08009120                lwiperf_start_tcp_server_default
 .text.lwip_htons
                0x08009138        0xa Middlewares\LwIP\core\def.o
                0x08009138                lwip_htons
 .text.lwip_htonl
                0x08009142       0x18 Middlewares\LwIP\core\def.o
                0x08009142                lwip_htonl
 .text.lwip_strnstr
                0x0800915a       0x54 Middlewares\LwIP\core\def.o
                0x0800915a                lwip_strnstr
 .text.lwip_stricmp
                0x080091ae       0x3a Middlewares\LwIP\core\def.o
                0x080091ae                lwip_stricmp
 .text.lwip_itoa
                0x080091e8       0x80 Middlewares\LwIP\core\def.o
                0x080091e8                lwip_itoa
 .text.lwip_standard_chksum
                0x08009268       0x68 Middlewares\LwIP\core\inet_chksum.o
                0x08009268                lwip_standard_chksum
 .text.inet_cksum_pseudo_base
                0x080092d0       0x6c Middlewares\LwIP\core\inet_chksum.o
 .text.inet_chksum_pseudo
                0x0800933c       0x28 Middlewares\LwIP\core\inet_chksum.o
                0x0800933c                inet_chksum_pseudo
 .text.ip_chksum_pseudo
                0x08009364       0x10 Middlewares\LwIP\core\inet_chksum.o
                0x08009364                ip_chksum_pseudo
 .text.inet_chksum
                0x08009374        0xc Middlewares\LwIP\core\inet_chksum.o
                0x08009374                inet_chksum
 .text.inet_chksum_pbuf
                0x08009380       0x48 Middlewares\LwIP\core\inet_chksum.o
                0x08009380                inet_chksum_pbuf
 .text.lwip_init
                0x080093c8       0x20 Middlewares\LwIP\core\init.o
                0x080093c8                lwip_init
 .text.dhcp_set_state
                0x080093e8       0x10 Middlewares\LwIP\core\ipv4\dhcp.o
 .text.dhcp_option_short
                0x080093f8       0x3c Middlewares\LwIP\core\ipv4\dhcp.o
 .text.dhcp_option
                0x08009434       0x3c Middlewares\LwIP\core\ipv4\dhcp.o
 .text.dhcp_option_byte
                0x08009470       0x30 Middlewares\LwIP\core\ipv4\dhcp.o
 .text.dhcp_option_long
                0x080094a0       0x50 Middlewares\LwIP\core\ipv4\dhcp.o
 .text.dhcp_create_msg
                0x080094f0      0x13c Middlewares\LwIP\core\ipv4\dhcp.o
 .text.dhcp_handle_ack
                0x0800962c       0x7c Middlewares\LwIP\core\ipv4\dhcp.o
 .text.dhcp_option_trailer
                0x080096a8       0x32 Middlewares\LwIP\core\ipv4\dhcp.o
 *fill*         0x080096da        0x2 
 .text.dhcp_rebind
                0x080096dc       0xf0 Middlewares\LwIP\core\ipv4\dhcp.o
 .text.dhcp_t2_timeout
                0x080097cc       0x30 Middlewares\LwIP\core\ipv4\dhcp.o
 .text.dhcp_reboot
                0x080097fc      0x114 Middlewares\LwIP\core\ipv4\dhcp.o
 .text.dhcp_select
                0x08009910      0x180 Middlewares\LwIP\core\ipv4\dhcp.o
 .text.dhcp_handle_offer
                0x08009a90       0x30 Middlewares\LwIP\core\ipv4\dhcp.o
 .text.dhcp_discover
                0x08009ac0       0xf4 Middlewares\LwIP\core\ipv4\dhcp.o
 .text.dhcp_decline
                0x08009bb4       0x9c Middlewares\LwIP\core\ipv4\dhcp.o
 .text.dhcp_check
                0x08009c50       0x2a Middlewares\LwIP\core\ipv4\dhcp.o
 *fill*         0x08009c7a        0x2 
 .text.dhcp_bind
                0x08009c7c      0x128 Middlewares\LwIP\core\ipv4\dhcp.o
 .text.dhcp_handle_nak
                0x08009da4       0x24 Middlewares\LwIP\core\ipv4\dhcp.o
 .text.dhcp_dec_pcb_refcount
                0x08009dc8       0x48 Middlewares\LwIP\core\ipv4\dhcp.o
 .text.dhcp_inc_pcb_refcount
                0x08009e10       0x7c Middlewares\LwIP\core\ipv4\dhcp.o
 .text.dhcp_parse_reply
                0x08009e8c      0x490 Middlewares\LwIP\core\ipv4\dhcp.o
 .text.dhcp_recv
                0x0800a31c       0xec Middlewares\LwIP\core\ipv4\dhcp.o
 .text.dhcp_network_changed
                0x0800a408       0x54 Middlewares\LwIP\core\ipv4\dhcp.o
                0x0800a408                dhcp_network_changed
 .text.dhcp_arp_reply
                0x0800a45c       0x40 Middlewares\LwIP\core\ipv4\dhcp.o
                0x0800a45c                dhcp_arp_reply
 .text.dhcp_renew
                0x0800a49c       0xf0 Middlewares\LwIP\core\ipv4\dhcp.o
                0x0800a49c                dhcp_renew
 .text.dhcp_t1_timeout
                0x0800a58c       0x2c Middlewares\LwIP\core\ipv4\dhcp.o
 .text.dhcp_supplied_address
                0x0800a5b8       0x2e Middlewares\LwIP\core\ipv4\dhcp.o
                0x0800a5b8                dhcp_supplied_address
 *fill*         0x0800a5e6        0x2 
 .text.dhcp_release_and_stop
                0x0800a5e8       0xc4 Middlewares\LwIP\core\ipv4\dhcp.o
                0x0800a5e8                dhcp_release_and_stop
 .text.dhcp_start
                0x0800a6ac       0xc4 Middlewares\LwIP\core\ipv4\dhcp.o
                0x0800a6ac                dhcp_start
 .text.dhcp_coarse_tmr
                0x0800a770       0x64 Middlewares\LwIP\core\ipv4\dhcp.o
                0x0800a770                dhcp_coarse_tmr
 .text.dhcp_timeout
                0x0800a7d4       0x62 Middlewares\LwIP\core\ipv4\dhcp.o
 *fill*         0x0800a836        0x2 
 .text.dhcp_fine_tmr
                0x0800a838       0x34 Middlewares\LwIP\core\ipv4\dhcp.o
                0x0800a838                dhcp_fine_tmr
 .text.dhcp_stop
                0x0800a86c        0x8 Middlewares\LwIP\core\ipv4\dhcp.o
                0x0800a86c                dhcp_stop
 .text.etharp_free_entry
                0x0800a874       0x34 Middlewares\LwIP\core\ipv4\etharp.o
 .text.etharp_find_entry
                0x0800a8a8      0x1d4 Middlewares\LwIP\core\ipv4\etharp.o
 .text.etharp_update_arp_entry
                0x0800aa7c       0xfc Middlewares\LwIP\core\ipv4\etharp.o
 .text.etharp_raw
                0x0800ab78       0xe4 Middlewares\LwIP\core\ipv4\etharp.o
 .text.etharp_request_dst
                0x0800ac5c       0x28 Middlewares\LwIP\core\ipv4\etharp.o
 .text.etharp_add_static_entry
                0x0800ac84       0x1e Middlewares\LwIP\core\ipv4\etharp.o
                0x0800ac84                etharp_add_static_entry
 *fill*         0x0800aca2        0x2 
 .text.etharp_cleanup_netif
                0x0800aca4       0x38 Middlewares\LwIP\core\ipv4\etharp.o
                0x0800aca4                etharp_cleanup_netif
 .text.etharp_input
                0x0800acdc       0xc4 Middlewares\LwIP\core\ipv4\etharp.o
                0x0800acdc                etharp_input
 .text.etharp_request
                0x0800ada0       0x10 Middlewares\LwIP\core\ipv4\etharp.o
                0x0800ada0                etharp_request
 .text.etharp_tmr
                0x0800adb0       0x8c Middlewares\LwIP\core\ipv4\etharp.o
                0x0800adb0                etharp_tmr
 .text.etharp_output_to_arp_index
                0x0800ae3c       0xd4 Middlewares\LwIP\core\ipv4\etharp.o
 .text.etharp_query
                0x0800af10      0x1bc Middlewares\LwIP\core\ipv4\etharp.o
                0x0800af10                etharp_query
 .text.etharp_output
                0x0800b0cc      0x178 Middlewares\LwIP\core\ipv4\etharp.o
                0x0800b0cc                etharp_output
 .text.icmp_send_response
                0x0800b244       0xbc Middlewares\LwIP\core\ipv4\icmp.o
 .text.icmp_input
                0x0800b300      0x180 Middlewares\LwIP\core\ipv4\icmp.o
                0x0800b300                icmp_input
 .text.icmp_dest_unreach
                0x0800b480        0xc Middlewares\LwIP\core\ipv4\icmp.o
                0x0800b480                icmp_dest_unreach
 .text.icmp_time_exceeded
                0x0800b48c        0xc Middlewares\LwIP\core\ipv4\icmp.o
                0x0800b48c                icmp_time_exceeded
 .text.ip4_input_accept
                0x0800b498       0x38 Middlewares\LwIP\core\ipv4\ip4.o
 .text.ip4_route
                0x0800b4d0       0xb8 Middlewares\LwIP\core\ipv4\ip4.o
                0x0800b4d0                ip4_route
 .text.ip4_input
                0x0800b588      0x1d8 Middlewares\LwIP\core\ipv4\ip4.o
                0x0800b588                ip4_input
 .text.ip4_output_if_src
                0x0800b760      0x144 Middlewares\LwIP\core\ipv4\ip4.o
                0x0800b760                ip4_output_if_src
 .text.ip4_output_if
                0x0800b8a4       0x2a Middlewares\LwIP\core\ipv4\ip4.o
                0x0800b8a4                ip4_output_if
 .text.ip4_addr_isbroadcast_u32
                0x0800b8ce       0x40 Middlewares\LwIP\core\ipv4\ip4_addr.o
                0x0800b8ce                ip4_addr_isbroadcast_u32
 *fill*         0x0800b90e        0x2 
 .text.ip_reass_dequeue_datagram
                0x0800b910       0x48 Middlewares\LwIP\core\ipv4\ip4_frag.o
 .text.ip_reass_free_complete_datagram
                0x0800b958      0x10c Middlewares\LwIP\core\ipv4\ip4_frag.o
 .text.ip_reass_remove_oldest_datagram
                0x0800ba64       0x7c Middlewares\LwIP\core\ipv4\ip4_frag.o
 .text.ip_frag_free_pbuf_custom_ref
                0x0800bae0       0x2c Middlewares\LwIP\core\ipv4\ip4_frag.o
 .text.ipfrag_free_pbuf_custom
                0x0800bb0c       0x34 Middlewares\LwIP\core\ipv4\ip4_frag.o
 .text.ip_reass_chain_frag_into_datagram_and_validate
                0x0800bb40      0x1c0 Middlewares\LwIP\core\ipv4\ip4_frag.o
 .text.ip_frag_alloc_pbuf_custom_ref
                0x0800bd00        0xa Middlewares\LwIP\core\ipv4\ip4_frag.o
 *fill*         0x0800bd0a        0x2 
 .text.ip_reass_enqueue_new_datagram
                0x0800bd0c       0x60 Middlewares\LwIP\core\ipv4\ip4_frag.o
 .text.ip_reass_tmr
                0x0800bd6c       0x2c Middlewares\LwIP\core\ipv4\ip4_frag.o
                0x0800bd6c                ip_reass_tmr
 .text.ip4_reass
                0x0800bd98      0x228 Middlewares\LwIP\core\ipv4\ip4_frag.o
                0x0800bd98                ip4_reass
 .text.ip4_frag
                0x0800bfc0      0x200 Middlewares\LwIP\core\ipv4\ip4_frag.o
                0x0800bfc0                ip4_frag
 .text.ptr_to_mem
                0x0800c1c0        0xc Middlewares\LwIP\core\mem.o
 .text.mem_to_ptr
                0x0800c1cc       0x10 Middlewares\LwIP\core\mem.o
 .text.mem_link_valid
                0x0800c1dc       0x5c Middlewares\LwIP\core\mem.o
 .text.plug_holes
                0x0800c238      0x100 Middlewares\LwIP\core\mem.o
 .text.mem_init
                0x0800c338       0x68 Middlewares\LwIP\core\mem.o
                0x0800c338                mem_init
 .text.mem_free
                0x0800c3a0       0xf0 Middlewares\LwIP\core\mem.o
                0x0800c3a0                mem_free
 .text.mem_trim
                0x0800c490      0x1a8 Middlewares\LwIP\core\mem.o
                0x0800c490                mem_trim
 .text.mem_malloc
                0x0800c638      0x184 Middlewares\LwIP\core\mem.o
                0x0800c638                mem_malloc
 .text.do_memp_malloc_pool
                0x0800c7bc       0x48 Middlewares\LwIP\core\memp.o
 .text.do_memp_free_pool
                0x0800c804       0x3c Middlewares\LwIP\core\memp.o
 .text.memp_init_pool
                0x0800c840       0x28 Middlewares\LwIP\core\memp.o
                0x0800c840                memp_init_pool
 .text.memp_init
                0x0800c868       0x20 Middlewares\LwIP\core\memp.o
                0x0800c868                memp_init
 .text.memp_malloc
                0x0800c888       0x34 Middlewares\LwIP\core\memp.o
                0x0800c888                memp_malloc
 .text.memp_free
                0x0800c8bc       0x34 Middlewares\LwIP\core\memp.o
                0x0800c8bc                memp_free
 .text.netif_do_set_netmask
                0x0800c8f0       0x18 Middlewares\LwIP\core\netif.o
 .text.netif_do_set_gw
                0x0800c908       0x18 Middlewares\LwIP\core\netif.o
 .text.netif_null_output_ip4
                0x0800c920        0x6 Middlewares\LwIP\core\netif.o
 .text.netif_do_ip_addr_changed
                0x0800c926       0x14 Middlewares\LwIP\core\netif.o
 *fill*         0x0800c93a        0x2 
 .text.netif_issue_reports
                0x0800c93c       0x50 Middlewares\LwIP\core\netif.o
 .text.netif_do_set_ipaddr
                0x0800c98c       0x6c Middlewares\LwIP\core\netif.o
 .text.netif_init
                0x0800c9f8        0x2 Middlewares\LwIP\core\netif.o
                0x0800c9f8                netif_init
 *fill*         0x0800c9fa        0x2 
 .text.netif_set_addr
                0x0800c9fc       0x6c Middlewares\LwIP\core\netif.o
                0x0800c9fc                netif_set_addr
 .text.netif_add
                0x0800ca68      0x124 Middlewares\LwIP\core\netif.o
                0x0800ca68                netif_add
 .text.netif_set_default
                0x0800cb8c        0xc Middlewares\LwIP\core\netif.o
                0x0800cb8c                netif_set_default
 .text.netif_set_up
                0x0800cb98       0x3c Middlewares\LwIP\core\netif.o
                0x0800cb98                netif_set_up
 .text.netif_set_down
                0x0800cbd4       0x40 Middlewares\LwIP\core\netif.o
                0x0800cbd4                netif_set_down
 .text.netif_set_link_up
                0x0800cc14       0x50 Middlewares\LwIP\core\netif.o
                0x0800cc14                netif_set_link_up
 .text.netif_set_link_down
                0x0800cc64       0x3c Middlewares\LwIP\core\netif.o
                0x0800cc64                netif_set_link_down
 .text.netif_get_by_index
                0x0800cca0       0x24 Middlewares\LwIP\core\netif.o
                0x0800cca0                netif_get_by_index
 .text.pbuf_init_alloced_pbuf
                0x0800ccc4       0x24 Middlewares\LwIP\core\pbuf.o
 .text.pbuf_skip_const
                0x0800cce8       0x16 Middlewares\LwIP\core\pbuf.o
 *fill*         0x0800ccfe        0x2 
 .text.pbuf_add_header_impl
                0x0800cd00       0x7c Middlewares\LwIP\core\pbuf.o
 .text.pbuf_alloc_reference
                0x0800cd7c       0x4c Middlewares\LwIP\core\pbuf.o
                0x0800cd7c                pbuf_alloc_reference
 .text.pbuf_alloced_custom
                0x0800cdc8       0x3a Middlewares\LwIP\core\pbuf.o
                0x0800cdc8                pbuf_alloced_custom
 .text.pbuf_add_header
                0x0800ce02        0xa Middlewares\LwIP\core\pbuf.o
                0x0800ce02                pbuf_add_header
 .text.pbuf_remove_header
                0x0800ce0c       0x6c Middlewares\LwIP\core\pbuf.o
                0x0800ce0c                pbuf_remove_header
 .text.pbuf_header_impl
                0x0800ce78       0x14 Middlewares\LwIP\core\pbuf.o
 .text.pbuf_header_force
                0x0800ce8c        0xa Middlewares\LwIP\core\pbuf.o
                0x0800ce8c                pbuf_header_force
 *fill*         0x0800ce96        0x2 
 .text.pbuf_free
                0x0800ce98       0xd4 Middlewares\LwIP\core\pbuf.o
                0x0800ce98                pbuf_free
 .text.pbuf_alloc
                0x0800cf6c      0x158 Middlewares\LwIP\core\pbuf.o
                0x0800cf6c                pbuf_alloc
 .text.pbuf_realloc
                0x0800d0c4       0xa8 Middlewares\LwIP\core\pbuf.o
                0x0800d0c4                pbuf_realloc
 .text.pbuf_clen
                0x0800d16c       0x12 Middlewares\LwIP\core\pbuf.o
                0x0800d16c                pbuf_clen
 *fill*         0x0800d17e        0x2 
 .text.pbuf_ref
                0x0800d180       0x38 Middlewares\LwIP\core\pbuf.o
                0x0800d180                pbuf_ref
 .text.pbuf_cat
                0x0800d1b8       0x74 Middlewares\LwIP\core\pbuf.o
                0x0800d1b8                pbuf_cat
 .text.pbuf_chain
                0x0800d22c       0x10 Middlewares\LwIP\core\pbuf.o
                0x0800d22c                pbuf_chain
 .text.pbuf_copy
                0x0800d23c      0x12c Middlewares\LwIP\core\pbuf.o
                0x0800d23c                pbuf_copy
 .text.pbuf_copy_partial
                0x0800d368       0x8c Middlewares\LwIP\core\pbuf.o
                0x0800d368                pbuf_copy_partial
 .text.pbuf_skip
                0x0800d3f4        0x8 Middlewares\LwIP\core\pbuf.o
                0x0800d3f4                pbuf_skip
 .text.pbuf_clone
                0x0800d3fc       0x38 Middlewares\LwIP\core\pbuf.o
                0x0800d3fc                pbuf_clone
 .text.pbuf_try_get_at
                0x0800d434       0x2e Middlewares\LwIP\core\pbuf.o
                0x0800d434                pbuf_try_get_at
 .text.pbuf_get_at
                0x0800d462       0x12 Middlewares\LwIP\core\pbuf.o
                0x0800d462                pbuf_get_at
 .text.pbuf_put_at
                0x0800d474       0x22 Middlewares\LwIP\core\pbuf.o
                0x0800d474                pbuf_put_at
 .text.pbuf_memcmp
                0x0800d496       0x6c Middlewares\LwIP\core\pbuf.o
                0x0800d496                pbuf_memcmp
 *fill*         0x0800d502        0x2 
 .text.tcp_new_port
                0x0800d504       0x68 Middlewares\LwIP\core\tcp.o
 .text.tcp_remove_listener
                0x0800d56c       0x34 Middlewares\LwIP\core\tcp.o
 .text.tcp_listen_closed
                0x0800d5a0       0x58 Middlewares\LwIP\core\tcp.o
 .text.tcp_free_listen
                0x0800d5f8       0x30 Middlewares\LwIP\core\tcp.o
 .text.tcp_close_shutdown_fin
                0x0800d628       0x88 Middlewares\LwIP\core\tcp.o
 .text.tcp_handle_closepend
                0x0800d6b0       0x2c Middlewares\LwIP\core\tcp.o
 .text.tcp_init
                0x0800d6dc       0x18 Middlewares\LwIP\core\tcp.o
                0x0800d6dc                tcp_init
 .text.tcp_free
                0x0800d6f4       0x30 Middlewares\LwIP\core\tcp.o
                0x0800d6f4                tcp_free
 .text.tcp_bind
                0x0800d724       0xcc Middlewares\LwIP\core\tcp.o
                0x0800d724                tcp_bind
 .text.tcp_listen_with_backlog_and_err
                0x0800d7f0       0xe0 Middlewares\LwIP\core\tcp.o
                0x0800d7f0                tcp_listen_with_backlog_and_err
 .text.tcp_listen_with_backlog
                0x0800d8d0        0xa Middlewares\LwIP\core\tcp.o
                0x0800d8d0                tcp_listen_with_backlog
 *fill*         0x0800d8da        0x2 
 .text.tcp_update_rcv_ann_wnd
                0x0800d8dc       0x74 Middlewares\LwIP\core\tcp.o
                0x0800d8dc                tcp_update_rcv_ann_wnd
 .text.tcp_recved
                0x0800d950       0x7c Middlewares\LwIP\core\tcp.o
                0x0800d950                tcp_recved
 .text.tcp_seg_free
                0x0800d9cc       0x1a Middlewares\LwIP\core\tcp.o
                0x0800d9cc                tcp_seg_free
 .text.tcp_segs_free
                0x0800d9e6       0x14 Middlewares\LwIP\core\tcp.o
                0x0800d9e6                tcp_segs_free
 *fill*         0x0800d9fa        0x2 
 .text.tcp_setprio
                0x0800d9fc       0x24 Middlewares\LwIP\core\tcp.o
                0x0800d9fc                tcp_setprio
 .text.tcp_arg  0x0800da20        0x6 Middlewares\LwIP\core\tcp.o
                0x0800da20                tcp_arg
 *fill*         0x0800da26        0x2 
 .text.tcp_recv
                0x0800da28       0x34 Middlewares\LwIP\core\tcp.o
                0x0800da28                tcp_recv
 .text.tcp_sent
                0x0800da5c       0x30 Middlewares\LwIP\core\tcp.o
                0x0800da5c                tcp_sent
 .text.tcp_err  0x0800da8c       0x34 Middlewares\LwIP\core\tcp.o
                0x0800da8c                tcp_err
 .text.tcp_accept
                0x0800dac0        0xe Middlewares\LwIP\core\tcp.o
                0x0800dac0                tcp_accept
 *fill*         0x0800dace        0x2 
 .text.tcp_poll
                0x0800dad0       0x48 Middlewares\LwIP\core\tcp.o
                0x0800dad0                tcp_poll
 .text.tcp_pcb_purge
                0x0800db18       0x58 Middlewares\LwIP\core\tcp.o
                0x0800db18                tcp_pcb_purge
 .text.tcp_slowtmr
                0x0800db70      0x484 Middlewares\LwIP\core\tcp.o
                0x0800db70                tcp_slowtmr
 .text.tcp_pcb_remove
                0x0800dff4       0xbc Middlewares\LwIP\core\tcp.o
                0x0800dff4                tcp_pcb_remove
 .text.tcp_close_shutdown
                0x0800e0b0      0x150 Middlewares\LwIP\core\tcp.o
 .text.tcp_close
                0x0800e200       0x40 Middlewares\LwIP\core\tcp.o
                0x0800e200                tcp_close
 .text.tcp_recv_null
                0x0800e240       0x48 Middlewares\LwIP\core\tcp.o
                0x0800e240                tcp_recv_null
 .text.tcp_process_refused_data
                0x0800e288       0x94 Middlewares\LwIP\core\tcp.o
                0x0800e288                tcp_process_refused_data
 .text.tcp_fasttmr
                0x0800e31c       0x80 Middlewares\LwIP\core\tcp.o
                0x0800e31c                tcp_fasttmr
 .text.tcp_tmr  0x0800e39c       0x24 Middlewares\LwIP\core\tcp.o
                0x0800e39c                tcp_tmr
 .text.tcp_abandon
                0x0800e3c0      0x104 Middlewares\LwIP\core\tcp.o
                0x0800e3c0                tcp_abandon
 .text.tcp_abort
                0x0800e4c4        0xa Middlewares\LwIP\core\tcp.o
                0x0800e4c4                tcp_abort
 *fill*         0x0800e4ce        0x2 
 .text.tcp_accept_null
                0x0800e4d0       0x30 Middlewares\LwIP\core\tcp.o
 .text.tcp_kill_timewait
                0x0800e500       0x34 Middlewares\LwIP\core\tcp.o
 .text.tcp_kill_prio
                0x0800e534       0x50 Middlewares\LwIP\core\tcp.o
 .text.tcp_netif_ip_addr_changed_pcblist
                0x0800e584       0x40 Middlewares\LwIP\core\tcp.o
 .text.tcp_kill_state
                0x0800e5c4       0x60 Middlewares\LwIP\core\tcp.o
 .text.tcp_alloc
                0x0800e624       0xc4 Middlewares\LwIP\core\tcp.o
                0x0800e624                tcp_alloc
 .text.tcp_new_ip_type
                0x0800e6e8        0xa Middlewares\LwIP\core\tcp.o
                0x0800e6e8                tcp_new_ip_type
 *fill*         0x0800e6f2        0x2 
 .text.tcp_next_iss
                0x0800e6f4       0x38 Middlewares\LwIP\core\tcp.o
                0x0800e6f4                tcp_next_iss
 .text.tcp_eff_send_mss_netif
                0x0800e72c       0x48 Middlewares\LwIP\core\tcp.o
                0x0800e72c                tcp_eff_send_mss_netif
 .text.tcp_connect
                0x0800e774      0x150 Middlewares\LwIP\core\tcp.o
                0x0800e774                tcp_connect
 .text.tcp_netif_ip_addr_changed
                0x0800e8c4       0x54 Middlewares\LwIP\core\tcp.o
                0x0800e8c4                tcp_netif_ip_addr_changed
 .text.tcp_get_next_optbyte
                0x0800e918       0x3c Middlewares\LwIP\core\tcp_in.o
 .text.tcp_parseopt
                0x0800e954       0xa8 Middlewares\LwIP\core\tcp_in.o
 .text.tcp_input_delayed_close
                0x0800e9fc       0x60 Middlewares\LwIP\core\tcp_in.o
 .text.tcp_timewait_input
                0x0800ea5c       0xb4 Middlewares\LwIP\core\tcp_in.o
 .text.tcp_listen_input
                0x0800eb10      0x148 Middlewares\LwIP\core\tcp_in.o
 .text.tcp_free_acked_segments
                0x0800ec58       0xc0 Middlewares\LwIP\core\tcp_in.o
 .text.tcp_receive
                0x0800ed18      0x58c Middlewares\LwIP\core\tcp_in.o
 .text.tcp_process
                0x0800f2a4      0x59c Middlewares\LwIP\core\tcp_in.o
 .text.tcp_input
                0x0800f840      0x5ac Middlewares\LwIP\core\tcp_in.o
                0x0800f840                tcp_input
 .text.tcp_trigger_input_pcb_close
                0x0800fdec       0x10 Middlewares\LwIP\core\tcp_in.o
                0x0800fdec                tcp_trigger_input_pcb_close
 .text.tcp_write_checks
                0x0800fdfc       0xbc Middlewares\LwIP\core\tcp_out.o
 .text.tcp_output_segment_busy
                0x0800feb8       0x34 Middlewares\LwIP\core\tcp_out.o
 .text.tcp_output_fill_options
                0x0800feec       0x54 Middlewares\LwIP\core\tcp_out.o
 .text.tcp_pbuf_prealloc
                0x0800ff40       0xb8 Middlewares\LwIP\core\tcp_out.o
 .text.tcp_create_segment
                0x0800fff8       0xf0 Middlewares\LwIP\core\tcp_out.o
 .text.tcp_output_alloc_header_common
                0x080100e8       0x98 Middlewares\LwIP\core\tcp_out.o
 .text.tcp_output_alloc_header
                0x08010180       0x58 Middlewares\LwIP\core\tcp_out.o
 .text.tcp_route
                0x080101d8       0x16 Middlewares\LwIP\core\tcp_out.o
 *fill*         0x080101ee        0x2 
 .text.tcp_output_segment
                0x080101f0      0x15c Middlewares\LwIP\core\tcp_out.o
 .text.tcp_output_control_segment
                0x0801034c       0x88 Middlewares\LwIP\core\tcp_out.o
 .text.tcp_write
                0x080103d4      0x550 Middlewares\LwIP\core\tcp_out.o
                0x080103d4                tcp_write
 .text.tcp_split_unsent_seg
                0x08010924      0x1d8 Middlewares\LwIP\core\tcp_out.o
                0x08010924                tcp_split_unsent_seg
 .text.tcp_enqueue_flags
                0x08010afc      0x168 Middlewares\LwIP\core\tcp_out.o
                0x08010afc                tcp_enqueue_flags
 .text.tcp_send_fin
                0x08010c64       0x64 Middlewares\LwIP\core\tcp_out.o
                0x08010c64                tcp_send_fin
 .text.tcp_rexmit_rto_prepare
                0x08010cc8       0x94 Middlewares\LwIP\core\tcp_out.o
                0x08010cc8                tcp_rexmit_rto_prepare
 .text.tcp_rexmit
                0x08010d5c       0x8c Middlewares\LwIP\core\tcp_out.o
                0x08010d5c                tcp_rexmit
 .text.tcp_rexmit_fast
                0x08010de8       0x7c Middlewares\LwIP\core\tcp_out.o
                0x08010de8                tcp_rexmit_fast
 .text.tcp_rst  0x08010e64       0x90 Middlewares\LwIP\core\tcp_out.o
                0x08010e64                tcp_rst
 .text.tcp_send_empty_ack
                0x08010ef4       0x78 Middlewares\LwIP\core\tcp_out.o
                0x08010ef4                tcp_send_empty_ack
 .text.tcp_output
                0x08010f6c      0x2d0 Middlewares\LwIP\core\tcp_out.o
                0x08010f6c                tcp_output
 .text.tcp_rexmit_rto_commit
                0x0801123c       0x38 Middlewares\LwIP\core\tcp_out.o
                0x0801123c                tcp_rexmit_rto_commit
 .text.tcp_rexmit_rto
                0x08011274       0x34 Middlewares\LwIP\core\tcp_out.o
                0x08011274                tcp_rexmit_rto
 .text.tcp_keepalive
                0x080112a8       0x5c Middlewares\LwIP\core\tcp_out.o
                0x080112a8                tcp_keepalive
 .text.tcp_zero_window_probe
                0x08011304       0xe0 Middlewares\LwIP\core\tcp_out.o
                0x08011304                tcp_zero_window_probe
 .text.sys_timeout_abs
                0x080113e4       0x70 Middlewares\LwIP\core\timeouts.o
 .text.lwip_cyclic_timer
                0x08011454       0x3c Middlewares\LwIP\core\timeouts.o
 .text.sys_timeout
                0x08011490       0x3c Middlewares\LwIP\core\timeouts.o
                0x08011490                sys_timeout
 .text.tcp_timer_needed
                0x080114cc       0x3c Middlewares\LwIP\core\timeouts.o
                0x080114cc                tcp_timer_needed
 .text.tcpip_tcp_timer
                0x08011508       0x38 Middlewares\LwIP\core\timeouts.o
 .text.sys_timeouts_init
                0x08011540       0x28 Middlewares\LwIP\core\timeouts.o
                0x08011540                sys_timeouts_init
 .text.sys_check_timeouts
                0x08011568       0x40 Middlewares\LwIP\core\timeouts.o
                0x08011568                sys_check_timeouts
 .text.sys_timeouts_sleeptime
                0x080115a8       0x24 Middlewares\LwIP\core\timeouts.o
                0x080115a8                sys_timeouts_sleeptime
 .text.udp_new_port
                0x080115cc       0x4c Middlewares\LwIP\core\udp.o
 .text.udp_input_local_match
                0x08011618       0xa0 Middlewares\LwIP\core\udp.o
 .text.udp_init
                0x080116b8       0x18 Middlewares\LwIP\core\udp.o
                0x080116b8                udp_init
 .text.udp_input
                0x080116d0      0x1b4 Middlewares\LwIP\core\udp.o
                0x080116d0                udp_input
 .text.udp_bind
                0x08011884       0xbc Middlewares\LwIP\core\udp.o
                0x08011884                udp_bind
 .text.udp_sendto_if_src
                0x08011940      0x19c Middlewares\LwIP\core\udp.o
                0x08011940                udp_sendto_if_src
 .text.udp_sendto_if
                0x08011adc       0xa8 Middlewares\LwIP\core\udp.o
                0x08011adc                udp_sendto_if
 .text.udp_sendto
                0x08011b84       0x8c Middlewares\LwIP\core\udp.o
                0x08011b84                udp_sendto
 .text.udp_connect
                0x08011c10       0x88 Middlewares\LwIP\core\udp.o
                0x08011c10                udp_connect
 .text.udp_disconnect
                0x08011c98       0x34 Middlewares\LwIP\core\udp.o
                0x08011c98                udp_disconnect
 .text.udp_recv
                0x08011ccc       0x28 Middlewares\LwIP\core\udp.o
                0x08011ccc                udp_recv
 .text.udp_remove
                0x08011cf4       0x54 Middlewares\LwIP\core\udp.o
                0x08011cf4                udp_remove
 .text.udp_new  0x08011d48       0x1c Middlewares\LwIP\core\udp.o
                0x08011d48                udp_new
 .text.udp_netif_ip_addr_changed
                0x08011d64       0x34 Middlewares\LwIP\core\udp.o
                0x08011d64                udp_netif_ip_addr_changed
 .text.ethernet_input
                0x08011d98       0xa8 Middlewares\LwIP\netif\ethernet.o
                0x08011d98                ethernet_input
 .text.ethernet_output
                0x08011e40       0x70 Middlewares\LwIP\netif\ethernet.o
                0x08011e40                ethernet_output
 .text.sys_mbox_new
                0x08011eb0       0x24 Middlewares\LwIP\netif\sys_arch.o
                0x08011eb0                sys_mbox_new
 .text.sys_mbox_post
                0x08011ed4       0x18 Middlewares\LwIP\netif\sys_arch.o
                0x08011ed4                sys_mbox_post
 .text.sys_mbox_trypost
                0x08011eec       0x14 Middlewares\LwIP\netif\sys_arch.o
                0x08011eec                sys_mbox_trypost
 .text.sys_arch_mbox_fetch
                0x08011f00       0x58 Middlewares\LwIP\netif\sys_arch.o
                0x08011f00                sys_arch_mbox_fetch
 .text.sys_mbox_valid
                0x08011f58        0xc Middlewares\LwIP\netif\sys_arch.o
                0x08011f58                sys_mbox_valid
 .text.sys_init
                0x08011f64       0x18 Middlewares\LwIP\netif\sys_arch.o
                0x08011f64                sys_init
 .text.sys_mutex_new
                0x08011f7c       0x22 Middlewares\LwIP\netif\sys_arch.o
                0x08011f7c                sys_mutex_new
 .text.sys_mutex_lock
                0x08011f9e        0xe Middlewares\LwIP\netif\sys_arch.o
                0x08011f9e                sys_mutex_lock
 .text.sys_mutex_unlock
                0x08011fac        0xa Middlewares\LwIP\netif\sys_arch.o
                0x08011fac                sys_mutex_unlock
 .text.sys_thread_new
                0x08011fb6       0x24 Middlewares\LwIP\netif\sys_arch.o
                0x08011fb6                sys_thread_new
 *fill*         0x08011fda        0x2 
 .text.sys_arch_protect
                0x08011fdc       0x18 Middlewares\LwIP\netif\sys_arch.o
                0x08011fdc                sys_arch_protect
 .text.sys_arch_unprotect
                0x08011ff4       0x10 Middlewares\LwIP\netif\sys_arch.o
                0x08011ff4                sys_arch_unprotect
 .text._write   0x08012004       0x1c syscalls.o
                0x08012004                _write
 .text._sbrk    0x08012020       0x44 syscalls.o
                0x08012020                _sbrk
 .text._close   0x08012064        0x6 syscalls.o
                0x08012064                _close
 .text._fstat   0x0801206a        0xa syscalls.o
                0x0801206a                _fstat
 .text._isatty  0x08012074        0x4 syscalls.o
                0x08012074                _isatty
 .text._lseek   0x08012078        0x4 syscalls.o
                0x08012078                _lseek
 .text._read    0x0801207c        0x4 syscalls.o
                0x0801207c                _read
 .text.__libc_init_array
                0x08012080       0x48 c:/program files (x86)/atollic/truestudio for stm32 9.0.1/armtools/bin/../lib/gcc/arm-atollic-eabi/6.3.1/../../../../arm-atollic-eabi/lib/armv7e-m/fpu\libc_nano.a(lib_a-init.o)
                0x08012080                __libc_init_array
 .text.__locale_ctype_ptr_l
                0x080120c8        0x6 c:/program files (x86)/atollic/truestudio for stm32 9.0.1/armtools/bin/../lib/gcc/arm-atollic-eabi/6.3.1/../../../../arm-atollic-eabi/lib/armv7e-m/fpu\libc_nano.a(lib_a-locale.o)
                0x080120c8                __locale_ctype_ptr_l
 .text.__ascii_mbtowc