lwiperf.c:185:1:lwiperf_list_add	0	static
lwiperf.c:214:1:lwiperf_list_find	0	static
lwiperf.c:193:1:lwiperf_list_remove	16	static
lwiperf.c:682:14:lwiperf_start_tcp_server_impl	32	static
lwiperf.c:227:1:lwip_tcp_conn_report	48	static
lwiperf.c:247:1:lwiperf_tcp_close	16	static
lwiperf.c:590:1:lwiperf_tcp_accept	24	static
lwiperf.c:562:1:lwiperf_tcp_err	8	static
lwiperf.c:274:1:lwiperf_tcp_client_send_more	24	static
lwiperf.c:352:1:lwiperf_tcp_client_sent	8	static
lwiperf.c:571:1:lwiperf_tcp_poll	8	static
lwiperf.c:385:1:lwiperf_tx_start_impl	48	static
lwiperf.c:437:1:lwiperf_tx_start_passive	40	static
lwiperf.c:454:1:lwiperf_tcp_recv	24	static
lwiperf.c:367:1:lwiperf_tcp_client_connected	16	static
lwiperf.c:668:1:lwiperf_start_tcp_server	32	static
lwiperf.c:653:1:lwiperf_start_tcp_server_default	8	static
lwiperf.c:818:1:lwiperf_abort	16	static
lwiperf.c:756:7:lwiperf_start_tcp_client	72	static
lwiperf.c:742:7:lwiperf_start_tcp_client_default	16	static
