httpd.c:2638:1:httpd_init_pcb	16	static
httpd.c:948:1:get_http_content_length	16	static
httpd.c:533:1:http_write	24	static
httpd.c:1192:1:http_send_data_nonssi	16	static
httpd.c:759:1:get_tag_insert	24	static
httpd.c:1219:1:http_send_data_ssi	32	static
httpd.c:435:1:http_ssi_state_free	8	static
httpd.c:478:1:http_state_eof	8	static
httpd.c:514:1:http_state_free	8	static
httpd.c:596:1:http_close_or_abort_conn	16	static
httpd.c:646:1:http_close_conn	8	static
httpd.c:655:1:http_eof	8	static
httpd.c:1093:1:http_check_eof	16	static
httpd.c:998:1:http_send_headers	48	static
httpd.c:1559:1:http_send	16	static
httpd.c:2441:1:http_sent	8	static
httpd.c:2424:1:http_err	8	static
httpd.c:2468:1:http_poll	8	static
httpd.c:1673:1:http_get_404_file	16	static
httpd.c:688:1:extract_uri_parameters	24	static
httpd.c:2133:1:http_uri_is_ssi	16	static
httpd.c:418:1:http_ssi_state_alloc	8	static
httpd.c:446:1:http_state_init	8	static
httpd.c:458:1:http_state_alloc	8	static
httpd.c:2601:1:http_accept	16	static
httpd.c:842:1:get_http_headers	24	static
httpd.c:2305:1:http_init_file	24	static
httpd.c:2176:1:http_find_file	56	static
httpd.c:1952:1:http_parse_request	32	static
httpd.c:2516:1:http_recv	24	static
httpd.c:2659:1:httpd_init	8	static
httpd.c:2707:1:http_set_ssi_handler	16	static
httpd.c:2736:1:http_set_cgi_handlers	16	static
