stm32f4xx_ll_sdmmc.c:1149:17:SDMMC_GetCmdError	0	static
stm32f4xx_ll_sdmmc.c:1305:17:SDMMC_GetCmdResp2	0	static
stm32f4xx_ll_sdmmc.c:1347:17:SDMMC_GetCmdResp3	0	static
stm32f4xx_ll_sdmmc.c:1453:17:SDMMC_GetCmdResp7	0	static
stm32f4xx_ll_sdmmc.c:232:19:SDIO_Init	4	static
stm32f4xx_ll_sdmmc.c:285:10:SDIO_ReadFIFO	0	static
stm32f4xx_ll_sdmmc.c:297:19:SDIO_WriteFIFO	0	static
stm32f4xx_ll_sdmmc.c:329:19:SDIO_PowerState_ON	0	static
stm32f4xx_ll_sdmmc.c:342:19:SDIO_PowerState_OFF	0	static
stm32f4xx_ll_sdmmc.c:359:10:SDIO_GetPowerState	0	static
stm32f4xx_ll_sdmmc.c:372:19:SDIO_SendCommand	0	static
stm32f4xx_ll_sdmmc.c:402:9:SDIO_GetCommandResponse	0	static
stm32f4xx_ll_sdmmc.c:419:10:SDIO_GetResponse	8	static
stm32f4xx_ll_sdmmc.c:1176:17:SDMMC_GetCmdResp1	16	static
stm32f4xx_ll_sdmmc.c:1386:17:SDMMC_GetCmdResp6	16	static
stm32f4xx_ll_sdmmc.c:440:19:SDIO_ConfigData	0	static
stm32f4xx_ll_sdmmc.c:475:10:SDIO_GetDataCounter	0	static
stm32f4xx_ll_sdmmc.c:485:10:SDIO_GetFIFOCount	0	static
stm32f4xx_ll_sdmmc.c:499:19:SDIO_SetSDMMCReadWaitMode	0	static
stm32f4xx_ll_sdmmc.c:534:10:SDMMC_CmdBlockLength	40	static
stm32f4xx_ll_sdmmc.c:558:10:SDMMC_CmdReadSingleBlock	40	static
stm32f4xx_ll_sdmmc.c:582:10:SDMMC_CmdReadMultiBlock	40	static
stm32f4xx_ll_sdmmc.c:606:10:SDMMC_CmdWriteSingleBlock	40	static
stm32f4xx_ll_sdmmc.c:630:10:SDMMC_CmdWriteMultiBlock	40	static
stm32f4xx_ll_sdmmc.c:654:10:SDMMC_CmdSDEraseStartAdd	40	static
stm32f4xx_ll_sdmmc.c:678:10:SDMMC_CmdSDEraseEndAdd	40	static
stm32f4xx_ll_sdmmc.c:702:10:SDMMC_CmdEraseStartAdd	40	static
stm32f4xx_ll_sdmmc.c:726:10:SDMMC_CmdEraseEndAdd	40	static
stm32f4xx_ll_sdmmc.c:750:10:SDMMC_CmdErase	40	static
stm32f4xx_ll_sdmmc.c:774:10:SDMMC_CmdStopTransfer	40	static
stm32f4xx_ll_sdmmc.c:799:10:SDMMC_CmdSelDesel	40	static
stm32f4xx_ll_sdmmc.c:823:10:SDMMC_CmdGoIdleState	32	static
stm32f4xx_ll_sdmmc.c:846:10:SDMMC_CmdOperCond	32	static
stm32f4xx_ll_sdmmc.c:876:10:SDMMC_CmdAppCommand	40	static
stm32f4xx_ll_sdmmc.c:903:10:SDMMC_CmdAppOperCommand	32	static
stm32f4xx_ll_sdmmc.c:926:10:SDMMC_CmdBusWidth	40	static
stm32f4xx_ll_sdmmc.c:949:10:SDMMC_CmdSendSCR	40	static
stm32f4xx_ll_sdmmc.c:973:10:SDMMC_CmdSendCID	32	static
stm32f4xx_ll_sdmmc.c:997:10:SDMMC_CmdSendCSD	32	static
stm32f4xx_ll_sdmmc.c:1021:10:SDMMC_CmdSetRelAdd	40	static
stm32f4xx_ll_sdmmc.c:1045:10:SDMMC_CmdSendStatus	40	static
stm32f4xx_ll_sdmmc.c:1068:10:SDMMC_CmdStatusRegister	40	static
stm32f4xx_ll_sdmmc.c:1093:10:SDMMC_CmdOpCondition	32	static
stm32f4xx_ll_sdmmc.c:1117:10:SDMMC_CmdSwitch	40	static
