stm32f4xx_ll_usb.c:103:19:USB_CoreInit	8	static
stm32f4xx_ll_usb.c:149:19:USB_EnableGlobalInt	0	static
stm32f4xx_ll_usb.c:162:19:USB_DisableGlobalInt	0	static
stm32f4xx_ll_usb.c:178:19:USB_SetCurrentMode	8	static
stm32f4xx_ll_usb.c:203:19:USB_DevInit	24	static
stm32f4xx_ll_usb.c:349:19:USB_FlushTxFifo	0	static
stm32f4xx_ll_usb.c:373:19:USB_FlushRxFifo	0	static
stm32f4xx_ll_usb.c:403:19:USB_SetDevSpeed	0	static
stm32f4xx_ll_usb.c:418:9:USB_GetDevSpeed	0	static
stm32f4xx_ll_usb.c:445:19:USB_ActivateEndpoint	8	static
stm32f4xx_ll_usb.c:475:19:USB_ActivateDedicatedEndpoint	12	static
stm32f4xx_ll_usb.c:518:19:USB_DeactivateEndpoint	16	static
stm32f4xx_ll_usb.c:589:19:USB_DeactivateDedicatedEndpoint	16	static
stm32f4xx_ll_usb.c:665:19:USB_EPStartXfer	24	static
stm32f4xx_ll_usb.c:787:19:USB_EP0StartXfer	8	static
stm32f4xx_ll_usb.c:877:19:USB_WritePacket	12	static
stm32f4xx_ll_usb.c:905:7:USB_ReadPacket	4	static
stm32f4xx_ll_usb.c:924:19:USB_EPSetStall	0	static
stm32f4xx_ll_usb.c:952:19:USB_EPClearStall	0	static
stm32f4xx_ll_usb.c:978:19:USB_StopDevice	16	static
stm32f4xx_ll_usb.c:1009:20:USB_SetDevAddress	0	static
stm32f4xx_ll_usb.c:1022:20:USB_DevConnect	8	static
stm32f4xx_ll_usb.c:1035:20:USB_DevDisconnect	8	static
stm32f4xx_ll_usb.c:1048:11:USB_ReadInterrupts	0	static
stm32f4xx_ll_usb.c:1062:10:USB_ReadDevAllOutEpInterrupt	0	static
stm32f4xx_ll_usb.c:1075:10:USB_ReadDevAllInEpInterrupt	0	static
stm32f4xx_ll_usb.c:1090:10:USB_ReadDevOutEPInterrupt	0	static
stm32f4xx_ll_usb.c:1105:10:USB_ReadDevInEPInterrupt	0	static
stm32f4xx_ll_usb.c:1122:7:USB_ClearInterrupts	0	static
stm32f4xx_ll_usb.c:1135:10:USB_GetMode	0	static
stm32f4xx_ll_usb.c:1146:20:USB_ActivateSetup	0	static
stm32f4xx_ll_usb.c:1171:19:USB_EP0_OutStart	4	static
stm32f4xx_ll_usb.c:1194:26:USB_CoreReset	0	static
stm32f4xx_ll_usb.c:1233:19:USB_HostInit	16	static
stm32f4xx_ll_usb.c:1322:19:USB_InitFSLSPClkSel	4	static
stm32f4xx_ll_usb.c:1345:19:USB_ResetPort	16	static
stm32f4xx_ll_usb.c:1368:19:USB_DriveVbus	8	static
stm32f4xx_ll_usb.c:1396:10:USB_GetHostSpeed	8	static
stm32f4xx_ll_usb.c:1409:10:USB_GetCurrentFrame	0	static
stm32f4xx_ll_usb.c:1438:19:USB_HC_Init	20	static
stm32f4xx_ll_usb.c:1543:19:USB_HC_StartXfer	48	static
stm32f4xx_ll_usb.c:1654:10:USB_HC_ReadInterrupt	16	static
stm32f4xx_ll_usb.c:1666:19:USB_HC_Halt	24	static
stm32f4xx_ll_usb.c:1727:19:USB_DoPing	24	static
stm32f4xx_ll_usb.c:1749:19:USB_StopHost	32	static
