stm32f4xx_hal_pcd.c:1260:26:PCD_WriteEmptyTxFifo	40	static
stm32f4xx_hal_pcd.c:248:13:HAL_PCD_MspInit	0	static
stm32f4xx_hal_pcd.c:137:19:HAL_PCD_Init	64	static
stm32f4xx_hal_pcd.c:262:13:HAL_PCD_MspDeInit	0	static
stm32f4xx_hal_pcd.c:295:19:HAL_PCD_Start	8	static
stm32f4xx_hal_pcd.c:309:19:HAL_PCD_Stop	8	static
stm32f4xx_hal_pcd.c:222:19:HAL_PCD_DeInit	8	static
stm32f4xx_hal_pcd.c:722:14:HAL_PCD_DataOutStageCallback	0	static
stm32f4xx_hal_pcd.c:738:14:HAL_PCD_DataInStageCallback	0	static
stm32f4xx_hal_pcd.c:752:14:HAL_PCD_SetupStageCallback	0	static
stm32f4xx_hal_pcd.c:766:14:HAL_PCD_SOFCallback	0	static
stm32f4xx_hal_pcd.c:780:14:HAL_PCD_ResetCallback	0	static
stm32f4xx_hal_pcd.c:794:14:HAL_PCD_SuspendCallback	0	static
stm32f4xx_hal_pcd.c:808:14:HAL_PCD_ResumeCallback	0	static
stm32f4xx_hal_pcd.c:823:14:HAL_PCD_ISOOUTIncompleteCallback	0	static
stm32f4xx_hal_pcd.c:839:14:HAL_PCD_ISOINIncompleteCallback	0	static
stm32f4xx_hal_pcd.c:854:14:HAL_PCD_ConnectCallback	0	static
stm32f4xx_hal_pcd.c:868:14:HAL_PCD_DisconnectCallback	0	static
stm32f4xx_hal_pcd.c:324:6:HAL_PCD_IRQHandler	32	static
stm32f4xx_hal_pcd.c:901:19:HAL_PCD_DevConnect	8	static
stm32f4xx_hal_pcd.c:914:19:HAL_PCD_DevDisconnect	8	static
stm32f4xx_hal_pcd.c:928:19:HAL_PCD_SetAddress	8	static
stm32f4xx_hal_pcd.c:943:19:HAL_PCD_EP_Open	16	static
stm32f4xx_hal_pcd.c:985:19:HAL_PCD_EP_Close	8	static
stm32f4xx_hal_pcd.c:1016:19:HAL_PCD_EP_Receive	16	static
stm32f4xx_hal_pcd.c:1052:10:HAL_PCD_EP_GetRxCount	0	static
stm32f4xx_hal_pcd.c:1064:19:HAL_PCD_EP_Transmit	16	static
stm32f4xx_hal_pcd.c:1100:19:HAL_PCD_EP_SetStall	16	static
stm32f4xx_hal_pcd.c:1135:19:HAL_PCD_EP_ClrStall	8	static
stm32f4xx_hal_pcd.c:1165:19:HAL_PCD_EP_Flush	8	static
stm32f4xx_hal_pcd.c:1188:19:HAL_PCD_ActivateRemoteWakeup	0	static
stm32f4xx_hal_pcd.c:1205:19:HAL_PCD_DeActivateRemoteWakeup	0	static
stm32f4xx_hal_pcd.c:1237:18:HAL_PCD_GetState	0	static
