stm32f4xx_hal_rcc_ex.c:2181:19:HAL_RCCEx_PeriphCLKConfig	24	static
stm32f4xx_hal_rcc_ex.c:2404:6:HAL_RCCEx_GetPeriphCLKConfig	0	static
stm32f4xx_hal_rcc_ex.c:2445:10:HAL_RCCEx_GetPeriphCLKFreq	0	static
stm32f4xx_hal_rcc_ex.c:2809:19:HAL_RCCEx_EnablePLLI2S	16	static
stm32f4xx_hal_rcc_ex.c:2892:19:HAL_RCCEx_DisablePLLI2S	8	static
stm32f4xx_hal_rcc_ex.c:2922:19:HAL_RCCEx_EnablePLLSAI	16	static
stm32f4xx_hal_rcc_ex.c:2996:19:HAL_RCCEx_DisablePLLSAI	8	static
stm32f4xx_hal_rcc_ex.c:3149:19:HAL_RCC_DeInit	16	static
